ARM GAS  C:\Users\KHJTON~1\AppData\Local\Temp\ccTp3gNM.s 			page 1


   1              		.syntax unified
   2              		.cpu cortex-m3
   3              		.fpu softvfp
   4              		.eabi_attribute 20, 1
   5              		.eabi_attribute 21, 1
   6              		.eabi_attribute 23, 3
   7              		.eabi_attribute 24, 1
   8              		.eabi_attribute 25, 1
   9              		.eabi_attribute 26, 1
  10              		.eabi_attribute 30, 6
  11              		.eabi_attribute 34, 1
  12              		.eabi_attribute 18, 4
  13              		.thumb
  14              		.file	"CAN_1_INT.c"
  15              		.text
  16              	.Ltext0:
  17              		.cfi_sections	.debug_frame
  18              		.section	.text.CAN_1_MsgRXIsr,"ax",%progbits
  19              		.align	2
  20              		.global	CAN_1_MsgRXIsr
  21              		.thumb
  22              		.thumb_func
  23              		.type	CAN_1_MsgRXIsr, %function
  24              	CAN_1_MsgRXIsr:
  25              	.LFB0:
  26              		.file 1 ".\\Generated_Source\\PSoC5\\CAN_1_INT.c"
   1:.\Generated_Source\PSoC5/CAN_1_INT.c **** /*******************************************************************************
   2:.\Generated_Source\PSoC5/CAN_1_INT.c **** * File Name: CAN_1_INT.c
   3:.\Generated_Source\PSoC5/CAN_1_INT.c **** * Version 2.30
   4:.\Generated_Source\PSoC5/CAN_1_INT.c **** *
   5:.\Generated_Source\PSoC5/CAN_1_INT.c **** * Description:
   6:.\Generated_Source\PSoC5/CAN_1_INT.c **** *  This file contains the Interrupt Service Routine (ISR) for the CAN
   7:.\Generated_Source\PSoC5/CAN_1_INT.c **** *  Component. Interrupt handlers functions generate accordingly to PSoC Creator 
   8:.\Generated_Source\PSoC5/CAN_1_INT.c **** *  Customizer inputs.
   9:.\Generated_Source\PSoC5/CAN_1_INT.c **** *
  10:.\Generated_Source\PSoC5/CAN_1_INT.c **** * Note:
  11:.\Generated_Source\PSoC5/CAN_1_INT.c **** *  None
  12:.\Generated_Source\PSoC5/CAN_1_INT.c **** *
  13:.\Generated_Source\PSoC5/CAN_1_INT.c **** ********************************************************************************
  14:.\Generated_Source\PSoC5/CAN_1_INT.c **** * Copyright 2008-2012, Cypress Semiconductor Corporation.  All rights reserved.
  15:.\Generated_Source\PSoC5/CAN_1_INT.c **** * You may use this file only in accordance with the license, terms, conditions,
  16:.\Generated_Source\PSoC5/CAN_1_INT.c **** * disclaimers, and limitations in the end user license agreement accompanying
  17:.\Generated_Source\PSoC5/CAN_1_INT.c **** * the software package with which this file was provided.
  18:.\Generated_Source\PSoC5/CAN_1_INT.c **** *******************************************************************************/
  19:.\Generated_Source\PSoC5/CAN_1_INT.c **** 
  20:.\Generated_Source\PSoC5/CAN_1_INT.c **** #include "CAN_1.h"
  21:.\Generated_Source\PSoC5/CAN_1_INT.c **** 
  22:.\Generated_Source\PSoC5/CAN_1_INT.c **** /* `#START CAN_INT_C_CODE_DEFINITION` */
  23:.\Generated_Source\PSoC5/CAN_1_INT.c **** 
  24:.\Generated_Source\PSoC5/CAN_1_INT.c **** /* `#END` */
  25:.\Generated_Source\PSoC5/CAN_1_INT.c **** 
  26:.\Generated_Source\PSoC5/CAN_1_INT.c **** #if (CAN_1_ARB_LOST)
  27:.\Generated_Source\PSoC5/CAN_1_INT.c **** 
  28:.\Generated_Source\PSoC5/CAN_1_INT.c ****     /*******************************************************************************
  29:.\Generated_Source\PSoC5/CAN_1_INT.c ****     * FUNCTION NAME:   CAN_1_ArbLost
  30:.\Generated_Source\PSoC5/CAN_1_INT.c ****     ********************************************************************************
  31:.\Generated_Source\PSoC5/CAN_1_INT.c ****     *
ARM GAS  C:\Users\KHJTON~1\AppData\Local\Temp\ccTp3gNM.s 			page 2


  32:.\Generated_Source\PSoC5/CAN_1_INT.c ****     * Summary:
  33:.\Generated_Source\PSoC5/CAN_1_INT.c ****     *  This function is entry point to Arbitration Lost Interrupt. Clears
  34:.\Generated_Source\PSoC5/CAN_1_INT.c ****     *  Arbitration Lost interrupt flag. Only generated if Arbitration Lost
  35:.\Generated_Source\PSoC5/CAN_1_INT.c ****     *  Interrupt enable in Customizer.
  36:.\Generated_Source\PSoC5/CAN_1_INT.c ****     *
  37:.\Generated_Source\PSoC5/CAN_1_INT.c ****     * Parameters:
  38:.\Generated_Source\PSoC5/CAN_1_INT.c ****     *  None.
  39:.\Generated_Source\PSoC5/CAN_1_INT.c ****     *
  40:.\Generated_Source\PSoC5/CAN_1_INT.c ****     * Return:
  41:.\Generated_Source\PSoC5/CAN_1_INT.c ****     *  None.
  42:.\Generated_Source\PSoC5/CAN_1_INT.c ****     * 
  43:.\Generated_Source\PSoC5/CAN_1_INT.c ****     * Reentrant:
  44:.\Generated_Source\PSoC5/CAN_1_INT.c ****     *  Depends on Customer code.
  45:.\Generated_Source\PSoC5/CAN_1_INT.c ****     *
  46:.\Generated_Source\PSoC5/CAN_1_INT.c ****     *******************************************************************************/
  47:.\Generated_Source\PSoC5/CAN_1_INT.c ****     void CAN_1_ArbLostIsr(void) 
  48:.\Generated_Source\PSoC5/CAN_1_INT.c ****     {
  49:.\Generated_Source\PSoC5/CAN_1_INT.c ****         /* Clear Arbitration Lost flag */
  50:.\Generated_Source\PSoC5/CAN_1_INT.c ****         CAN_1_INT_SR_REG.byte[0u] = CAN_1_ARBITRATION_LOST_MASK;
  51:.\Generated_Source\PSoC5/CAN_1_INT.c ****     
  52:.\Generated_Source\PSoC5/CAN_1_INT.c ****         /* `#START ARBITRATION_LOST_ISR` */
  53:.\Generated_Source\PSoC5/CAN_1_INT.c **** 
  54:.\Generated_Source\PSoC5/CAN_1_INT.c ****         /* `#END` */
  55:.\Generated_Source\PSoC5/CAN_1_INT.c ****     }
  56:.\Generated_Source\PSoC5/CAN_1_INT.c ****     
  57:.\Generated_Source\PSoC5/CAN_1_INT.c **** #endif /* CAN_1_ARB_LOST */
  58:.\Generated_Source\PSoC5/CAN_1_INT.c **** 
  59:.\Generated_Source\PSoC5/CAN_1_INT.c **** #if (CAN_1_OVERLOAD)
  60:.\Generated_Source\PSoC5/CAN_1_INT.c **** 
  61:.\Generated_Source\PSoC5/CAN_1_INT.c ****     /*******************************************************************************
  62:.\Generated_Source\PSoC5/CAN_1_INT.c ****     * FUNCTION NAME:   CAN_1_OvrLdErrror
  63:.\Generated_Source\PSoC5/CAN_1_INT.c ****     ********************************************************************************
  64:.\Generated_Source\PSoC5/CAN_1_INT.c ****     *
  65:.\Generated_Source\PSoC5/CAN_1_INT.c ****     * Summary:
  66:.\Generated_Source\PSoC5/CAN_1_INT.c ****     *  This function is entry point to Overload Error Interrupt. Clears Overload
  67:.\Generated_Source\PSoC5/CAN_1_INT.c ****     *  Error interrupt flag. Only generated if Overload Error Interrupt enable
  68:.\Generated_Source\PSoC5/CAN_1_INT.c ****     *  in Customizer.
  69:.\Generated_Source\PSoC5/CAN_1_INT.c ****     *
  70:.\Generated_Source\PSoC5/CAN_1_INT.c ****     * Parameters:
  71:.\Generated_Source\PSoC5/CAN_1_INT.c ****     *  None.
  72:.\Generated_Source\PSoC5/CAN_1_INT.c ****     *
  73:.\Generated_Source\PSoC5/CAN_1_INT.c ****     * Return:
  74:.\Generated_Source\PSoC5/CAN_1_INT.c ****     *  None.        
  75:.\Generated_Source\PSoC5/CAN_1_INT.c ****     *
  76:.\Generated_Source\PSoC5/CAN_1_INT.c ****     * Reentrant:
  77:.\Generated_Source\PSoC5/CAN_1_INT.c ****     *  Depends on Customer code.
  78:.\Generated_Source\PSoC5/CAN_1_INT.c ****     *
  79:.\Generated_Source\PSoC5/CAN_1_INT.c ****     *******************************************************************************/
  80:.\Generated_Source\PSoC5/CAN_1_INT.c ****     void CAN_1_OvrLdErrorIsr(void) 
  81:.\Generated_Source\PSoC5/CAN_1_INT.c ****     {
  82:.\Generated_Source\PSoC5/CAN_1_INT.c ****         /* Clear Overload Error flag */
  83:.\Generated_Source\PSoC5/CAN_1_INT.c ****         CAN_1_INT_SR_REG.byte[0u] = CAN_1_OVERLOAD_ERROR_MASK;
  84:.\Generated_Source\PSoC5/CAN_1_INT.c ****     
  85:.\Generated_Source\PSoC5/CAN_1_INT.c ****         /* `#START OVER_LOAD_ERROR_ISR` */
  86:.\Generated_Source\PSoC5/CAN_1_INT.c **** 
  87:.\Generated_Source\PSoC5/CAN_1_INT.c ****         /* `#END` */
  88:.\Generated_Source\PSoC5/CAN_1_INT.c ****     }
ARM GAS  C:\Users\KHJTON~1\AppData\Local\Temp\ccTp3gNM.s 			page 3


  89:.\Generated_Source\PSoC5/CAN_1_INT.c ****     
  90:.\Generated_Source\PSoC5/CAN_1_INT.c **** #endif /* CAN_1_OVERLOAD */
  91:.\Generated_Source\PSoC5/CAN_1_INT.c **** 
  92:.\Generated_Source\PSoC5/CAN_1_INT.c **** #if (CAN_1_BIT_ERR)
  93:.\Generated_Source\PSoC5/CAN_1_INT.c **** 
  94:.\Generated_Source\PSoC5/CAN_1_INT.c ****     /*******************************************************************************
  95:.\Generated_Source\PSoC5/CAN_1_INT.c ****     * FUNCTION NAME:   CAN_1_BitError
  96:.\Generated_Source\PSoC5/CAN_1_INT.c ****     ********************************************************************************
  97:.\Generated_Source\PSoC5/CAN_1_INT.c ****     *
  98:.\Generated_Source\PSoC5/CAN_1_INT.c ****     * Summary:
  99:.\Generated_Source\PSoC5/CAN_1_INT.c ****     *  This function is entry point to Bit Error Interrupt. Clears Bit Error
 100:.\Generated_Source\PSoC5/CAN_1_INT.c ****     *  interrupt flag. Only generated if Bit Error Interrupt enable in Customizer.
 101:.\Generated_Source\PSoC5/CAN_1_INT.c ****     *
 102:.\Generated_Source\PSoC5/CAN_1_INT.c ****     * Parameters:
 103:.\Generated_Source\PSoC5/CAN_1_INT.c ****     *  None.
 104:.\Generated_Source\PSoC5/CAN_1_INT.c ****     *
 105:.\Generated_Source\PSoC5/CAN_1_INT.c ****     * Return:
 106:.\Generated_Source\PSoC5/CAN_1_INT.c ****     *  None.
 107:.\Generated_Source\PSoC5/CAN_1_INT.c ****     *
 108:.\Generated_Source\PSoC5/CAN_1_INT.c ****     * Reentrant:
 109:.\Generated_Source\PSoC5/CAN_1_INT.c ****     *  Depends on Customer code.
 110:.\Generated_Source\PSoC5/CAN_1_INT.c ****     *
 111:.\Generated_Source\PSoC5/CAN_1_INT.c ****     *******************************************************************************/
 112:.\Generated_Source\PSoC5/CAN_1_INT.c ****     void CAN_1_BitErrorIsr(void) 
 113:.\Generated_Source\PSoC5/CAN_1_INT.c ****     {
 114:.\Generated_Source\PSoC5/CAN_1_INT.c ****         /* Clear Bit Error flag */
 115:.\Generated_Source\PSoC5/CAN_1_INT.c ****         CAN_1_INT_SR_REG.byte[0u] = CAN_1_BIT_ERROR_MASK;
 116:.\Generated_Source\PSoC5/CAN_1_INT.c ****     
 117:.\Generated_Source\PSoC5/CAN_1_INT.c ****         /* `#START BIT_ERROR_ISR` */
 118:.\Generated_Source\PSoC5/CAN_1_INT.c **** 
 119:.\Generated_Source\PSoC5/CAN_1_INT.c ****         /* `#END` */
 120:.\Generated_Source\PSoC5/CAN_1_INT.c ****     }
 121:.\Generated_Source\PSoC5/CAN_1_INT.c ****     
 122:.\Generated_Source\PSoC5/CAN_1_INT.c **** #endif /* CAN_1_BIT_ERR */
 123:.\Generated_Source\PSoC5/CAN_1_INT.c **** 
 124:.\Generated_Source\PSoC5/CAN_1_INT.c **** #if (CAN_1_STUFF_ERR)
 125:.\Generated_Source\PSoC5/CAN_1_INT.c **** 
 126:.\Generated_Source\PSoC5/CAN_1_INT.c ****     /*******************************************************************************
 127:.\Generated_Source\PSoC5/CAN_1_INT.c ****     * FUNCTION NAME:   CAN_1_BitStuffError
 128:.\Generated_Source\PSoC5/CAN_1_INT.c ****     ********************************************************************************
 129:.\Generated_Source\PSoC5/CAN_1_INT.c ****     *
 130:.\Generated_Source\PSoC5/CAN_1_INT.c ****     * Summary:
 131:.\Generated_Source\PSoC5/CAN_1_INT.c ****     *  This function is entry point to Bit Stuff Error Interrupt. Clears Bit Stuff
 132:.\Generated_Source\PSoC5/CAN_1_INT.c ****     *  Error interrupt flag. Only generated if Bit Stuff Error Interrupt enable
 133:.\Generated_Source\PSoC5/CAN_1_INT.c ****     *  in Customizer.
 134:.\Generated_Source\PSoC5/CAN_1_INT.c ****     *
 135:.\Generated_Source\PSoC5/CAN_1_INT.c ****     * Parameters:
 136:.\Generated_Source\PSoC5/CAN_1_INT.c ****     *  None.
 137:.\Generated_Source\PSoC5/CAN_1_INT.c ****     *
 138:.\Generated_Source\PSoC5/CAN_1_INT.c ****     * Return:
 139:.\Generated_Source\PSoC5/CAN_1_INT.c ****     *  None.
 140:.\Generated_Source\PSoC5/CAN_1_INT.c ****     *
 141:.\Generated_Source\PSoC5/CAN_1_INT.c ****     * Reentrant:
 142:.\Generated_Source\PSoC5/CAN_1_INT.c ****     *  Depends on Customer code.
 143:.\Generated_Source\PSoC5/CAN_1_INT.c ****     *
 144:.\Generated_Source\PSoC5/CAN_1_INT.c ****     *******************************************************************************/
 145:.\Generated_Source\PSoC5/CAN_1_INT.c ****     void CAN_1_BitStuffErrorIsr(void) 
ARM GAS  C:\Users\KHJTON~1\AppData\Local\Temp\ccTp3gNM.s 			page 4


 146:.\Generated_Source\PSoC5/CAN_1_INT.c ****     {
 147:.\Generated_Source\PSoC5/CAN_1_INT.c ****         /* Clear Stuff Error flag */
 148:.\Generated_Source\PSoC5/CAN_1_INT.c ****         CAN_1_INT_SR_REG.byte[0u] = CAN_1_STUFF_ERROR_MASK;
 149:.\Generated_Source\PSoC5/CAN_1_INT.c ****     
 150:.\Generated_Source\PSoC5/CAN_1_INT.c ****         /* `#START BIT_STUFF_ERROR_ISR` */
 151:.\Generated_Source\PSoC5/CAN_1_INT.c **** 
 152:.\Generated_Source\PSoC5/CAN_1_INT.c ****         /* `#END` */
 153:.\Generated_Source\PSoC5/CAN_1_INT.c ****     }
 154:.\Generated_Source\PSoC5/CAN_1_INT.c ****     
 155:.\Generated_Source\PSoC5/CAN_1_INT.c **** #endif /* CAN_1_STUFF_ERR */
 156:.\Generated_Source\PSoC5/CAN_1_INT.c **** 
 157:.\Generated_Source\PSoC5/CAN_1_INT.c **** #if (CAN_1_ACK_ERR)
 158:.\Generated_Source\PSoC5/CAN_1_INT.c **** 
 159:.\Generated_Source\PSoC5/CAN_1_INT.c ****     /*******************************************************************************
 160:.\Generated_Source\PSoC5/CAN_1_INT.c ****     * FUNCTION NAME:   CAN_1_AckErrorIsr
 161:.\Generated_Source\PSoC5/CAN_1_INT.c ****     ********************************************************************************
 162:.\Generated_Source\PSoC5/CAN_1_INT.c ****     *
 163:.\Generated_Source\PSoC5/CAN_1_INT.c ****     * Summary:
 164:.\Generated_Source\PSoC5/CAN_1_INT.c ****     *  This function is entry point to Acknowledge Error Interrupt. Clears
 165:.\Generated_Source\PSoC5/CAN_1_INT.c ****     *  Acknowledge Error interrupt flag. Only generated if Acknowledge Error
 166:.\Generated_Source\PSoC5/CAN_1_INT.c ****     *  Interrupt enable in Customizer.
 167:.\Generated_Source\PSoC5/CAN_1_INT.c ****     *
 168:.\Generated_Source\PSoC5/CAN_1_INT.c ****     * Parameters:
 169:.\Generated_Source\PSoC5/CAN_1_INT.c ****     *  None.
 170:.\Generated_Source\PSoC5/CAN_1_INT.c ****     *
 171:.\Generated_Source\PSoC5/CAN_1_INT.c ****     * Return:
 172:.\Generated_Source\PSoC5/CAN_1_INT.c ****     *  None.
 173:.\Generated_Source\PSoC5/CAN_1_INT.c ****     *
 174:.\Generated_Source\PSoC5/CAN_1_INT.c ****     * Reentrant:
 175:.\Generated_Source\PSoC5/CAN_1_INT.c ****     *  Depends on Customer code.
 176:.\Generated_Source\PSoC5/CAN_1_INT.c ****     *
 177:.\Generated_Source\PSoC5/CAN_1_INT.c ****     *******************************************************************************/
 178:.\Generated_Source\PSoC5/CAN_1_INT.c ****     void CAN_1_AckErrorIsr(void) 
 179:.\Generated_Source\PSoC5/CAN_1_INT.c ****     {
 180:.\Generated_Source\PSoC5/CAN_1_INT.c ****         /* Clear Acknoledge Error flag */
 181:.\Generated_Source\PSoC5/CAN_1_INT.c ****         CAN_1_INT_SR_REG.byte[0u] = CAN_1_ACK_ERROR_MASK;
 182:.\Generated_Source\PSoC5/CAN_1_INT.c ****     
 183:.\Generated_Source\PSoC5/CAN_1_INT.c ****         /* `#START ACKNOWLEDGE_ERROR_ISR` */
 184:.\Generated_Source\PSoC5/CAN_1_INT.c **** 
 185:.\Generated_Source\PSoC5/CAN_1_INT.c ****         /* `#END` */
 186:.\Generated_Source\PSoC5/CAN_1_INT.c ****     }
 187:.\Generated_Source\PSoC5/CAN_1_INT.c ****     
 188:.\Generated_Source\PSoC5/CAN_1_INT.c **** #endif /* CAN_1_ACK_ERR */
 189:.\Generated_Source\PSoC5/CAN_1_INT.c **** 
 190:.\Generated_Source\PSoC5/CAN_1_INT.c **** #if (CAN_1_FORM_ERR)
 191:.\Generated_Source\PSoC5/CAN_1_INT.c **** 
 192:.\Generated_Source\PSoC5/CAN_1_INT.c ****     /*******************************************************************************
 193:.\Generated_Source\PSoC5/CAN_1_INT.c ****     * FUNCTION NAME:   CAN_1_MsgError
 194:.\Generated_Source\PSoC5/CAN_1_INT.c ****     ********************************************************************************
 195:.\Generated_Source\PSoC5/CAN_1_INT.c ****     *
 196:.\Generated_Source\PSoC5/CAN_1_INT.c ****     * Summary:
 197:.\Generated_Source\PSoC5/CAN_1_INT.c ****     *  This function is entry point to Form Error Interrupt. Clears Form Error
 198:.\Generated_Source\PSoC5/CAN_1_INT.c ****     *  interrupt flag. Only generated if Form Error Interrupt enable in Customizer.
 199:.\Generated_Source\PSoC5/CAN_1_INT.c ****     *
 200:.\Generated_Source\PSoC5/CAN_1_INT.c ****     * Parameters:
 201:.\Generated_Source\PSoC5/CAN_1_INT.c ****     *  None.
 202:.\Generated_Source\PSoC5/CAN_1_INT.c ****     *
ARM GAS  C:\Users\KHJTON~1\AppData\Local\Temp\ccTp3gNM.s 			page 5


 203:.\Generated_Source\PSoC5/CAN_1_INT.c ****     * Return:
 204:.\Generated_Source\PSoC5/CAN_1_INT.c ****     *  None.
 205:.\Generated_Source\PSoC5/CAN_1_INT.c ****     *
 206:.\Generated_Source\PSoC5/CAN_1_INT.c ****     * Reentrant:
 207:.\Generated_Source\PSoC5/CAN_1_INT.c ****     *  Depends on Customer code.
 208:.\Generated_Source\PSoC5/CAN_1_INT.c ****     *
 209:.\Generated_Source\PSoC5/CAN_1_INT.c ****     *******************************************************************************/
 210:.\Generated_Source\PSoC5/CAN_1_INT.c ****     void CAN_1_MsgErrorIsr(void) 
 211:.\Generated_Source\PSoC5/CAN_1_INT.c ****     {
 212:.\Generated_Source\PSoC5/CAN_1_INT.c ****         /* Clear Form Error flag */
 213:.\Generated_Source\PSoC5/CAN_1_INT.c ****         CAN_1_INT_SR_REG.byte[0u] = CAN_1_FORM_ERROR_MASK;
 214:.\Generated_Source\PSoC5/CAN_1_INT.c ****     
 215:.\Generated_Source\PSoC5/CAN_1_INT.c ****         /* `#START MESSAGE_ERROR_ISR` */
 216:.\Generated_Source\PSoC5/CAN_1_INT.c **** 
 217:.\Generated_Source\PSoC5/CAN_1_INT.c ****         /* `#END` */
 218:.\Generated_Source\PSoC5/CAN_1_INT.c ****     }
 219:.\Generated_Source\PSoC5/CAN_1_INT.c ****     
 220:.\Generated_Source\PSoC5/CAN_1_INT.c **** #endif /* CAN_1_FORM_ERR */
 221:.\Generated_Source\PSoC5/CAN_1_INT.c **** 
 222:.\Generated_Source\PSoC5/CAN_1_INT.c **** #if (CAN_1_CRC_ERR)
 223:.\Generated_Source\PSoC5/CAN_1_INT.c **** 
 224:.\Generated_Source\PSoC5/CAN_1_INT.c ****     /*******************************************************************************
 225:.\Generated_Source\PSoC5/CAN_1_INT.c ****     * FUNCTION NAME:   CAN_1_CrcError
 226:.\Generated_Source\PSoC5/CAN_1_INT.c ****     ********************************************************************************
 227:.\Generated_Source\PSoC5/CAN_1_INT.c ****     *
 228:.\Generated_Source\PSoC5/CAN_1_INT.c ****     * Summary:
 229:.\Generated_Source\PSoC5/CAN_1_INT.c ****     *  This function is entry point to CRC Error Interrupt. Clears CRC Error
 230:.\Generated_Source\PSoC5/CAN_1_INT.c ****     *  interrupt flag. Only generated if CRC Error Interrupt enable in Customizer.
 231:.\Generated_Source\PSoC5/CAN_1_INT.c ****     *
 232:.\Generated_Source\PSoC5/CAN_1_INT.c ****     * Parameters:
 233:.\Generated_Source\PSoC5/CAN_1_INT.c ****     *  None.
 234:.\Generated_Source\PSoC5/CAN_1_INT.c ****     *
 235:.\Generated_Source\PSoC5/CAN_1_INT.c ****     * Return:
 236:.\Generated_Source\PSoC5/CAN_1_INT.c ****     *  None.
 237:.\Generated_Source\PSoC5/CAN_1_INT.c ****     *
 238:.\Generated_Source\PSoC5/CAN_1_INT.c ****     * Reentrant:
 239:.\Generated_Source\PSoC5/CAN_1_INT.c ****     *  Depends on Customer code.
 240:.\Generated_Source\PSoC5/CAN_1_INT.c ****     *
 241:.\Generated_Source\PSoC5/CAN_1_INT.c ****     *******************************************************************************/
 242:.\Generated_Source\PSoC5/CAN_1_INT.c ****     void CAN_1_CrcErrorIsr(void) 
 243:.\Generated_Source\PSoC5/CAN_1_INT.c ****     {
 244:.\Generated_Source\PSoC5/CAN_1_INT.c ****         /* Clear CRC Error flag */
 245:.\Generated_Source\PSoC5/CAN_1_INT.c ****         CAN_1_INT_SR_REG.byte[1u] = CAN_1_CRC_ERROR_MASK;
 246:.\Generated_Source\PSoC5/CAN_1_INT.c ****     
 247:.\Generated_Source\PSoC5/CAN_1_INT.c ****         /* `#START CRC_ERROR_ISR` */
 248:.\Generated_Source\PSoC5/CAN_1_INT.c **** 
 249:.\Generated_Source\PSoC5/CAN_1_INT.c ****         /* `#END` */
 250:.\Generated_Source\PSoC5/CAN_1_INT.c ****     }
 251:.\Generated_Source\PSoC5/CAN_1_INT.c ****     
 252:.\Generated_Source\PSoC5/CAN_1_INT.c **** #endif /* CAN_1_CRC_ERR */
 253:.\Generated_Source\PSoC5/CAN_1_INT.c **** 
 254:.\Generated_Source\PSoC5/CAN_1_INT.c **** #if (CAN_1_BUS_OFF)
 255:.\Generated_Source\PSoC5/CAN_1_INT.c **** 
 256:.\Generated_Source\PSoC5/CAN_1_INT.c ****     /*******************************************************************************
 257:.\Generated_Source\PSoC5/CAN_1_INT.c ****     * FUNCTION NAME:   CAN_1_BusOff
 258:.\Generated_Source\PSoC5/CAN_1_INT.c ****     ********************************************************************************
 259:.\Generated_Source\PSoC5/CAN_1_INT.c ****     *
ARM GAS  C:\Users\KHJTON~1\AppData\Local\Temp\ccTp3gNM.s 			page 6


 260:.\Generated_Source\PSoC5/CAN_1_INT.c ****     * Summary:
 261:.\Generated_Source\PSoC5/CAN_1_INT.c ****     *  This function is entry point to Bus Off Interrupt. Places CAN Component
 262:.\Generated_Source\PSoC5/CAN_1_INT.c ****     *  to Stop mode. Only generated if Bus Off Interrupt enable in Customizer.
 263:.\Generated_Source\PSoC5/CAN_1_INT.c ****     *  Recommended setting to enable this interrupt.
 264:.\Generated_Source\PSoC5/CAN_1_INT.c ****     *
 265:.\Generated_Source\PSoC5/CAN_1_INT.c ****     * Parameters:
 266:.\Generated_Source\PSoC5/CAN_1_INT.c ****     *  None.
 267:.\Generated_Source\PSoC5/CAN_1_INT.c ****     *
 268:.\Generated_Source\PSoC5/CAN_1_INT.c ****     * Return:
 269:.\Generated_Source\PSoC5/CAN_1_INT.c ****     *  None.
 270:.\Generated_Source\PSoC5/CAN_1_INT.c ****     *
 271:.\Generated_Source\PSoC5/CAN_1_INT.c ****     * Side Effects:
 272:.\Generated_Source\PSoC5/CAN_1_INT.c ****     *  Disable power to the CAN Core.
 273:.\Generated_Source\PSoC5/CAN_1_INT.c ****     *
 274:.\Generated_Source\PSoC5/CAN_1_INT.c ****     *******************************************************************************/
 275:.\Generated_Source\PSoC5/CAN_1_INT.c ****     void CAN_1_BusOffIsr(void) 
 276:.\Generated_Source\PSoC5/CAN_1_INT.c ****     {        
 277:.\Generated_Source\PSoC5/CAN_1_INT.c ****         /* Clear Bus Off flag */
 278:.\Generated_Source\PSoC5/CAN_1_INT.c ****         CAN_1_INT_SR_REG.byte[1u] = CAN_1_BUS_OFF_MASK;
 279:.\Generated_Source\PSoC5/CAN_1_INT.c ****     
 280:.\Generated_Source\PSoC5/CAN_1_INT.c ****         /* `#START BUS_OFF_ISR` */
 281:.\Generated_Source\PSoC5/CAN_1_INT.c **** 
 282:.\Generated_Source\PSoC5/CAN_1_INT.c ****         /* `#END` */
 283:.\Generated_Source\PSoC5/CAN_1_INT.c ****         (void) CAN_1_Stop();
 284:.\Generated_Source\PSoC5/CAN_1_INT.c ****     }
 285:.\Generated_Source\PSoC5/CAN_1_INT.c ****     
 286:.\Generated_Source\PSoC5/CAN_1_INT.c **** #endif /* CAN_1_BUS_OFF */
 287:.\Generated_Source\PSoC5/CAN_1_INT.c **** 
 288:.\Generated_Source\PSoC5/CAN_1_INT.c **** #if (CAN_1_RX_MSG_LOST)
 289:.\Generated_Source\PSoC5/CAN_1_INT.c **** 
 290:.\Generated_Source\PSoC5/CAN_1_INT.c ****     /*******************************************************************************
 291:.\Generated_Source\PSoC5/CAN_1_INT.c ****     * FUNCTION NAME:   CAN_1_MsgLost
 292:.\Generated_Source\PSoC5/CAN_1_INT.c ****     ********************************************************************************
 293:.\Generated_Source\PSoC5/CAN_1_INT.c ****     *
 294:.\Generated_Source\PSoC5/CAN_1_INT.c ****     * Summary:
 295:.\Generated_Source\PSoC5/CAN_1_INT.c ****     *  This function is entry point to Message Lost Interrupt. Clears Message Lost
 296:.\Generated_Source\PSoC5/CAN_1_INT.c ****     *  interrupt flag. Only generated if Message Lost Interrupt enable in Customizer
 297:.\Generated_Source\PSoC5/CAN_1_INT.c ****     *
 298:.\Generated_Source\PSoC5/CAN_1_INT.c ****     * Parameters:
 299:.\Generated_Source\PSoC5/CAN_1_INT.c ****     *  None.
 300:.\Generated_Source\PSoC5/CAN_1_INT.c ****     *
 301:.\Generated_Source\PSoC5/CAN_1_INT.c ****     * Return:
 302:.\Generated_Source\PSoC5/CAN_1_INT.c ****     *  None.
 303:.\Generated_Source\PSoC5/CAN_1_INT.c ****     *
 304:.\Generated_Source\PSoC5/CAN_1_INT.c ****     * Reentrant:
 305:.\Generated_Source\PSoC5/CAN_1_INT.c ****     *  Depends on Customer code.
 306:.\Generated_Source\PSoC5/CAN_1_INT.c ****     *
 307:.\Generated_Source\PSoC5/CAN_1_INT.c ****     *******************************************************************************/
 308:.\Generated_Source\PSoC5/CAN_1_INT.c ****     void CAN_1_MsgLostIsr(void) 
 309:.\Generated_Source\PSoC5/CAN_1_INT.c ****     {
 310:.\Generated_Source\PSoC5/CAN_1_INT.c ****         /* Clear Receive Message Lost flag */
 311:.\Generated_Source\PSoC5/CAN_1_INT.c ****         CAN_1_INT_SR_REG.byte[1u] = CAN_1_RX_MSG_LOST_MASK;
 312:.\Generated_Source\PSoC5/CAN_1_INT.c ****     
 313:.\Generated_Source\PSoC5/CAN_1_INT.c ****         /* `#START MESSAGE_LOST_ISR` */
 314:.\Generated_Source\PSoC5/CAN_1_INT.c **** 
 315:.\Generated_Source\PSoC5/CAN_1_INT.c ****         /* `#END` */
 316:.\Generated_Source\PSoC5/CAN_1_INT.c ****     }
ARM GAS  C:\Users\KHJTON~1\AppData\Local\Temp\ccTp3gNM.s 			page 7


 317:.\Generated_Source\PSoC5/CAN_1_INT.c ****     
 318:.\Generated_Source\PSoC5/CAN_1_INT.c **** #endif /* CAN_1_RX_MSG_LOST */
 319:.\Generated_Source\PSoC5/CAN_1_INT.c **** 
 320:.\Generated_Source\PSoC5/CAN_1_INT.c **** #if (CAN_1_TX_MESSAGE)
 321:.\Generated_Source\PSoC5/CAN_1_INT.c **** 
 322:.\Generated_Source\PSoC5/CAN_1_INT.c ****     /*******************************************************************************
 323:.\Generated_Source\PSoC5/CAN_1_INT.c ****     * FUNCTION NAME:   CAN_1_MsgTXIsr
 324:.\Generated_Source\PSoC5/CAN_1_INT.c ****     ********************************************************************************
 325:.\Generated_Source\PSoC5/CAN_1_INT.c ****     *
 326:.\Generated_Source\PSoC5/CAN_1_INT.c ****     * Summary:
 327:.\Generated_Source\PSoC5/CAN_1_INT.c ****     *  This function is entry point to Transmit Message Interrupt. Clears Transmit
 328:.\Generated_Source\PSoC5/CAN_1_INT.c ****     *  Message interrupt flag. Only generated if Transmit Message Interrupt enable
 329:.\Generated_Source\PSoC5/CAN_1_INT.c ****     *  in Customizer.
 330:.\Generated_Source\PSoC5/CAN_1_INT.c ****     *
 331:.\Generated_Source\PSoC5/CAN_1_INT.c ****     * Parameters:
 332:.\Generated_Source\PSoC5/CAN_1_INT.c ****     *  None.
 333:.\Generated_Source\PSoC5/CAN_1_INT.c ****     *
 334:.\Generated_Source\PSoC5/CAN_1_INT.c ****     * Return:
 335:.\Generated_Source\PSoC5/CAN_1_INT.c ****     *  None.    
 336:.\Generated_Source\PSoC5/CAN_1_INT.c ****     *
 337:.\Generated_Source\PSoC5/CAN_1_INT.c ****     * Reentrant:
 338:.\Generated_Source\PSoC5/CAN_1_INT.c ****     *  Depends on Customer code.
 339:.\Generated_Source\PSoC5/CAN_1_INT.c ****     *
 340:.\Generated_Source\PSoC5/CAN_1_INT.c ****     *******************************************************************************/
 341:.\Generated_Source\PSoC5/CAN_1_INT.c ****     void CAN_1_MsgTXIsr(void) 
 342:.\Generated_Source\PSoC5/CAN_1_INT.c ****     {
 343:.\Generated_Source\PSoC5/CAN_1_INT.c ****         /* Clear Transmit Message flag */
 344:.\Generated_Source\PSoC5/CAN_1_INT.c ****         CAN_1_INT_SR_REG.byte[1u] = CAN_1_TX_MESSAGE_MASK;
 345:.\Generated_Source\PSoC5/CAN_1_INT.c ****         
 346:.\Generated_Source\PSoC5/CAN_1_INT.c ****         /* `#START MESSAGE_TRANSMITTED_ISR` */
 347:.\Generated_Source\PSoC5/CAN_1_INT.c **** 
 348:.\Generated_Source\PSoC5/CAN_1_INT.c ****         /* `#END` */
 349:.\Generated_Source\PSoC5/CAN_1_INT.c ****     }
 350:.\Generated_Source\PSoC5/CAN_1_INT.c ****     
 351:.\Generated_Source\PSoC5/CAN_1_INT.c **** #endif /* CAN_1_TX_MESSAGE */
 352:.\Generated_Source\PSoC5/CAN_1_INT.c **** 
 353:.\Generated_Source\PSoC5/CAN_1_INT.c **** #if (CAN_1_RX_MESSAGE)
 354:.\Generated_Source\PSoC5/CAN_1_INT.c **** 
 355:.\Generated_Source\PSoC5/CAN_1_INT.c ****     /*******************************************************************************
 356:.\Generated_Source\PSoC5/CAN_1_INT.c ****     * FUNCTION NAME:   CAN_1_MsgRXIsr
 357:.\Generated_Source\PSoC5/CAN_1_INT.c ****     ********************************************************************************
 358:.\Generated_Source\PSoC5/CAN_1_INT.c ****     *
 359:.\Generated_Source\PSoC5/CAN_1_INT.c ****     * Summary:
 360:.\Generated_Source\PSoC5/CAN_1_INT.c ****     *  This function is entry point to Receive Message Interrupt. Clears Receive
 361:.\Generated_Source\PSoC5/CAN_1_INT.c ****     *  Message interrupt flag and call appropriate handlers for Basic and Full
 362:.\Generated_Source\PSoC5/CAN_1_INT.c ****     *  interrupt based mailboxes. Only generated if Receive Message Interrupt
 363:.\Generated_Source\PSoC5/CAN_1_INT.c ****     *  enable in Customizer. Recommended setting to enable this interrupt.
 364:.\Generated_Source\PSoC5/CAN_1_INT.c ****     *
 365:.\Generated_Source\PSoC5/CAN_1_INT.c ****     * Parameters:
 366:.\Generated_Source\PSoC5/CAN_1_INT.c ****     *  None.
 367:.\Generated_Source\PSoC5/CAN_1_INT.c ****     *
 368:.\Generated_Source\PSoC5/CAN_1_INT.c ****     * Return:
 369:.\Generated_Source\PSoC5/CAN_1_INT.c ****     *  None.
 370:.\Generated_Source\PSoC5/CAN_1_INT.c ****     *
 371:.\Generated_Source\PSoC5/CAN_1_INT.c ****     *******************************************************************************/
 372:.\Generated_Source\PSoC5/CAN_1_INT.c ****     void CAN_1_MsgRXIsr(void) 
 373:.\Generated_Source\PSoC5/CAN_1_INT.c ****     {
ARM GAS  C:\Users\KHJTON~1\AppData\Local\Temp\ccTp3gNM.s 			page 8


  27              		.loc 1 373 0
  28              		.cfi_startproc
  29              		@ args = 0, pretend = 0, frame = 8
  30              		@ frame_needed = 1, uses_anonymous_args = 0
  31 0000 80B5     		push	{r7, lr}
  32              		.cfi_def_cfa_offset 8
  33              		.cfi_offset 7, -8
  34              		.cfi_offset 14, -4
  35 0002 82B0     		sub	sp, sp, #8
  36              		.cfi_def_cfa_offset 16
  37 0004 00AF     		add	r7, sp, #0
  38              		.cfi_def_cfa_register 7
 374:.\Generated_Source\PSoC5/CAN_1_INT.c ****         uint8 i;
 375:.\Generated_Source\PSoC5/CAN_1_INT.c ****         uint16 shift = 0x01u;
  39              		.loc 1 375 0
  40 0006 0123     		movs	r3, #1
  41 0008 BB80     		strh	r3, [r7, #4]	@ movhi
 376:.\Generated_Source\PSoC5/CAN_1_INT.c ****     
 377:.\Generated_Source\PSoC5/CAN_1_INT.c ****         /* Clear Receive Message flag */
 378:.\Generated_Source\PSoC5/CAN_1_INT.c ****         CAN_1_INT_SR_REG.byte[1u] = CAN_1_RX_MESSAGE_MASK;
  42              		.loc 1 378 0
  43 000a 264B     		ldr	r3, .L14
  44 000c 1022     		movs	r2, #16
  45 000e 5A70     		strb	r2, [r3, #1]
 379:.\Generated_Source\PSoC5/CAN_1_INT.c ****         
 380:.\Generated_Source\PSoC5/CAN_1_INT.c ****         /* `#START MESSAGE_RECEIVE_ISR` */
 381:.\Generated_Source\PSoC5/CAN_1_INT.c **** 
 382:.\Generated_Source\PSoC5/CAN_1_INT.c ****         /* `#END` */
 383:.\Generated_Source\PSoC5/CAN_1_INT.c ****     
 384:.\Generated_Source\PSoC5/CAN_1_INT.c ****         for (i = 0u; i < CAN_1_NUMBER_OF_RX_MAILBOXES; i++)
  46              		.loc 1 384 0
  47 0010 0023     		movs	r3, #0
  48 0012 FB71     		strb	r3, [r7, #7]
  49 0014 40E0     		b	.L2
  50              	.L12:
 385:.\Generated_Source\PSoC5/CAN_1_INT.c ****         {
 386:.\Generated_Source\PSoC5/CAN_1_INT.c ****             if ((CY_GET_REG16((reg16 *) &CAN_1_BUF_SR_REG.byte[0u]) & shift) == shift)
  51              		.loc 1 386 0
  52 0016 244B     		ldr	r3, .L14+4
  53 0018 1B88     		ldrh	r3, [r3]	@ movhi
  54 001a 9AB2     		uxth	r2, r3
  55 001c BB88     		ldrh	r3, [r7, #4]	@ movhi
  56 001e 1340     		ands	r3, r3, r2
  57 0020 9BB2     		uxth	r3, r3
  58 0022 BA88     		ldrh	r2, [r7, #4]
  59 0024 9A42     		cmp	r2, r3
  60 0026 31D1     		bne	.L3
 387:.\Generated_Source\PSoC5/CAN_1_INT.c ****             {
 388:.\Generated_Source\PSoC5/CAN_1_INT.c ****                 if ((CAN_1_RX[i].rxcmd.byte[0u] & CAN_1_RX_INT_ENABLE_MASK) ==
  61              		.loc 1 388 0
  62 0028 FB79     		ldrb	r3, [r7, #7]	@ zero_extendqisi2
  63 002a 5A01     		lsls	r2, r3, #5
  64 002c 1F4B     		ldr	r3, .L14+8
  65 002e 1344     		add	r3, r3, r2
  66 0030 1B78     		ldrb	r3, [r3]
  67 0032 DBB2     		uxtb	r3, r3
  68 0034 03F02003 		and	r3, r3, #32
ARM GAS  C:\Users\KHJTON~1\AppData\Local\Temp\ccTp3gNM.s 			page 9


  69 0038 002B     		cmp	r3, #0
  70 003a 27D0     		beq	.L3
 389:.\Generated_Source\PSoC5/CAN_1_INT.c ****                     CAN_1_RX_INT_ENABLE_MASK)
 390:.\Generated_Source\PSoC5/CAN_1_INT.c ****                 {
 391:.\Generated_Source\PSoC5/CAN_1_INT.c ****                     if ((CAN_1_RX_MAILBOX_TYPE & shift) == shift)
  71              		.loc 1 391 0
  72 003c BB88     		ldrh	r3, [r7, #4]	@ movhi
  73 003e 03F00F03 		and	r3, r3, #15
  74 0042 9BB2     		uxth	r3, r3
  75 0044 BA88     		ldrh	r2, [r7, #4]
  76 0046 9A42     		cmp	r2, r3
  77 0048 1CD1     		bne	.L4
 392:.\Generated_Source\PSoC5/CAN_1_INT.c ****                     {
 393:.\Generated_Source\PSoC5/CAN_1_INT.c ****                         /* RX Full mailboxes handler */
 394:.\Generated_Source\PSoC5/CAN_1_INT.c ****                         switch(i)
  78              		.loc 1 394 0
  79 004a FB79     		ldrb	r3, [r7, #7]	@ zero_extendqisi2
  80 004c 032B     		cmp	r3, #3
  81 004e 17D8     		bhi	.L13
  82 0050 01A2     		adr	r2, .L7
  83 0052 52F823F0 		ldr	pc, [r2, r3, lsl #2]
  84 0056 00BF     		.p2align 2
  85              	.L7:
  86 0058 69000000 		.word	.L6+1
  87 005c 6F000000 		.word	.L8+1
  88 0060 75000000 		.word	.L9+1
  89 0064 7B000000 		.word	.L10+1
  90              		.p2align 1
  91              	.L6:
 395:.\Generated_Source\PSoC5/CAN_1_INT.c ****                         {
 396:.\Generated_Source\PSoC5/CAN_1_INT.c **** 							case 0u : CAN_1_ReceiveMsgbms_temp();
  92              		.loc 1 396 0
  93 0068 FFF7FEFF 		bl	CAN_1_ReceiveMsgbms_temp
 397:.\Generated_Source\PSoC5/CAN_1_INT.c **** 							break;
  94              		.loc 1 397 0
  95 006c 09E0     		b	.L11
  96              	.L8:
 398:.\Generated_Source\PSoC5/CAN_1_INT.c **** 							case 1u : CAN_1_ReceiveMsgbms_volt();
  97              		.loc 1 398 0
  98 006e FFF7FEFF 		bl	CAN_1_ReceiveMsgbms_volt
 399:.\Generated_Source\PSoC5/CAN_1_INT.c **** 							break;
  99              		.loc 1 399 0
 100 0072 06E0     		b	.L11
 101              	.L9:
 400:.\Generated_Source\PSoC5/CAN_1_INT.c **** 							case 2u : CAN_1_ReceiveMsgbms_status();
 102              		.loc 1 400 0
 103 0074 FFF7FEFF 		bl	CAN_1_ReceiveMsgbms_status
 401:.\Generated_Source\PSoC5/CAN_1_INT.c **** 							break;
 104              		.loc 1 401 0
 105 0078 03E0     		b	.L11
 106              	.L10:
 402:.\Generated_Source\PSoC5/CAN_1_INT.c **** 							case 3u : CAN_1_ReceiveMsgbms_current();
 107              		.loc 1 402 0
 108 007a FFF7FEFF 		bl	CAN_1_ReceiveMsgbms_current
 403:.\Generated_Source\PSoC5/CAN_1_INT.c **** 							break;
 109              		.loc 1 403 0
 110 007e 00E0     		b	.L11
ARM GAS  C:\Users\KHJTON~1\AppData\Local\Temp\ccTp3gNM.s 			page 10


 111              	.L13:
 404:.\Generated_Source\PSoC5/CAN_1_INT.c ****                             default:
 405:.\Generated_Source\PSoC5/CAN_1_INT.c ****                             break;
 112              		.loc 1 405 0
 113 0080 00BF     		nop
 114              	.L11:
 115 0082 03E0     		b	.L3
 116              	.L4:
 406:.\Generated_Source\PSoC5/CAN_1_INT.c ****                         }
 407:.\Generated_Source\PSoC5/CAN_1_INT.c ****                     }
 408:.\Generated_Source\PSoC5/CAN_1_INT.c ****                     else
 409:.\Generated_Source\PSoC5/CAN_1_INT.c ****                     {
 410:.\Generated_Source\PSoC5/CAN_1_INT.c ****                         /* RX Basic mailbox handler */
 411:.\Generated_Source\PSoC5/CAN_1_INT.c ****                         CAN_1_ReceiveMsg(i);
 117              		.loc 1 411 0
 118 0084 FB79     		ldrb	r3, [r7, #7]	@ zero_extendqisi2
 119 0086 1846     		mov	r0, r3
 120 0088 FFF7FEFF 		bl	CAN_1_ReceiveMsg
 121              	.L3:
 412:.\Generated_Source\PSoC5/CAN_1_INT.c ****                     }
 413:.\Generated_Source\PSoC5/CAN_1_INT.c ****                 }
 414:.\Generated_Source\PSoC5/CAN_1_INT.c ****             }
 415:.\Generated_Source\PSoC5/CAN_1_INT.c ****             shift <<= 1u;
 122              		.loc 1 415 0
 123 008c BB88     		ldrh	r3, [r7, #4]	@ movhi
 124 008e 5B00     		lsls	r3, r3, #1
 125 0090 BB80     		strh	r3, [r7, #4]	@ movhi
 384:.\Generated_Source\PSoC5/CAN_1_INT.c ****         for (i = 0u; i < CAN_1_NUMBER_OF_RX_MAILBOXES; i++)
 126              		.loc 1 384 0
 127 0092 FB79     		ldrb	r3, [r7, #7]	@ zero_extendqisi2
 128 0094 0133     		adds	r3, r3, #1
 129 0096 FB71     		strb	r3, [r7, #7]
 130              	.L2:
 384:.\Generated_Source\PSoC5/CAN_1_INT.c ****         for (i = 0u; i < CAN_1_NUMBER_OF_RX_MAILBOXES; i++)
 131              		.loc 1 384 0 is_stmt 0 discriminator 1
 132 0098 FB79     		ldrb	r3, [r7, #7]	@ zero_extendqisi2
 133 009a 0F2B     		cmp	r3, #15
 134 009c BBD9     		bls	.L12
 416:.\Generated_Source\PSoC5/CAN_1_INT.c ****         }            
 417:.\Generated_Source\PSoC5/CAN_1_INT.c ****     }
 135              		.loc 1 417 0 is_stmt 1
 136 009e 0837     		adds	r7, r7, #8
 137 00a0 BD46     		mov	sp, r7
 138              		@ sp needed
 139 00a2 80BD     		pop	{r7, pc}
 140              	.L15:
 141              		.align	2
 142              	.L14:
 143 00a4 00A00040 		.word	1073782784
 144 00a8 08A00040 		.word	1073782792
 145 00ac A0A00040 		.word	1073782944
 146              		.cfi_endproc
 147              	.LFE0:
 148              		.size	CAN_1_MsgRXIsr, .-CAN_1_MsgRXIsr
 149              		.section	.text.CAN_1_ISR,"ax",%progbits
 150              		.align	2
 151              		.global	CAN_1_ISR
ARM GAS  C:\Users\KHJTON~1\AppData\Local\Temp\ccTp3gNM.s 			page 11


 152              		.thumb
 153              		.thumb_func
 154              		.type	CAN_1_ISR, %function
 155              	CAN_1_ISR:
 156              	.LFB1:
 418:.\Generated_Source\PSoC5/CAN_1_INT.c ****     
 419:.\Generated_Source\PSoC5/CAN_1_INT.c **** #endif /* CAN_1_RX_MESSAGE */
 420:.\Generated_Source\PSoC5/CAN_1_INT.c **** 
 421:.\Generated_Source\PSoC5/CAN_1_INT.c **** 
 422:.\Generated_Source\PSoC5/CAN_1_INT.c **** /*******************************************************************************
 423:.\Generated_Source\PSoC5/CAN_1_INT.c **** * Function Name: CAN_1_ISR
 424:.\Generated_Source\PSoC5/CAN_1_INT.c **** ********************************************************************************
 425:.\Generated_Source\PSoC5/CAN_1_INT.c **** *
 426:.\Generated_Source\PSoC5/CAN_1_INT.c **** * Summary:
 427:.\Generated_Source\PSoC5/CAN_1_INT.c **** *  This ISR is executed when CAN core generate interrupt on one of events:
 428:.\Generated_Source\PSoC5/CAN_1_INT.c **** *  Arb_lost, Overload, Bit_err, Stuff_err, Ack_err, Form_err, Crc_err,
 429:.\Generated_Source\PSoC5/CAN_1_INT.c **** *  Buss_off, Rx_msg_lost, Tx_msg or Rx_msg. The interrupt sources depends
 430:.\Generated_Source\PSoC5/CAN_1_INT.c **** *  on Customizer inputs.
 431:.\Generated_Source\PSoC5/CAN_1_INT.c **** *
 432:.\Generated_Source\PSoC5/CAN_1_INT.c **** * Parameters:
 433:.\Generated_Source\PSoC5/CAN_1_INT.c **** *  None.
 434:.\Generated_Source\PSoC5/CAN_1_INT.c **** *
 435:.\Generated_Source\PSoC5/CAN_1_INT.c **** * Return:
 436:.\Generated_Source\PSoC5/CAN_1_INT.c **** *  None.
 437:.\Generated_Source\PSoC5/CAN_1_INT.c **** *
 438:.\Generated_Source\PSoC5/CAN_1_INT.c **** *******************************************************************************/
 439:.\Generated_Source\PSoC5/CAN_1_INT.c **** CY_ISR(CAN_1_ISR)
 440:.\Generated_Source\PSoC5/CAN_1_INT.c **** {
 157              		.loc 1 440 0
 158              		.cfi_startproc
 159              		@ args = 0, pretend = 0, frame = 0
 160              		@ frame_needed = 1, uses_anonymous_args = 0
 161 0000 80B5     		push	{r7, lr}
 162              		.cfi_def_cfa_offset 8
 163              		.cfi_offset 7, -8
 164              		.cfi_offset 14, -4
 165 0002 00AF     		add	r7, sp, #0
 166              		.cfi_def_cfa_register 7
 441:.\Generated_Source\PSoC5/CAN_1_INT.c ****     /* Place your Interrupt code here. */
 442:.\Generated_Source\PSoC5/CAN_1_INT.c ****     /* `#START CAN_ISR` */
 443:.\Generated_Source\PSoC5/CAN_1_INT.c **** 
 444:.\Generated_Source\PSoC5/CAN_1_INT.c ****     /* `#END` */    
 445:.\Generated_Source\PSoC5/CAN_1_INT.c ****     
 446:.\Generated_Source\PSoC5/CAN_1_INT.c ****     /* Arbitration */
 447:.\Generated_Source\PSoC5/CAN_1_INT.c ****     #if (CAN_1_ARB_LOST && (CAN_1_ARB_LOST_USE_HELPER || \
 448:.\Generated_Source\PSoC5/CAN_1_INT.c ****         (!CAN_1_ADVANCED_INTERRUPT_CFG)))
 449:.\Generated_Source\PSoC5/CAN_1_INT.c ****         if ((CAN_1_INT_SR_REG.byte[0u] & CAN_1_ARBITRATION_LOST_MASK) ==
 450:.\Generated_Source\PSoC5/CAN_1_INT.c ****              CAN_1_ARBITRATION_LOST_MASK)
 451:.\Generated_Source\PSoC5/CAN_1_INT.c ****         {
 452:.\Generated_Source\PSoC5/CAN_1_INT.c ****             CAN_1_ArbLostIsr();
 453:.\Generated_Source\PSoC5/CAN_1_INT.c ****         } 
 454:.\Generated_Source\PSoC5/CAN_1_INT.c ****     #endif /* CAN_1_ARB_LOST && CAN_1_ARB_LOST_USE_HELPER */
 455:.\Generated_Source\PSoC5/CAN_1_INT.c ****     
 456:.\Generated_Source\PSoC5/CAN_1_INT.c ****     /* Overload Error */
 457:.\Generated_Source\PSoC5/CAN_1_INT.c ****     #if (CAN_1_OVERLOAD && (CAN_1_OVERLOAD_USE_HELPER || \
 458:.\Generated_Source\PSoC5/CAN_1_INT.c ****         (!CAN_1_ADVANCED_INTERRUPT_CFG)))
 459:.\Generated_Source\PSoC5/CAN_1_INT.c ****         if ((CAN_1_INT_SR_REG.byte[0u] & CAN_1_OVERLOAD_ERROR_MASK) ==
ARM GAS  C:\Users\KHJTON~1\AppData\Local\Temp\ccTp3gNM.s 			page 12


 460:.\Generated_Source\PSoC5/CAN_1_INT.c ****              CAN_1_OVERLOAD_ERROR_MASK)
 461:.\Generated_Source\PSoC5/CAN_1_INT.c ****         {
 462:.\Generated_Source\PSoC5/CAN_1_INT.c ****             CAN_1_OvrLdErrorIsr();
 463:.\Generated_Source\PSoC5/CAN_1_INT.c ****         }
 464:.\Generated_Source\PSoC5/CAN_1_INT.c ****     #endif /* CAN_1_OVERLOAD && CAN_1_OVERLOAD_USE_HELPER */
 465:.\Generated_Source\PSoC5/CAN_1_INT.c ****     
 466:.\Generated_Source\PSoC5/CAN_1_INT.c ****     /* Bit Error */
 467:.\Generated_Source\PSoC5/CAN_1_INT.c ****     #if (CAN_1_BIT_ERR && (CAN_1_BIT_ERR_USE_HELPER || \
 468:.\Generated_Source\PSoC5/CAN_1_INT.c ****         (!CAN_1_ADVANCED_INTERRUPT_CFG)))
 469:.\Generated_Source\PSoC5/CAN_1_INT.c ****         if ((CAN_1_INT_SR_REG.byte[0u] & CAN_1_BIT_ERROR_MASK) == CAN_1_BIT_ERROR_MASK)
 470:.\Generated_Source\PSoC5/CAN_1_INT.c ****         {
 471:.\Generated_Source\PSoC5/CAN_1_INT.c ****             CAN_1_BitErrorIsr();
 472:.\Generated_Source\PSoC5/CAN_1_INT.c ****         }
 473:.\Generated_Source\PSoC5/CAN_1_INT.c ****     #endif /* CAN_1_BIT_ERR && CAN_1_BIT_ERR_USE_HELPER */
 474:.\Generated_Source\PSoC5/CAN_1_INT.c ****     
 475:.\Generated_Source\PSoC5/CAN_1_INT.c ****     /* Bit Staff Error */
 476:.\Generated_Source\PSoC5/CAN_1_INT.c ****     #if (CAN_1_STUFF_ERR && (CAN_1_STUFF_ERR_USE_HELPER || \
 477:.\Generated_Source\PSoC5/CAN_1_INT.c ****         (!CAN_1_ADVANCED_INTERRUPT_CFG)))
 478:.\Generated_Source\PSoC5/CAN_1_INT.c ****         if ((CAN_1_INT_SR_REG.byte[0u] & CAN_1_STUFF_ERROR_MASK) ==
 479:.\Generated_Source\PSoC5/CAN_1_INT.c ****              CAN_1_STUFF_ERROR_MASK)
 480:.\Generated_Source\PSoC5/CAN_1_INT.c ****         {
 481:.\Generated_Source\PSoC5/CAN_1_INT.c ****             CAN_1_BitStuffErrorIsr();
 482:.\Generated_Source\PSoC5/CAN_1_INT.c ****         }
 483:.\Generated_Source\PSoC5/CAN_1_INT.c ****     #endif /* CAN_1_STUFF_ERR && CAN_1_STUFF_ERR_USE_HELPER */
 484:.\Generated_Source\PSoC5/CAN_1_INT.c ****     
 485:.\Generated_Source\PSoC5/CAN_1_INT.c ****     /* ACK Error */
 486:.\Generated_Source\PSoC5/CAN_1_INT.c ****     #if (CAN_1_ACK_ERR && (CAN_1_ACK_ERR_USE_HELPER || \
 487:.\Generated_Source\PSoC5/CAN_1_INT.c ****         (!CAN_1_ADVANCED_INTERRUPT_CFG)))
 488:.\Generated_Source\PSoC5/CAN_1_INT.c ****         if ((CAN_1_INT_SR_REG.byte[0u] & CAN_1_ACK_ERROR_MASK) ==
 489:.\Generated_Source\PSoC5/CAN_1_INT.c ****              CAN_1_ACK_ERROR_MASK)
 490:.\Generated_Source\PSoC5/CAN_1_INT.c ****         {
 491:.\Generated_Source\PSoC5/CAN_1_INT.c ****             CAN_1_AckErrorIsr();
 492:.\Generated_Source\PSoC5/CAN_1_INT.c ****         }
 493:.\Generated_Source\PSoC5/CAN_1_INT.c ****     #endif /* CAN_1_ACK_ERR && CAN_1_ACK_ERR_USE_HELPER */
 494:.\Generated_Source\PSoC5/CAN_1_INT.c ****     
 495:.\Generated_Source\PSoC5/CAN_1_INT.c ****     /* Form(msg) Error */
 496:.\Generated_Source\PSoC5/CAN_1_INT.c ****     #if (CAN_1_FORM_ERR && (CAN_1_FORM_ERR_USE_HELPER || \
 497:.\Generated_Source\PSoC5/CAN_1_INT.c ****         (!CAN_1_ADVANCED_INTERRUPT_CFG)))
 498:.\Generated_Source\PSoC5/CAN_1_INT.c ****         if ((CAN_1_INT_SR_REG.byte[0u] & CAN_1_FORM_ERROR_MASK) ==
 499:.\Generated_Source\PSoC5/CAN_1_INT.c ****              CAN_1_FORM_ERROR_MASK)
 500:.\Generated_Source\PSoC5/CAN_1_INT.c ****         {
 501:.\Generated_Source\PSoC5/CAN_1_INT.c ****             CAN_1_MsgErrorIsr();
 502:.\Generated_Source\PSoC5/CAN_1_INT.c ****         }
 503:.\Generated_Source\PSoC5/CAN_1_INT.c ****     #endif /* CAN_1_FORM_ERR && CAN_1_FORM_ERR_USE_HELPER */
 504:.\Generated_Source\PSoC5/CAN_1_INT.c ****     
 505:.\Generated_Source\PSoC5/CAN_1_INT.c ****     /* CRC Error */
 506:.\Generated_Source\PSoC5/CAN_1_INT.c ****     #if (CAN_1_CRC_ERR && (CAN_1_CRC_ERR_USE_HELPER || \
 507:.\Generated_Source\PSoC5/CAN_1_INT.c ****         (!CAN_1_ADVANCED_INTERRUPT_CFG)))
 508:.\Generated_Source\PSoC5/CAN_1_INT.c ****         if ((CAN_1_INT_SR_REG.byte[1u] & CAN_1_CRC_ERROR_MASK) == CAN_1_CRC_ERROR_MASK)
 509:.\Generated_Source\PSoC5/CAN_1_INT.c ****         {
 510:.\Generated_Source\PSoC5/CAN_1_INT.c ****             CAN_1_CrcErrorIsr();
 511:.\Generated_Source\PSoC5/CAN_1_INT.c ****         }
 512:.\Generated_Source\PSoC5/CAN_1_INT.c ****     #endif /* CAN_1_CRC_ERR && CAN_1_CRC_ERR_USE_HELPER */
 513:.\Generated_Source\PSoC5/CAN_1_INT.c ****     
 514:.\Generated_Source\PSoC5/CAN_1_INT.c ****     /* Bus Off state */
 515:.\Generated_Source\PSoC5/CAN_1_INT.c ****     #if (CAN_1_BUS_OFF && (CAN_1_BUS_OFF_USE_HELPER || \
 516:.\Generated_Source\PSoC5/CAN_1_INT.c ****         (!CAN_1_ADVANCED_INTERRUPT_CFG)))
ARM GAS  C:\Users\KHJTON~1\AppData\Local\Temp\ccTp3gNM.s 			page 13


 517:.\Generated_Source\PSoC5/CAN_1_INT.c ****         if ((CAN_1_INT_SR_REG.byte[1u] & CAN_1_BUS_OFF_MASK) == CAN_1_BUS_OFF_MASK)
 518:.\Generated_Source\PSoC5/CAN_1_INT.c ****         {
 519:.\Generated_Source\PSoC5/CAN_1_INT.c ****             CAN_1_BusOffIsr();
 520:.\Generated_Source\PSoC5/CAN_1_INT.c ****         }
 521:.\Generated_Source\PSoC5/CAN_1_INT.c ****     #endif /* CAN_1_BUS_OFF && CAN_1_BUS_OFF_USE_HELPER */
 522:.\Generated_Source\PSoC5/CAN_1_INT.c ****     
 523:.\Generated_Source\PSoC5/CAN_1_INT.c ****     /* Message Lost */
 524:.\Generated_Source\PSoC5/CAN_1_INT.c ****     #if (CAN_1_RX_MSG_LOST && (CAN_1_RX_MSG_LOST_USE_HELPER || \
 525:.\Generated_Source\PSoC5/CAN_1_INT.c ****         (!CAN_1_ADVANCED_INTERRUPT_CFG)))
 526:.\Generated_Source\PSoC5/CAN_1_INT.c ****         if ((CAN_1_INT_SR_REG.byte[1u] & CAN_1_RX_MSG_LOST_MASK) ==
 527:.\Generated_Source\PSoC5/CAN_1_INT.c ****              CAN_1_RX_MSG_LOST_MASK)
 528:.\Generated_Source\PSoC5/CAN_1_INT.c ****         {
 529:.\Generated_Source\PSoC5/CAN_1_INT.c ****             CAN_1_MsgLostIsr();
 530:.\Generated_Source\PSoC5/CAN_1_INT.c ****         }
 531:.\Generated_Source\PSoC5/CAN_1_INT.c ****     #endif /* CAN_1_RX_MSG_LOST && CAN_1_RX_MSG_LOST_USE_HELPER */
 532:.\Generated_Source\PSoC5/CAN_1_INT.c ****     
 533:.\Generated_Source\PSoC5/CAN_1_INT.c ****     /* TX Message Send */
 534:.\Generated_Source\PSoC5/CAN_1_INT.c ****     #if (CAN_1_TX_MESSAGE && (CAN_1_TX_MESSAGE_USE_HELPER || \
 535:.\Generated_Source\PSoC5/CAN_1_INT.c ****         (!CAN_1_ADVANCED_INTERRUPT_CFG)))
 536:.\Generated_Source\PSoC5/CAN_1_INT.c ****         if ((CAN_1_INT_SR_REG.byte[1u] & CAN_1_TX_MESSAGE_MASK) ==
 537:.\Generated_Source\PSoC5/CAN_1_INT.c ****              CAN_1_TX_MESSAGE_MASK)
 538:.\Generated_Source\PSoC5/CAN_1_INT.c ****         {
 539:.\Generated_Source\PSoC5/CAN_1_INT.c ****             CAN_1_MsgTXIsr();
 540:.\Generated_Source\PSoC5/CAN_1_INT.c ****         }
 541:.\Generated_Source\PSoC5/CAN_1_INT.c ****     #endif /* CAN_1_TX_MESSAGE && CAN_1_TX_MESSAGE_USE_HELPER */
 542:.\Generated_Source\PSoC5/CAN_1_INT.c ****     
 543:.\Generated_Source\PSoC5/CAN_1_INT.c ****     /* RX Message Available */
 544:.\Generated_Source\PSoC5/CAN_1_INT.c ****     #if (CAN_1_RX_MESSAGE && (CAN_1_RX_MESSAGE_USE_HELPER || \
 545:.\Generated_Source\PSoC5/CAN_1_INT.c ****         (!CAN_1_ADVANCED_INTERRUPT_CFG)))
 546:.\Generated_Source\PSoC5/CAN_1_INT.c ****         if ((CAN_1_INT_SR_REG.byte[1u] & CAN_1_RX_MESSAGE_MASK) ==
 167              		.loc 1 546 0
 168 0004 044B     		ldr	r3, .L18
 169 0006 5B78     		ldrb	r3, [r3, #1]
 170 0008 DBB2     		uxtb	r3, r3
 171 000a 03F01003 		and	r3, r3, #16
 172 000e 002B     		cmp	r3, #0
 173 0010 01D0     		beq	.L16
 547:.\Generated_Source\PSoC5/CAN_1_INT.c ****              CAN_1_RX_MESSAGE_MASK)
 548:.\Generated_Source\PSoC5/CAN_1_INT.c ****         {
 549:.\Generated_Source\PSoC5/CAN_1_INT.c ****             CAN_1_MsgRXIsr();
 174              		.loc 1 549 0
 175 0012 FFF7FEFF 		bl	CAN_1_MsgRXIsr
 176              	.L16:
 550:.\Generated_Source\PSoC5/CAN_1_INT.c ****         }
 551:.\Generated_Source\PSoC5/CAN_1_INT.c ****     #endif /* CAN_1_RX_MESSAGE && CAN_1_RX_MESSAGE_USE_HELPER */
 552:.\Generated_Source\PSoC5/CAN_1_INT.c **** 
 553:.\Generated_Source\PSoC5/CAN_1_INT.c **** 
 554:.\Generated_Source\PSoC5/CAN_1_INT.c **** }
 177              		.loc 1 554 0
 178 0016 80BD     		pop	{r7, pc}
 179              	.L19:
 180              		.align	2
 181              	.L18:
 182 0018 00A00040 		.word	1073782784
 183              		.cfi_endproc
 184              	.LFE1:
 185              		.size	CAN_1_ISR, .-CAN_1_ISR
ARM GAS  C:\Users\KHJTON~1\AppData\Local\Temp\ccTp3gNM.s 			page 14


 186              		.text
 187              	.Letext0:
 188              		.file 2 ".\\Generated_Source\\PSoC5\\cytypes.h"
 189              		.file 3 ".\\Generated_Source\\PSoC5\\CAN_1.h"
 190              		.section	.debug_info,"",%progbits
 191              	.Ldebug_info0:
 192 0000 D3010000 		.4byte	0x1d3
 193 0004 0400     		.2byte	0x4
 194 0006 00000000 		.4byte	.Ldebug_abbrev0
 195 000a 04       		.byte	0x4
 196 000b 01       		.uleb128 0x1
 197 000c F8000000 		.4byte	.LASF29
 198 0010 01       		.byte	0x1
 199 0011 97000000 		.4byte	.LASF30
 200 0015 74010000 		.4byte	.LASF31
 201 0019 00000000 		.4byte	.Ldebug_ranges0+0
 202 001d 00000000 		.4byte	0
 203 0021 00000000 		.4byte	.Ldebug_line0
 204 0025 02       		.uleb128 0x2
 205 0026 01       		.byte	0x1
 206 0027 06       		.byte	0x6
 207 0028 01020000 		.4byte	.LASF0
 208 002c 02       		.uleb128 0x2
 209 002d 01       		.byte	0x1
 210 002e 08       		.byte	0x8
 211 002f 4F000000 		.4byte	.LASF1
 212 0033 02       		.uleb128 0x2
 213 0034 02       		.byte	0x2
 214 0035 05       		.byte	0x5
 215 0036 D3010000 		.4byte	.LASF2
 216 003a 02       		.uleb128 0x2
 217 003b 02       		.byte	0x2
 218 003c 07       		.byte	0x7
 219 003d 1F000000 		.4byte	.LASF3
 220 0041 02       		.uleb128 0x2
 221 0042 04       		.byte	0x4
 222 0043 05       		.byte	0x5
 223 0044 F2010000 		.4byte	.LASF4
 224 0048 02       		.uleb128 0x2
 225 0049 04       		.byte	0x4
 226 004a 07       		.byte	0x7
 227 004b 78000000 		.4byte	.LASF5
 228 004f 02       		.uleb128 0x2
 229 0050 08       		.byte	0x8
 230 0051 05       		.byte	0x5
 231 0052 C0010000 		.4byte	.LASF6
 232 0056 02       		.uleb128 0x2
 233 0057 08       		.byte	0x8
 234 0058 07       		.byte	0x7
 235 0059 E1000000 		.4byte	.LASF7
 236 005d 03       		.uleb128 0x3
 237 005e 04       		.byte	0x4
 238 005f 05       		.byte	0x5
 239 0060 696E7400 		.ascii	"int\000"
 240 0064 02       		.uleb128 0x2
 241 0065 04       		.byte	0x4
 242 0066 07       		.byte	0x7
ARM GAS  C:\Users\KHJTON~1\AppData\Local\Temp\ccTp3gNM.s 			page 15


 243 0067 D4000000 		.4byte	.LASF8
 244 006b 04       		.uleb128 0x4
 245 006c 8A000000 		.4byte	.LASF9
 246 0070 02       		.byte	0x2
 247 0071 A1       		.byte	0xa1
 248 0072 2C000000 		.4byte	0x2c
 249 0076 04       		.uleb128 0x4
 250 0077 BC000000 		.4byte	.LASF10
 251 007b 02       		.byte	0x2
 252 007c A2       		.byte	0xa2
 253 007d 3A000000 		.4byte	0x3a
 254 0081 02       		.uleb128 0x2
 255 0082 04       		.byte	0x4
 256 0083 04       		.byte	0x4
 257 0084 FB010000 		.4byte	.LASF11
 258 0088 02       		.uleb128 0x2
 259 0089 08       		.byte	0x8
 260 008a 04       		.byte	0x4
 261 008b 90000000 		.4byte	.LASF12
 262 008f 02       		.uleb128 0x2
 263 0090 01       		.byte	0x1
 264 0091 08       		.byte	0x8
 265 0092 CE010000 		.4byte	.LASF13
 266 0096 05       		.uleb128 0x5
 267 0097 AB010000 		.4byte	.LASF14
 268 009b 02       		.byte	0x2
 269 009c 4B01     		.2byte	0x14b
 270 009e A2000000 		.4byte	0xa2
 271 00a2 06       		.uleb128 0x6
 272 00a3 6B000000 		.4byte	0x6b
 273 00a7 05       		.uleb128 0x5
 274 00a8 00000000 		.4byte	.LASF15
 275 00ac 02       		.byte	0x2
 276 00ad 4C01     		.2byte	0x14c
 277 00af B3000000 		.4byte	0xb3
 278 00b3 06       		.uleb128 0x6
 279 00b4 76000000 		.4byte	0x76
 280 00b8 02       		.uleb128 0x2
 281 00b9 04       		.byte	0x4
 282 00ba 07       		.byte	0x7
 283 00bb B0010000 		.4byte	.LASF16
 284 00bf 07       		.uleb128 0x7
 285 00c0 08       		.byte	0x8
 286 00c1 03       		.byte	0x3
 287 00c2 69       		.byte	0x69
 288 00c3 D4000000 		.4byte	0xd4
 289 00c7 08       		.uleb128 0x8
 290 00c8 32000000 		.4byte	.LASF18
 291 00cc 03       		.byte	0x3
 292 00cd 6B       		.byte	0x6b
 293 00ce E4000000 		.4byte	0xe4
 294 00d2 00       		.byte	0
 295 00d3 00       		.byte	0
 296 00d4 09       		.uleb128 0x9
 297 00d5 96000000 		.4byte	0x96
 298 00d9 E4000000 		.4byte	0xe4
 299 00dd 0A       		.uleb128 0xa
ARM GAS  C:\Users\KHJTON~1\AppData\Local\Temp\ccTp3gNM.s 			page 16


 300 00de B8000000 		.4byte	0xb8
 301 00e2 07       		.byte	0x7
 302 00e3 00       		.byte	0
 303 00e4 06       		.uleb128 0x6
 304 00e5 D4000000 		.4byte	0xd4
 305 00e9 04       		.uleb128 0x4
 306 00ea C3000000 		.4byte	.LASF17
 307 00ee 03       		.byte	0x3
 308 00ef 6C       		.byte	0x6c
 309 00f0 BF000000 		.4byte	0xbf
 310 00f4 07       		.uleb128 0x7
 311 00f5 04       		.byte	0x4
 312 00f6 03       		.byte	0x3
 313 00f7 6F       		.byte	0x6f
 314 00f8 09010000 		.4byte	0x109
 315 00fc 08       		.uleb128 0x8
 316 00fd 32000000 		.4byte	.LASF18
 317 0101 03       		.byte	0x3
 318 0102 71       		.byte	0x71
 319 0103 19010000 		.4byte	0x119
 320 0107 00       		.byte	0
 321 0108 00       		.byte	0
 322 0109 09       		.uleb128 0x9
 323 010a 96000000 		.4byte	0x96
 324 010e 19010000 		.4byte	0x119
 325 0112 0A       		.uleb128 0xa
 326 0113 B8000000 		.4byte	0xb8
 327 0117 03       		.byte	0x3
 328 0118 00       		.byte	0
 329 0119 06       		.uleb128 0x6
 330 011a 09010000 		.4byte	0x109
 331 011e 04       		.uleb128 0x4
 332 011f 06000000 		.4byte	.LASF19
 333 0123 03       		.byte	0x3
 334 0124 72       		.byte	0x72
 335 0125 F4000000 		.4byte	0xf4
 336 0129 07       		.uleb128 0x7
 337 012a 20       		.byte	0x20
 338 012b 03       		.byte	0x3
 339 012c 91       		.byte	0x91
 340 012d 86010000 		.4byte	0x186
 341 0131 08       		.uleb128 0x8
 342 0132 72000000 		.4byte	.LASF20
 343 0136 03       		.byte	0x3
 344 0137 93       		.byte	0x93
 345 0138 1E010000 		.4byte	0x11e
 346 013c 00       		.byte	0
 347 013d 08       		.uleb128 0x8
 348 013e 5D000000 		.4byte	.LASF21
 349 0142 03       		.byte	0x3
 350 0143 94       		.byte	0x94
 351 0144 1E010000 		.4byte	0x11e
 352 0148 04       		.byte	0x4
 353 0149 08       		.uleb128 0x8
 354 014a 37000000 		.4byte	.LASF22
 355 014e 03       		.byte	0x3
 356 014f 95       		.byte	0x95
ARM GAS  C:\Users\KHJTON~1\AppData\Local\Temp\ccTp3gNM.s 			page 17


 357 0150 E9000000 		.4byte	0xe9
 358 0154 08       		.byte	0x8
 359 0155 08       		.uleb128 0x8
 360 0156 19000000 		.4byte	.LASF23
 361 015a 03       		.byte	0x3
 362 015b 96       		.byte	0x96
 363 015c 1E010000 		.4byte	0x11e
 364 0160 10       		.byte	0x10
 365 0161 08       		.uleb128 0x8
 366 0162 DD010000 		.4byte	.LASF24
 367 0166 03       		.byte	0x3
 368 0167 97       		.byte	0x97
 369 0168 1E010000 		.4byte	0x11e
 370 016c 14       		.byte	0x14
 371 016d 08       		.uleb128 0x8
 372 016e B9010000 		.4byte	.LASF25
 373 0172 03       		.byte	0x3
 374 0173 98       		.byte	0x98
 375 0174 1E010000 		.4byte	0x11e
 376 0178 18       		.byte	0x18
 377 0179 08       		.uleb128 0x8
 378 017a 3E000000 		.4byte	.LASF26
 379 017e 03       		.byte	0x3
 380 017f 99       		.byte	0x99
 381 0180 1E010000 		.4byte	0x11e
 382 0184 1C       		.byte	0x1c
 383 0185 00       		.byte	0
 384 0186 04       		.uleb128 0x4
 385 0187 62000000 		.4byte	.LASF27
 386 018b 03       		.byte	0x3
 387 018c 9A       		.byte	0x9a
 388 018d 29010000 		.4byte	0x129
 389 0191 0B       		.uleb128 0xb
 390 0192 E3010000 		.4byte	.LASF32
 391 0196 01       		.byte	0x1
 392 0197 7401     		.2byte	0x174
 393 0199 00000000 		.4byte	.LFB0
 394 019d B0000000 		.4byte	.LFE0-.LFB0
 395 01a1 01       		.uleb128 0x1
 396 01a2 9C       		.byte	0x9c
 397 01a3 C4010000 		.4byte	0x1c4
 398 01a7 0C       		.uleb128 0xc
 399 01a8 6900     		.ascii	"i\000"
 400 01aa 01       		.byte	0x1
 401 01ab 7601     		.2byte	0x176
 402 01ad 6B000000 		.4byte	0x6b
 403 01b1 02       		.uleb128 0x2
 404 01b2 91       		.byte	0x91
 405 01b3 77       		.sleb128 -9
 406 01b4 0D       		.uleb128 0xd
 407 01b5 13000000 		.4byte	.LASF28
 408 01b9 01       		.byte	0x1
 409 01ba 7701     		.2byte	0x177
 410 01bc 76000000 		.4byte	0x76
 411 01c0 02       		.uleb128 0x2
 412 01c1 91       		.byte	0x91
 413 01c2 74       		.sleb128 -12
ARM GAS  C:\Users\KHJTON~1\AppData\Local\Temp\ccTp3gNM.s 			page 18


 414 01c3 00       		.byte	0
 415 01c4 0E       		.uleb128 0xe
 416 01c5 45000000 		.4byte	.LASF33
 417 01c9 01       		.byte	0x1
 418 01ca B701     		.2byte	0x1b7
 419 01cc 00000000 		.4byte	.LFB1
 420 01d0 1C000000 		.4byte	.LFE1-.LFB1
 421 01d4 01       		.uleb128 0x1
 422 01d5 9C       		.byte	0x9c
 423 01d6 00       		.byte	0
 424              		.section	.debug_abbrev,"",%progbits
 425              	.Ldebug_abbrev0:
 426 0000 01       		.uleb128 0x1
 427 0001 11       		.uleb128 0x11
 428 0002 01       		.byte	0x1
 429 0003 25       		.uleb128 0x25
 430 0004 0E       		.uleb128 0xe
 431 0005 13       		.uleb128 0x13
 432 0006 0B       		.uleb128 0xb
 433 0007 03       		.uleb128 0x3
 434 0008 0E       		.uleb128 0xe
 435 0009 1B       		.uleb128 0x1b
 436 000a 0E       		.uleb128 0xe
 437 000b 55       		.uleb128 0x55
 438 000c 17       		.uleb128 0x17
 439 000d 11       		.uleb128 0x11
 440 000e 01       		.uleb128 0x1
 441 000f 10       		.uleb128 0x10
 442 0010 17       		.uleb128 0x17
 443 0011 00       		.byte	0
 444 0012 00       		.byte	0
 445 0013 02       		.uleb128 0x2
 446 0014 24       		.uleb128 0x24
 447 0015 00       		.byte	0
 448 0016 0B       		.uleb128 0xb
 449 0017 0B       		.uleb128 0xb
 450 0018 3E       		.uleb128 0x3e
 451 0019 0B       		.uleb128 0xb
 452 001a 03       		.uleb128 0x3
 453 001b 0E       		.uleb128 0xe
 454 001c 00       		.byte	0
 455 001d 00       		.byte	0
 456 001e 03       		.uleb128 0x3
 457 001f 24       		.uleb128 0x24
 458 0020 00       		.byte	0
 459 0021 0B       		.uleb128 0xb
 460 0022 0B       		.uleb128 0xb
 461 0023 3E       		.uleb128 0x3e
 462 0024 0B       		.uleb128 0xb
 463 0025 03       		.uleb128 0x3
 464 0026 08       		.uleb128 0x8
 465 0027 00       		.byte	0
 466 0028 00       		.byte	0
 467 0029 04       		.uleb128 0x4
 468 002a 16       		.uleb128 0x16
 469 002b 00       		.byte	0
 470 002c 03       		.uleb128 0x3
ARM GAS  C:\Users\KHJTON~1\AppData\Local\Temp\ccTp3gNM.s 			page 19


 471 002d 0E       		.uleb128 0xe
 472 002e 3A       		.uleb128 0x3a
 473 002f 0B       		.uleb128 0xb
 474 0030 3B       		.uleb128 0x3b
 475 0031 0B       		.uleb128 0xb
 476 0032 49       		.uleb128 0x49
 477 0033 13       		.uleb128 0x13
 478 0034 00       		.byte	0
 479 0035 00       		.byte	0
 480 0036 05       		.uleb128 0x5
 481 0037 16       		.uleb128 0x16
 482 0038 00       		.byte	0
 483 0039 03       		.uleb128 0x3
 484 003a 0E       		.uleb128 0xe
 485 003b 3A       		.uleb128 0x3a
 486 003c 0B       		.uleb128 0xb
 487 003d 3B       		.uleb128 0x3b
 488 003e 05       		.uleb128 0x5
 489 003f 49       		.uleb128 0x49
 490 0040 13       		.uleb128 0x13
 491 0041 00       		.byte	0
 492 0042 00       		.byte	0
 493 0043 06       		.uleb128 0x6
 494 0044 35       		.uleb128 0x35
 495 0045 00       		.byte	0
 496 0046 49       		.uleb128 0x49
 497 0047 13       		.uleb128 0x13
 498 0048 00       		.byte	0
 499 0049 00       		.byte	0
 500 004a 07       		.uleb128 0x7
 501 004b 13       		.uleb128 0x13
 502 004c 01       		.byte	0x1
 503 004d 0B       		.uleb128 0xb
 504 004e 0B       		.uleb128 0xb
 505 004f 3A       		.uleb128 0x3a
 506 0050 0B       		.uleb128 0xb
 507 0051 3B       		.uleb128 0x3b
 508 0052 0B       		.uleb128 0xb
 509 0053 01       		.uleb128 0x1
 510 0054 13       		.uleb128 0x13
 511 0055 00       		.byte	0
 512 0056 00       		.byte	0
 513 0057 08       		.uleb128 0x8
 514 0058 0D       		.uleb128 0xd
 515 0059 00       		.byte	0
 516 005a 03       		.uleb128 0x3
 517 005b 0E       		.uleb128 0xe
 518 005c 3A       		.uleb128 0x3a
 519 005d 0B       		.uleb128 0xb
 520 005e 3B       		.uleb128 0x3b
 521 005f 0B       		.uleb128 0xb
 522 0060 49       		.uleb128 0x49
 523 0061 13       		.uleb128 0x13
 524 0062 38       		.uleb128 0x38
 525 0063 0B       		.uleb128 0xb
 526 0064 00       		.byte	0
 527 0065 00       		.byte	0
ARM GAS  C:\Users\KHJTON~1\AppData\Local\Temp\ccTp3gNM.s 			page 20


 528 0066 09       		.uleb128 0x9
 529 0067 01       		.uleb128 0x1
 530 0068 01       		.byte	0x1
 531 0069 49       		.uleb128 0x49
 532 006a 13       		.uleb128 0x13
 533 006b 01       		.uleb128 0x1
 534 006c 13       		.uleb128 0x13
 535 006d 00       		.byte	0
 536 006e 00       		.byte	0
 537 006f 0A       		.uleb128 0xa
 538 0070 21       		.uleb128 0x21
 539 0071 00       		.byte	0
 540 0072 49       		.uleb128 0x49
 541 0073 13       		.uleb128 0x13
 542 0074 2F       		.uleb128 0x2f
 543 0075 0B       		.uleb128 0xb
 544 0076 00       		.byte	0
 545 0077 00       		.byte	0
 546 0078 0B       		.uleb128 0xb
 547 0079 2E       		.uleb128 0x2e
 548 007a 01       		.byte	0x1
 549 007b 3F       		.uleb128 0x3f
 550 007c 19       		.uleb128 0x19
 551 007d 03       		.uleb128 0x3
 552 007e 0E       		.uleb128 0xe
 553 007f 3A       		.uleb128 0x3a
 554 0080 0B       		.uleb128 0xb
 555 0081 3B       		.uleb128 0x3b
 556 0082 05       		.uleb128 0x5
 557 0083 27       		.uleb128 0x27
 558 0084 19       		.uleb128 0x19
 559 0085 11       		.uleb128 0x11
 560 0086 01       		.uleb128 0x1
 561 0087 12       		.uleb128 0x12
 562 0088 06       		.uleb128 0x6
 563 0089 40       		.uleb128 0x40
 564 008a 18       		.uleb128 0x18
 565 008b 9642     		.uleb128 0x2116
 566 008d 19       		.uleb128 0x19
 567 008e 01       		.uleb128 0x1
 568 008f 13       		.uleb128 0x13
 569 0090 00       		.byte	0
 570 0091 00       		.byte	0
 571 0092 0C       		.uleb128 0xc
 572 0093 34       		.uleb128 0x34
 573 0094 00       		.byte	0
 574 0095 03       		.uleb128 0x3
 575 0096 08       		.uleb128 0x8
 576 0097 3A       		.uleb128 0x3a
 577 0098 0B       		.uleb128 0xb
 578 0099 3B       		.uleb128 0x3b
 579 009a 05       		.uleb128 0x5
 580 009b 49       		.uleb128 0x49
 581 009c 13       		.uleb128 0x13
 582 009d 02       		.uleb128 0x2
 583 009e 18       		.uleb128 0x18
 584 009f 00       		.byte	0
ARM GAS  C:\Users\KHJTON~1\AppData\Local\Temp\ccTp3gNM.s 			page 21


 585 00a0 00       		.byte	0
 586 00a1 0D       		.uleb128 0xd
 587 00a2 34       		.uleb128 0x34
 588 00a3 00       		.byte	0
 589 00a4 03       		.uleb128 0x3
 590 00a5 0E       		.uleb128 0xe
 591 00a6 3A       		.uleb128 0x3a
 592 00a7 0B       		.uleb128 0xb
 593 00a8 3B       		.uleb128 0x3b
 594 00a9 05       		.uleb128 0x5
 595 00aa 49       		.uleb128 0x49
 596 00ab 13       		.uleb128 0x13
 597 00ac 02       		.uleb128 0x2
 598 00ad 18       		.uleb128 0x18
 599 00ae 00       		.byte	0
 600 00af 00       		.byte	0
 601 00b0 0E       		.uleb128 0xe
 602 00b1 2E       		.uleb128 0x2e
 603 00b2 00       		.byte	0
 604 00b3 3F       		.uleb128 0x3f
 605 00b4 19       		.uleb128 0x19
 606 00b5 03       		.uleb128 0x3
 607 00b6 0E       		.uleb128 0xe
 608 00b7 3A       		.uleb128 0x3a
 609 00b8 0B       		.uleb128 0xb
 610 00b9 3B       		.uleb128 0x3b
 611 00ba 05       		.uleb128 0x5
 612 00bb 27       		.uleb128 0x27
 613 00bc 19       		.uleb128 0x19
 614 00bd 11       		.uleb128 0x11
 615 00be 01       		.uleb128 0x1
 616 00bf 12       		.uleb128 0x12
 617 00c0 06       		.uleb128 0x6
 618 00c1 40       		.uleb128 0x40
 619 00c2 18       		.uleb128 0x18
 620 00c3 9642     		.uleb128 0x2116
 621 00c5 19       		.uleb128 0x19
 622 00c6 00       		.byte	0
 623 00c7 00       		.byte	0
 624 00c8 00       		.byte	0
 625              		.section	.debug_aranges,"",%progbits
 626 0000 24000000 		.4byte	0x24
 627 0004 0200     		.2byte	0x2
 628 0006 00000000 		.4byte	.Ldebug_info0
 629 000a 04       		.byte	0x4
 630 000b 00       		.byte	0
 631 000c 0000     		.2byte	0
 632 000e 0000     		.2byte	0
 633 0010 00000000 		.4byte	.LFB0
 634 0014 B0000000 		.4byte	.LFE0-.LFB0
 635 0018 00000000 		.4byte	.LFB1
 636 001c 1C000000 		.4byte	.LFE1-.LFB1
 637 0020 00000000 		.4byte	0
 638 0024 00000000 		.4byte	0
 639              		.section	.debug_ranges,"",%progbits
 640              	.Ldebug_ranges0:
 641 0000 00000000 		.4byte	.LFB0
ARM GAS  C:\Users\KHJTON~1\AppData\Local\Temp\ccTp3gNM.s 			page 22


 642 0004 B0000000 		.4byte	.LFE0
 643 0008 00000000 		.4byte	.LFB1
 644 000c 1C000000 		.4byte	.LFE1
 645 0010 00000000 		.4byte	0
 646 0014 00000000 		.4byte	0
 647              		.section	.debug_line,"",%progbits
 648              	.Ldebug_line0:
 649 0000 9E000000 		.section	.debug_str,"MS",%progbits,1
 649      02005300 
 649      00000201 
 649      FB0E0D00 
 649      01010101 
 650              	.LASF15:
 651 0000 72656731 		.ascii	"reg16\000"
 651      3600
 652              	.LASF19:
 653 0006 43414E5F 		.ascii	"CAN_1_REG_32\000"
 653      315F5245 
 653      475F3332 
 653      00
 654              	.LASF28:
 655 0013 73686966 		.ascii	"shift\000"
 655      7400
 656              	.LASF23:
 657 0019 7278616D 		.ascii	"rxamr\000"
 657      7200
 658              	.LASF3:
 659 001f 73686F72 		.ascii	"short unsigned int\000"
 659      7420756E 
 659      7369676E 
 659      65642069 
 659      6E7400
 660              	.LASF18:
 661 0032 62797465 		.ascii	"byte\000"
 661      00
 662              	.LASF22:
 663 0037 72786461 		.ascii	"rxdata\000"
 663      746100
 664              	.LASF26:
 665 003e 72786163 		.ascii	"rxacrd\000"
 665      726400
 666              	.LASF33:
 667 0045 43414E5F 		.ascii	"CAN_1_ISR\000"
 667      315F4953 
 667      5200
 668              	.LASF1:
 669 004f 756E7369 		.ascii	"unsigned char\000"
 669      676E6564 
 669      20636861 
 669      7200
 670              	.LASF21:
 671 005d 72786964 		.ascii	"rxid\000"
 671      00
 672              	.LASF27:
 673 0062 43414E5F 		.ascii	"CAN_1_RX_STRUCT\000"
 673      315F5258 
 673      5F535452 
ARM GAS  C:\Users\KHJTON~1\AppData\Local\Temp\ccTp3gNM.s 			page 23


 673      55435400 
 674              	.LASF20:
 675 0072 7278636D 		.ascii	"rxcmd\000"
 675      6400
 676              	.LASF5:
 677 0078 6C6F6E67 		.ascii	"long unsigned int\000"
 677      20756E73 
 677      69676E65 
 677      6420696E 
 677      7400
 678              	.LASF9:
 679 008a 75696E74 		.ascii	"uint8\000"
 679      3800
 680              	.LASF12:
 681 0090 646F7562 		.ascii	"double\000"
 681      6C6500
 682              	.LASF30:
 683 0097 2E5C4765 		.ascii	".\\Generated_Source\\PSoC5\\CAN_1_INT.c\000"
 683      6E657261 
 683      7465645F 
 683      536F7572 
 683      63655C50 
 684              	.LASF10:
 685 00bc 75696E74 		.ascii	"uint16\000"
 685      313600
 686              	.LASF17:
 687 00c3 43414E5F 		.ascii	"CAN_1_DATA_BYTES\000"
 687      315F4441 
 687      54415F42 
 687      59544553 
 687      00
 688              	.LASF8:
 689 00d4 756E7369 		.ascii	"unsigned int\000"
 689      676E6564 
 689      20696E74 
 689      00
 690              	.LASF7:
 691 00e1 6C6F6E67 		.ascii	"long long unsigned int\000"
 691      206C6F6E 
 691      6720756E 
 691      7369676E 
 691      65642069 
 692              	.LASF29:
 693 00f8 474E5520 		.ascii	"GNU C 4.8.4 20140526 (release) [ARM/embedded-4_8-br"
 693      4320342E 
 693      382E3420 
 693      32303134 
 693      30353236 
 694 012b 616E6368 		.ascii	"anch revision 211358] -mcpu=cortex-m3 -mthumb -g -O"
 694      20726576 
 694      6973696F 
 694      6E203231 
 694      31333538 
 695 015e 30202D66 		.ascii	"0 -ffunction-sections\000"
 695      66756E63 
 695      74696F6E 
 695      2D736563 
ARM GAS  C:\Users\KHJTON~1\AppData\Local\Temp\ccTp3gNM.s 			page 24


 695      74696F6E 
 696              	.LASF31:
 697 0174 443A5C77 		.ascii	"D:\\workspace\\super-eagle\\Super-Eagle\\Super-Eagl"
 697      6F726B73 
 697      70616365 
 697      5C737570 
 697      65722D65 
 698 01a3 652E6379 		.ascii	"e.cydsn\000"
 698      64736E00 
 699              	.LASF14:
 700 01ab 72656738 		.ascii	"reg8\000"
 700      00
 701              	.LASF16:
 702 01b0 73697A65 		.ascii	"sizetype\000"
 702      74797065 
 702      00
 703              	.LASF25:
 704 01b9 7278616D 		.ascii	"rxamrd\000"
 704      726400
 705              	.LASF6:
 706 01c0 6C6F6E67 		.ascii	"long long int\000"
 706      206C6F6E 
 706      6720696E 
 706      7400
 707              	.LASF13:
 708 01ce 63686172 		.ascii	"char\000"
 708      00
 709              	.LASF2:
 710 01d3 73686F72 		.ascii	"short int\000"
 710      7420696E 
 710      7400
 711              	.LASF24:
 712 01dd 72786163 		.ascii	"rxacr\000"
 712      7200
 713              	.LASF32:
 714 01e3 43414E5F 		.ascii	"CAN_1_MsgRXIsr\000"
 714      315F4D73 
 714      67525849 
 714      737200
 715              	.LASF4:
 716 01f2 6C6F6E67 		.ascii	"long int\000"
 716      20696E74 
 716      00
 717              	.LASF11:
 718 01fb 666C6F61 		.ascii	"float\000"
 718      7400
 719              	.LASF0:
 720 0201 7369676E 		.ascii	"signed char\000"
 720      65642063 
 720      68617200 
 721              		.ident	"GCC: (GNU Tools for ARM Embedded Processors) 4.8.4 20140526 (release) [ARM/embedded-4_8-br
