ARM GAS  C:\Users\khjtony\AppData\Local\Temp\cciFDJ5g.s 			page 1


   1              		.syntax unified
   2              		.cpu cortex-m3
   3              		.fpu softvfp
   4              		.eabi_attribute 20, 1
   5              		.eabi_attribute 21, 1
   6              		.eabi_attribute 23, 3
   7              		.eabi_attribute 24, 1
   8              		.eabi_attribute 25, 1
   9              		.eabi_attribute 26, 1
  10              		.eabi_attribute 30, 6
  11              		.eabi_attribute 34, 1
  12              		.eabi_attribute 18, 4
  13              		.thumb
  14              		.file	"CAN_1_INT.c"
  15              		.text
  16              	.Ltext0:
  17              		.cfi_sections	.debug_frame
  18              		.section	.text.CAN_1_MsgRXIsr,"ax",%progbits
  19              		.align	2
  20              		.global	CAN_1_MsgRXIsr
  21              		.thumb
  22              		.thumb_func
  23              		.type	CAN_1_MsgRXIsr, %function
  24              	CAN_1_MsgRXIsr:
  25              	.LFB0:
  26              		.file 1 ".\\Generated_Source\\PSoC5\\CAN_1_INT.c"
   1:.\Generated_Source\PSoC5/CAN_1_INT.c **** /*******************************************************************************
   2:.\Generated_Source\PSoC5/CAN_1_INT.c **** * File Name: CAN_1_INT.c
   3:.\Generated_Source\PSoC5/CAN_1_INT.c **** * Version 2.30
   4:.\Generated_Source\PSoC5/CAN_1_INT.c **** *
   5:.\Generated_Source\PSoC5/CAN_1_INT.c **** * Description:
   6:.\Generated_Source\PSoC5/CAN_1_INT.c **** *  This file contains the Interrupt Service Routine (ISR) for the CAN
   7:.\Generated_Source\PSoC5/CAN_1_INT.c **** *  Component. Interrupt handlers functions generate accordingly to PSoC Creator 
   8:.\Generated_Source\PSoC5/CAN_1_INT.c **** *  Customizer inputs.
   9:.\Generated_Source\PSoC5/CAN_1_INT.c **** *
  10:.\Generated_Source\PSoC5/CAN_1_INT.c **** * Note:
  11:.\Generated_Source\PSoC5/CAN_1_INT.c **** *  None
  12:.\Generated_Source\PSoC5/CAN_1_INT.c **** *
  13:.\Generated_Source\PSoC5/CAN_1_INT.c **** ********************************************************************************
  14:.\Generated_Source\PSoC5/CAN_1_INT.c **** * Copyright 2008-2012, Cypress Semiconductor Corporation.  All rights reserved.
  15:.\Generated_Source\PSoC5/CAN_1_INT.c **** * You may use this file only in accordance with the license, terms, conditions,
  16:.\Generated_Source\PSoC5/CAN_1_INT.c **** * disclaimers, and limitations in the end user license agreement accompanying
  17:.\Generated_Source\PSoC5/CAN_1_INT.c **** * the software package with which this file was provided.
  18:.\Generated_Source\PSoC5/CAN_1_INT.c **** *******************************************************************************/
  19:.\Generated_Source\PSoC5/CAN_1_INT.c **** 
  20:.\Generated_Source\PSoC5/CAN_1_INT.c **** #include "CAN_1.h"
  21:.\Generated_Source\PSoC5/CAN_1_INT.c **** 
  22:.\Generated_Source\PSoC5/CAN_1_INT.c **** /* `#START CAN_INT_C_CODE_DEFINITION` */
  23:.\Generated_Source\PSoC5/CAN_1_INT.c **** 
  24:.\Generated_Source\PSoC5/CAN_1_INT.c **** /* `#END` */
  25:.\Generated_Source\PSoC5/CAN_1_INT.c **** 
  26:.\Generated_Source\PSoC5/CAN_1_INT.c **** #if (CAN_1_ARB_LOST)
  27:.\Generated_Source\PSoC5/CAN_1_INT.c **** 
  28:.\Generated_Source\PSoC5/CAN_1_INT.c ****     /*******************************************************************************
  29:.\Generated_Source\PSoC5/CAN_1_INT.c ****     * FUNCTION NAME:   CAN_1_ArbLost
  30:.\Generated_Source\PSoC5/CAN_1_INT.c ****     ********************************************************************************
  31:.\Generated_Source\PSoC5/CAN_1_INT.c ****     *
ARM GAS  C:\Users\khjtony\AppData\Local\Temp\cciFDJ5g.s 			page 2


  32:.\Generated_Source\PSoC5/CAN_1_INT.c ****     * Summary:
  33:.\Generated_Source\PSoC5/CAN_1_INT.c ****     *  This function is entry point to Arbitration Lost Interrupt. Clears
  34:.\Generated_Source\PSoC5/CAN_1_INT.c ****     *  Arbitration Lost interrupt flag. Only generated if Arbitration Lost
  35:.\Generated_Source\PSoC5/CAN_1_INT.c ****     *  Interrupt enable in Customizer.
  36:.\Generated_Source\PSoC5/CAN_1_INT.c ****     *
  37:.\Generated_Source\PSoC5/CAN_1_INT.c ****     * Parameters:
  38:.\Generated_Source\PSoC5/CAN_1_INT.c ****     *  None.
  39:.\Generated_Source\PSoC5/CAN_1_INT.c ****     *
  40:.\Generated_Source\PSoC5/CAN_1_INT.c ****     * Return:
  41:.\Generated_Source\PSoC5/CAN_1_INT.c ****     *  None.
  42:.\Generated_Source\PSoC5/CAN_1_INT.c ****     * 
  43:.\Generated_Source\PSoC5/CAN_1_INT.c ****     * Reentrant:
  44:.\Generated_Source\PSoC5/CAN_1_INT.c ****     *  Depends on Customer code.
  45:.\Generated_Source\PSoC5/CAN_1_INT.c ****     *
  46:.\Generated_Source\PSoC5/CAN_1_INT.c ****     *******************************************************************************/
  47:.\Generated_Source\PSoC5/CAN_1_INT.c ****     void CAN_1_ArbLostIsr(void) 
  48:.\Generated_Source\PSoC5/CAN_1_INT.c ****     {
  49:.\Generated_Source\PSoC5/CAN_1_INT.c ****         /* Clear Arbitration Lost flag */
  50:.\Generated_Source\PSoC5/CAN_1_INT.c ****         CAN_1_INT_SR_REG.byte[0u] = CAN_1_ARBITRATION_LOST_MASK;
  51:.\Generated_Source\PSoC5/CAN_1_INT.c ****     
  52:.\Generated_Source\PSoC5/CAN_1_INT.c ****         /* `#START ARBITRATION_LOST_ISR` */
  53:.\Generated_Source\PSoC5/CAN_1_INT.c **** 
  54:.\Generated_Source\PSoC5/CAN_1_INT.c ****         /* `#END` */
  55:.\Generated_Source\PSoC5/CAN_1_INT.c ****     }
  56:.\Generated_Source\PSoC5/CAN_1_INT.c ****     
  57:.\Generated_Source\PSoC5/CAN_1_INT.c **** #endif /* CAN_1_ARB_LOST */
  58:.\Generated_Source\PSoC5/CAN_1_INT.c **** 
  59:.\Generated_Source\PSoC5/CAN_1_INT.c **** #if (CAN_1_OVERLOAD)
  60:.\Generated_Source\PSoC5/CAN_1_INT.c **** 
  61:.\Generated_Source\PSoC5/CAN_1_INT.c ****     /*******************************************************************************
  62:.\Generated_Source\PSoC5/CAN_1_INT.c ****     * FUNCTION NAME:   CAN_1_OvrLdErrror
  63:.\Generated_Source\PSoC5/CAN_1_INT.c ****     ********************************************************************************
  64:.\Generated_Source\PSoC5/CAN_1_INT.c ****     *
  65:.\Generated_Source\PSoC5/CAN_1_INT.c ****     * Summary:
  66:.\Generated_Source\PSoC5/CAN_1_INT.c ****     *  This function is entry point to Overload Error Interrupt. Clears Overload
  67:.\Generated_Source\PSoC5/CAN_1_INT.c ****     *  Error interrupt flag. Only generated if Overload Error Interrupt enable
  68:.\Generated_Source\PSoC5/CAN_1_INT.c ****     *  in Customizer.
  69:.\Generated_Source\PSoC5/CAN_1_INT.c ****     *
  70:.\Generated_Source\PSoC5/CAN_1_INT.c ****     * Parameters:
  71:.\Generated_Source\PSoC5/CAN_1_INT.c ****     *  None.
  72:.\Generated_Source\PSoC5/CAN_1_INT.c ****     *
  73:.\Generated_Source\PSoC5/CAN_1_INT.c ****     * Return:
  74:.\Generated_Source\PSoC5/CAN_1_INT.c ****     *  None.        
  75:.\Generated_Source\PSoC5/CAN_1_INT.c ****     *
  76:.\Generated_Source\PSoC5/CAN_1_INT.c ****     * Reentrant:
  77:.\Generated_Source\PSoC5/CAN_1_INT.c ****     *  Depends on Customer code.
  78:.\Generated_Source\PSoC5/CAN_1_INT.c ****     *
  79:.\Generated_Source\PSoC5/CAN_1_INT.c ****     *******************************************************************************/
  80:.\Generated_Source\PSoC5/CAN_1_INT.c ****     void CAN_1_OvrLdErrorIsr(void) 
  81:.\Generated_Source\PSoC5/CAN_1_INT.c ****     {
  82:.\Generated_Source\PSoC5/CAN_1_INT.c ****         /* Clear Overload Error flag */
  83:.\Generated_Source\PSoC5/CAN_1_INT.c ****         CAN_1_INT_SR_REG.byte[0u] = CAN_1_OVERLOAD_ERROR_MASK;
  84:.\Generated_Source\PSoC5/CAN_1_INT.c ****     
  85:.\Generated_Source\PSoC5/CAN_1_INT.c ****         /* `#START OVER_LOAD_ERROR_ISR` */
  86:.\Generated_Source\PSoC5/CAN_1_INT.c **** 
  87:.\Generated_Source\PSoC5/CAN_1_INT.c ****         /* `#END` */
  88:.\Generated_Source\PSoC5/CAN_1_INT.c ****     }
ARM GAS  C:\Users\khjtony\AppData\Local\Temp\cciFDJ5g.s 			page 3


  89:.\Generated_Source\PSoC5/CAN_1_INT.c ****     
  90:.\Generated_Source\PSoC5/CAN_1_INT.c **** #endif /* CAN_1_OVERLOAD */
  91:.\Generated_Source\PSoC5/CAN_1_INT.c **** 
  92:.\Generated_Source\PSoC5/CAN_1_INT.c **** #if (CAN_1_BIT_ERR)
  93:.\Generated_Source\PSoC5/CAN_1_INT.c **** 
  94:.\Generated_Source\PSoC5/CAN_1_INT.c ****     /*******************************************************************************
  95:.\Generated_Source\PSoC5/CAN_1_INT.c ****     * FUNCTION NAME:   CAN_1_BitError
  96:.\Generated_Source\PSoC5/CAN_1_INT.c ****     ********************************************************************************
  97:.\Generated_Source\PSoC5/CAN_1_INT.c ****     *
  98:.\Generated_Source\PSoC5/CAN_1_INT.c ****     * Summary:
  99:.\Generated_Source\PSoC5/CAN_1_INT.c ****     *  This function is entry point to Bit Error Interrupt. Clears Bit Error
 100:.\Generated_Source\PSoC5/CAN_1_INT.c ****     *  interrupt flag. Only generated if Bit Error Interrupt enable in Customizer.
 101:.\Generated_Source\PSoC5/CAN_1_INT.c ****     *
 102:.\Generated_Source\PSoC5/CAN_1_INT.c ****     * Parameters:
 103:.\Generated_Source\PSoC5/CAN_1_INT.c ****     *  None.
 104:.\Generated_Source\PSoC5/CAN_1_INT.c ****     *
 105:.\Generated_Source\PSoC5/CAN_1_INT.c ****     * Return:
 106:.\Generated_Source\PSoC5/CAN_1_INT.c ****     *  None.
 107:.\Generated_Source\PSoC5/CAN_1_INT.c ****     *
 108:.\Generated_Source\PSoC5/CAN_1_INT.c ****     * Reentrant:
 109:.\Generated_Source\PSoC5/CAN_1_INT.c ****     *  Depends on Customer code.
 110:.\Generated_Source\PSoC5/CAN_1_INT.c ****     *
 111:.\Generated_Source\PSoC5/CAN_1_INT.c ****     *******************************************************************************/
 112:.\Generated_Source\PSoC5/CAN_1_INT.c ****     void CAN_1_BitErrorIsr(void) 
 113:.\Generated_Source\PSoC5/CAN_1_INT.c ****     {
 114:.\Generated_Source\PSoC5/CAN_1_INT.c ****         /* Clear Bit Error flag */
 115:.\Generated_Source\PSoC5/CAN_1_INT.c ****         CAN_1_INT_SR_REG.byte[0u] = CAN_1_BIT_ERROR_MASK;
 116:.\Generated_Source\PSoC5/CAN_1_INT.c ****     
 117:.\Generated_Source\PSoC5/CAN_1_INT.c ****         /* `#START BIT_ERROR_ISR` */
 118:.\Generated_Source\PSoC5/CAN_1_INT.c **** 
 119:.\Generated_Source\PSoC5/CAN_1_INT.c ****         /* `#END` */
 120:.\Generated_Source\PSoC5/CAN_1_INT.c ****     }
 121:.\Generated_Source\PSoC5/CAN_1_INT.c ****     
 122:.\Generated_Source\PSoC5/CAN_1_INT.c **** #endif /* CAN_1_BIT_ERR */
 123:.\Generated_Source\PSoC5/CAN_1_INT.c **** 
 124:.\Generated_Source\PSoC5/CAN_1_INT.c **** #if (CAN_1_STUFF_ERR)
 125:.\Generated_Source\PSoC5/CAN_1_INT.c **** 
 126:.\Generated_Source\PSoC5/CAN_1_INT.c ****     /*******************************************************************************
 127:.\Generated_Source\PSoC5/CAN_1_INT.c ****     * FUNCTION NAME:   CAN_1_BitStuffError
 128:.\Generated_Source\PSoC5/CAN_1_INT.c ****     ********************************************************************************
 129:.\Generated_Source\PSoC5/CAN_1_INT.c ****     *
 130:.\Generated_Source\PSoC5/CAN_1_INT.c ****     * Summary:
 131:.\Generated_Source\PSoC5/CAN_1_INT.c ****     *  This function is entry point to Bit Stuff Error Interrupt. Clears Bit Stuff
 132:.\Generated_Source\PSoC5/CAN_1_INT.c ****     *  Error interrupt flag. Only generated if Bit Stuff Error Interrupt enable
 133:.\Generated_Source\PSoC5/CAN_1_INT.c ****     *  in Customizer.
 134:.\Generated_Source\PSoC5/CAN_1_INT.c ****     *
 135:.\Generated_Source\PSoC5/CAN_1_INT.c ****     * Parameters:
 136:.\Generated_Source\PSoC5/CAN_1_INT.c ****     *  None.
 137:.\Generated_Source\PSoC5/CAN_1_INT.c ****     *
 138:.\Generated_Source\PSoC5/CAN_1_INT.c ****     * Return:
 139:.\Generated_Source\PSoC5/CAN_1_INT.c ****     *  None.
 140:.\Generated_Source\PSoC5/CAN_1_INT.c ****     *
 141:.\Generated_Source\PSoC5/CAN_1_INT.c ****     * Reentrant:
 142:.\Generated_Source\PSoC5/CAN_1_INT.c ****     *  Depends on Customer code.
 143:.\Generated_Source\PSoC5/CAN_1_INT.c ****     *
 144:.\Generated_Source\PSoC5/CAN_1_INT.c ****     *******************************************************************************/
 145:.\Generated_Source\PSoC5/CAN_1_INT.c ****     void CAN_1_BitStuffErrorIsr(void) 
ARM GAS  C:\Users\khjtony\AppData\Local\Temp\cciFDJ5g.s 			page 4


 146:.\Generated_Source\PSoC5/CAN_1_INT.c ****     {
 147:.\Generated_Source\PSoC5/CAN_1_INT.c ****         /* Clear Stuff Error flag */
 148:.\Generated_Source\PSoC5/CAN_1_INT.c ****         CAN_1_INT_SR_REG.byte[0u] = CAN_1_STUFF_ERROR_MASK;
 149:.\Generated_Source\PSoC5/CAN_1_INT.c ****     
 150:.\Generated_Source\PSoC5/CAN_1_INT.c ****         /* `#START BIT_STUFF_ERROR_ISR` */
 151:.\Generated_Source\PSoC5/CAN_1_INT.c **** 
 152:.\Generated_Source\PSoC5/CAN_1_INT.c ****         /* `#END` */
 153:.\Generated_Source\PSoC5/CAN_1_INT.c ****     }
 154:.\Generated_Source\PSoC5/CAN_1_INT.c ****     
 155:.\Generated_Source\PSoC5/CAN_1_INT.c **** #endif /* CAN_1_STUFF_ERR */
 156:.\Generated_Source\PSoC5/CAN_1_INT.c **** 
 157:.\Generated_Source\PSoC5/CAN_1_INT.c **** #if (CAN_1_ACK_ERR)
 158:.\Generated_Source\PSoC5/CAN_1_INT.c **** 
 159:.\Generated_Source\PSoC5/CAN_1_INT.c ****     /*******************************************************************************
 160:.\Generated_Source\PSoC5/CAN_1_INT.c ****     * FUNCTION NAME:   CAN_1_AckErrorIsr
 161:.\Generated_Source\PSoC5/CAN_1_INT.c ****     ********************************************************************************
 162:.\Generated_Source\PSoC5/CAN_1_INT.c ****     *
 163:.\Generated_Source\PSoC5/CAN_1_INT.c ****     * Summary:
 164:.\Generated_Source\PSoC5/CAN_1_INT.c ****     *  This function is entry point to Acknowledge Error Interrupt. Clears
 165:.\Generated_Source\PSoC5/CAN_1_INT.c ****     *  Acknowledge Error interrupt flag. Only generated if Acknowledge Error
 166:.\Generated_Source\PSoC5/CAN_1_INT.c ****     *  Interrupt enable in Customizer.
 167:.\Generated_Source\PSoC5/CAN_1_INT.c ****     *
 168:.\Generated_Source\PSoC5/CAN_1_INT.c ****     * Parameters:
 169:.\Generated_Source\PSoC5/CAN_1_INT.c ****     *  None.
 170:.\Generated_Source\PSoC5/CAN_1_INT.c ****     *
 171:.\Generated_Source\PSoC5/CAN_1_INT.c ****     * Return:
 172:.\Generated_Source\PSoC5/CAN_1_INT.c ****     *  None.
 173:.\Generated_Source\PSoC5/CAN_1_INT.c ****     *
 174:.\Generated_Source\PSoC5/CAN_1_INT.c ****     * Reentrant:
 175:.\Generated_Source\PSoC5/CAN_1_INT.c ****     *  Depends on Customer code.
 176:.\Generated_Source\PSoC5/CAN_1_INT.c ****     *
 177:.\Generated_Source\PSoC5/CAN_1_INT.c ****     *******************************************************************************/
 178:.\Generated_Source\PSoC5/CAN_1_INT.c ****     void CAN_1_AckErrorIsr(void) 
 179:.\Generated_Source\PSoC5/CAN_1_INT.c ****     {
 180:.\Generated_Source\PSoC5/CAN_1_INT.c ****         /* Clear Acknoledge Error flag */
 181:.\Generated_Source\PSoC5/CAN_1_INT.c ****         CAN_1_INT_SR_REG.byte[0u] = CAN_1_ACK_ERROR_MASK;
 182:.\Generated_Source\PSoC5/CAN_1_INT.c ****     
 183:.\Generated_Source\PSoC5/CAN_1_INT.c ****         /* `#START ACKNOWLEDGE_ERROR_ISR` */
 184:.\Generated_Source\PSoC5/CAN_1_INT.c **** 
 185:.\Generated_Source\PSoC5/CAN_1_INT.c ****         /* `#END` */
 186:.\Generated_Source\PSoC5/CAN_1_INT.c ****     }
 187:.\Generated_Source\PSoC5/CAN_1_INT.c ****     
 188:.\Generated_Source\PSoC5/CAN_1_INT.c **** #endif /* CAN_1_ACK_ERR */
 189:.\Generated_Source\PSoC5/CAN_1_INT.c **** 
 190:.\Generated_Source\PSoC5/CAN_1_INT.c **** #if (CAN_1_FORM_ERR)
 191:.\Generated_Source\PSoC5/CAN_1_INT.c **** 
 192:.\Generated_Source\PSoC5/CAN_1_INT.c ****     /*******************************************************************************
 193:.\Generated_Source\PSoC5/CAN_1_INT.c ****     * FUNCTION NAME:   CAN_1_MsgError
 194:.\Generated_Source\PSoC5/CAN_1_INT.c ****     ********************************************************************************
 195:.\Generated_Source\PSoC5/CAN_1_INT.c ****     *
 196:.\Generated_Source\PSoC5/CAN_1_INT.c ****     * Summary:
 197:.\Generated_Source\PSoC5/CAN_1_INT.c ****     *  This function is entry point to Form Error Interrupt. Clears Form Error
 198:.\Generated_Source\PSoC5/CAN_1_INT.c ****     *  interrupt flag. Only generated if Form Error Interrupt enable in Customizer.
 199:.\Generated_Source\PSoC5/CAN_1_INT.c ****     *
 200:.\Generated_Source\PSoC5/CAN_1_INT.c ****     * Parameters:
 201:.\Generated_Source\PSoC5/CAN_1_INT.c ****     *  None.
 202:.\Generated_Source\PSoC5/CAN_1_INT.c ****     *
ARM GAS  C:\Users\khjtony\AppData\Local\Temp\cciFDJ5g.s 			page 5


 203:.\Generated_Source\PSoC5/CAN_1_INT.c ****     * Return:
 204:.\Generated_Source\PSoC5/CAN_1_INT.c ****     *  None.
 205:.\Generated_Source\PSoC5/CAN_1_INT.c ****     *
 206:.\Generated_Source\PSoC5/CAN_1_INT.c ****     * Reentrant:
 207:.\Generated_Source\PSoC5/CAN_1_INT.c ****     *  Depends on Customer code.
 208:.\Generated_Source\PSoC5/CAN_1_INT.c ****     *
 209:.\Generated_Source\PSoC5/CAN_1_INT.c ****     *******************************************************************************/
 210:.\Generated_Source\PSoC5/CAN_1_INT.c ****     void CAN_1_MsgErrorIsr(void) 
 211:.\Generated_Source\PSoC5/CAN_1_INT.c ****     {
 212:.\Generated_Source\PSoC5/CAN_1_INT.c ****         /* Clear Form Error flag */
 213:.\Generated_Source\PSoC5/CAN_1_INT.c ****         CAN_1_INT_SR_REG.byte[0u] = CAN_1_FORM_ERROR_MASK;
 214:.\Generated_Source\PSoC5/CAN_1_INT.c ****     
 215:.\Generated_Source\PSoC5/CAN_1_INT.c ****         /* `#START MESSAGE_ERROR_ISR` */
 216:.\Generated_Source\PSoC5/CAN_1_INT.c **** 
 217:.\Generated_Source\PSoC5/CAN_1_INT.c ****         /* `#END` */
 218:.\Generated_Source\PSoC5/CAN_1_INT.c ****     }
 219:.\Generated_Source\PSoC5/CAN_1_INT.c ****     
 220:.\Generated_Source\PSoC5/CAN_1_INT.c **** #endif /* CAN_1_FORM_ERR */
 221:.\Generated_Source\PSoC5/CAN_1_INT.c **** 
 222:.\Generated_Source\PSoC5/CAN_1_INT.c **** #if (CAN_1_CRC_ERR)
 223:.\Generated_Source\PSoC5/CAN_1_INT.c **** 
 224:.\Generated_Source\PSoC5/CAN_1_INT.c ****     /*******************************************************************************
 225:.\Generated_Source\PSoC5/CAN_1_INT.c ****     * FUNCTION NAME:   CAN_1_CrcError
 226:.\Generated_Source\PSoC5/CAN_1_INT.c ****     ********************************************************************************
 227:.\Generated_Source\PSoC5/CAN_1_INT.c ****     *
 228:.\Generated_Source\PSoC5/CAN_1_INT.c ****     * Summary:
 229:.\Generated_Source\PSoC5/CAN_1_INT.c ****     *  This function is entry point to CRC Error Interrupt. Clears CRC Error
 230:.\Generated_Source\PSoC5/CAN_1_INT.c ****     *  interrupt flag. Only generated if CRC Error Interrupt enable in Customizer.
 231:.\Generated_Source\PSoC5/CAN_1_INT.c ****     *
 232:.\Generated_Source\PSoC5/CAN_1_INT.c ****     * Parameters:
 233:.\Generated_Source\PSoC5/CAN_1_INT.c ****     *  None.
 234:.\Generated_Source\PSoC5/CAN_1_INT.c ****     *
 235:.\Generated_Source\PSoC5/CAN_1_INT.c ****     * Return:
 236:.\Generated_Source\PSoC5/CAN_1_INT.c ****     *  None.
 237:.\Generated_Source\PSoC5/CAN_1_INT.c ****     *
 238:.\Generated_Source\PSoC5/CAN_1_INT.c ****     * Reentrant:
 239:.\Generated_Source\PSoC5/CAN_1_INT.c ****     *  Depends on Customer code.
 240:.\Generated_Source\PSoC5/CAN_1_INT.c ****     *
 241:.\Generated_Source\PSoC5/CAN_1_INT.c ****     *******************************************************************************/
 242:.\Generated_Source\PSoC5/CAN_1_INT.c ****     void CAN_1_CrcErrorIsr(void) 
 243:.\Generated_Source\PSoC5/CAN_1_INT.c ****     {
 244:.\Generated_Source\PSoC5/CAN_1_INT.c ****         /* Clear CRC Error flag */
 245:.\Generated_Source\PSoC5/CAN_1_INT.c ****         CAN_1_INT_SR_REG.byte[1u] = CAN_1_CRC_ERROR_MASK;
 246:.\Generated_Source\PSoC5/CAN_1_INT.c ****     
 247:.\Generated_Source\PSoC5/CAN_1_INT.c ****         /* `#START CRC_ERROR_ISR` */
 248:.\Generated_Source\PSoC5/CAN_1_INT.c **** 
 249:.\Generated_Source\PSoC5/CAN_1_INT.c ****         /* `#END` */
 250:.\Generated_Source\PSoC5/CAN_1_INT.c ****     }
 251:.\Generated_Source\PSoC5/CAN_1_INT.c ****     
 252:.\Generated_Source\PSoC5/CAN_1_INT.c **** #endif /* CAN_1_CRC_ERR */
 253:.\Generated_Source\PSoC5/CAN_1_INT.c **** 
 254:.\Generated_Source\PSoC5/CAN_1_INT.c **** #if (CAN_1_BUS_OFF)
 255:.\Generated_Source\PSoC5/CAN_1_INT.c **** 
 256:.\Generated_Source\PSoC5/CAN_1_INT.c ****     /*******************************************************************************
 257:.\Generated_Source\PSoC5/CAN_1_INT.c ****     * FUNCTION NAME:   CAN_1_BusOff
 258:.\Generated_Source\PSoC5/CAN_1_INT.c ****     ********************************************************************************
 259:.\Generated_Source\PSoC5/CAN_1_INT.c ****     *
ARM GAS  C:\Users\khjtony\AppData\Local\Temp\cciFDJ5g.s 			page 6


 260:.\Generated_Source\PSoC5/CAN_1_INT.c ****     * Summary:
 261:.\Generated_Source\PSoC5/CAN_1_INT.c ****     *  This function is entry point to Bus Off Interrupt. Places CAN Component
 262:.\Generated_Source\PSoC5/CAN_1_INT.c ****     *  to Stop mode. Only generated if Bus Off Interrupt enable in Customizer.
 263:.\Generated_Source\PSoC5/CAN_1_INT.c ****     *  Recommended setting to enable this interrupt.
 264:.\Generated_Source\PSoC5/CAN_1_INT.c ****     *
 265:.\Generated_Source\PSoC5/CAN_1_INT.c ****     * Parameters:
 266:.\Generated_Source\PSoC5/CAN_1_INT.c ****     *  None.
 267:.\Generated_Source\PSoC5/CAN_1_INT.c ****     *
 268:.\Generated_Source\PSoC5/CAN_1_INT.c ****     * Return:
 269:.\Generated_Source\PSoC5/CAN_1_INT.c ****     *  None.
 270:.\Generated_Source\PSoC5/CAN_1_INT.c ****     *
 271:.\Generated_Source\PSoC5/CAN_1_INT.c ****     * Side Effects:
 272:.\Generated_Source\PSoC5/CAN_1_INT.c ****     *  Disable power to the CAN Core.
 273:.\Generated_Source\PSoC5/CAN_1_INT.c ****     *
 274:.\Generated_Source\PSoC5/CAN_1_INT.c ****     *******************************************************************************/
 275:.\Generated_Source\PSoC5/CAN_1_INT.c ****     void CAN_1_BusOffIsr(void) 
 276:.\Generated_Source\PSoC5/CAN_1_INT.c ****     {        
 277:.\Generated_Source\PSoC5/CAN_1_INT.c ****         /* Clear Bus Off flag */
 278:.\Generated_Source\PSoC5/CAN_1_INT.c ****         CAN_1_INT_SR_REG.byte[1u] = CAN_1_BUS_OFF_MASK;
 279:.\Generated_Source\PSoC5/CAN_1_INT.c ****     
 280:.\Generated_Source\PSoC5/CAN_1_INT.c ****         /* `#START BUS_OFF_ISR` */
 281:.\Generated_Source\PSoC5/CAN_1_INT.c **** 
 282:.\Generated_Source\PSoC5/CAN_1_INT.c ****         /* `#END` */
 283:.\Generated_Source\PSoC5/CAN_1_INT.c ****         (void) CAN_1_Stop();
 284:.\Generated_Source\PSoC5/CAN_1_INT.c ****     }
 285:.\Generated_Source\PSoC5/CAN_1_INT.c ****     
 286:.\Generated_Source\PSoC5/CAN_1_INT.c **** #endif /* CAN_1_BUS_OFF */
 287:.\Generated_Source\PSoC5/CAN_1_INT.c **** 
 288:.\Generated_Source\PSoC5/CAN_1_INT.c **** #if (CAN_1_RX_MSG_LOST)
 289:.\Generated_Source\PSoC5/CAN_1_INT.c **** 
 290:.\Generated_Source\PSoC5/CAN_1_INT.c ****     /*******************************************************************************
 291:.\Generated_Source\PSoC5/CAN_1_INT.c ****     * FUNCTION NAME:   CAN_1_MsgLost
 292:.\Generated_Source\PSoC5/CAN_1_INT.c ****     ********************************************************************************
 293:.\Generated_Source\PSoC5/CAN_1_INT.c ****     *
 294:.\Generated_Source\PSoC5/CAN_1_INT.c ****     * Summary:
 295:.\Generated_Source\PSoC5/CAN_1_INT.c ****     *  This function is entry point to Message Lost Interrupt. Clears Message Lost
 296:.\Generated_Source\PSoC5/CAN_1_INT.c ****     *  interrupt flag. Only generated if Message Lost Interrupt enable in Customizer
 297:.\Generated_Source\PSoC5/CAN_1_INT.c ****     *
 298:.\Generated_Source\PSoC5/CAN_1_INT.c ****     * Parameters:
 299:.\Generated_Source\PSoC5/CAN_1_INT.c ****     *  None.
 300:.\Generated_Source\PSoC5/CAN_1_INT.c ****     *
 301:.\Generated_Source\PSoC5/CAN_1_INT.c ****     * Return:
 302:.\Generated_Source\PSoC5/CAN_1_INT.c ****     *  None.
 303:.\Generated_Source\PSoC5/CAN_1_INT.c ****     *
 304:.\Generated_Source\PSoC5/CAN_1_INT.c ****     * Reentrant:
 305:.\Generated_Source\PSoC5/CAN_1_INT.c ****     *  Depends on Customer code.
 306:.\Generated_Source\PSoC5/CAN_1_INT.c ****     *
 307:.\Generated_Source\PSoC5/CAN_1_INT.c ****     *******************************************************************************/
 308:.\Generated_Source\PSoC5/CAN_1_INT.c ****     void CAN_1_MsgLostIsr(void) 
 309:.\Generated_Source\PSoC5/CAN_1_INT.c ****     {
 310:.\Generated_Source\PSoC5/CAN_1_INT.c ****         /* Clear Receive Message Lost flag */
 311:.\Generated_Source\PSoC5/CAN_1_INT.c ****         CAN_1_INT_SR_REG.byte[1u] = CAN_1_RX_MSG_LOST_MASK;
 312:.\Generated_Source\PSoC5/CAN_1_INT.c ****     
 313:.\Generated_Source\PSoC5/CAN_1_INT.c ****         /* `#START MESSAGE_LOST_ISR` */
 314:.\Generated_Source\PSoC5/CAN_1_INT.c **** 
 315:.\Generated_Source\PSoC5/CAN_1_INT.c ****         /* `#END` */
 316:.\Generated_Source\PSoC5/CAN_1_INT.c ****     }
ARM GAS  C:\Users\khjtony\AppData\Local\Temp\cciFDJ5g.s 			page 7


 317:.\Generated_Source\PSoC5/CAN_1_INT.c ****     
 318:.\Generated_Source\PSoC5/CAN_1_INT.c **** #endif /* CAN_1_RX_MSG_LOST */
 319:.\Generated_Source\PSoC5/CAN_1_INT.c **** 
 320:.\Generated_Source\PSoC5/CAN_1_INT.c **** #if (CAN_1_TX_MESSAGE)
 321:.\Generated_Source\PSoC5/CAN_1_INT.c **** 
 322:.\Generated_Source\PSoC5/CAN_1_INT.c ****     /*******************************************************************************
 323:.\Generated_Source\PSoC5/CAN_1_INT.c ****     * FUNCTION NAME:   CAN_1_MsgTXIsr
 324:.\Generated_Source\PSoC5/CAN_1_INT.c ****     ********************************************************************************
 325:.\Generated_Source\PSoC5/CAN_1_INT.c ****     *
 326:.\Generated_Source\PSoC5/CAN_1_INT.c ****     * Summary:
 327:.\Generated_Source\PSoC5/CAN_1_INT.c ****     *  This function is entry point to Transmit Message Interrupt. Clears Transmit
 328:.\Generated_Source\PSoC5/CAN_1_INT.c ****     *  Message interrupt flag. Only generated if Transmit Message Interrupt enable
 329:.\Generated_Source\PSoC5/CAN_1_INT.c ****     *  in Customizer.
 330:.\Generated_Source\PSoC5/CAN_1_INT.c ****     *
 331:.\Generated_Source\PSoC5/CAN_1_INT.c ****     * Parameters:
 332:.\Generated_Source\PSoC5/CAN_1_INT.c ****     *  None.
 333:.\Generated_Source\PSoC5/CAN_1_INT.c ****     *
 334:.\Generated_Source\PSoC5/CAN_1_INT.c ****     * Return:
 335:.\Generated_Source\PSoC5/CAN_1_INT.c ****     *  None.    
 336:.\Generated_Source\PSoC5/CAN_1_INT.c ****     *
 337:.\Generated_Source\PSoC5/CAN_1_INT.c ****     * Reentrant:
 338:.\Generated_Source\PSoC5/CAN_1_INT.c ****     *  Depends on Customer code.
 339:.\Generated_Source\PSoC5/CAN_1_INT.c ****     *
 340:.\Generated_Source\PSoC5/CAN_1_INT.c ****     *******************************************************************************/
 341:.\Generated_Source\PSoC5/CAN_1_INT.c ****     void CAN_1_MsgTXIsr(void) 
 342:.\Generated_Source\PSoC5/CAN_1_INT.c ****     {
 343:.\Generated_Source\PSoC5/CAN_1_INT.c ****         /* Clear Transmit Message flag */
 344:.\Generated_Source\PSoC5/CAN_1_INT.c ****         CAN_1_INT_SR_REG.byte[1u] = CAN_1_TX_MESSAGE_MASK;
 345:.\Generated_Source\PSoC5/CAN_1_INT.c ****         
 346:.\Generated_Source\PSoC5/CAN_1_INT.c ****         /* `#START MESSAGE_TRANSMITTED_ISR` */
 347:.\Generated_Source\PSoC5/CAN_1_INT.c **** 
 348:.\Generated_Source\PSoC5/CAN_1_INT.c ****         /* `#END` */
 349:.\Generated_Source\PSoC5/CAN_1_INT.c ****     }
 350:.\Generated_Source\PSoC5/CAN_1_INT.c ****     
 351:.\Generated_Source\PSoC5/CAN_1_INT.c **** #endif /* CAN_1_TX_MESSAGE */
 352:.\Generated_Source\PSoC5/CAN_1_INT.c **** 
 353:.\Generated_Source\PSoC5/CAN_1_INT.c **** #if (CAN_1_RX_MESSAGE)
 354:.\Generated_Source\PSoC5/CAN_1_INT.c **** 
 355:.\Generated_Source\PSoC5/CAN_1_INT.c ****     /*******************************************************************************
 356:.\Generated_Source\PSoC5/CAN_1_INT.c ****     * FUNCTION NAME:   CAN_1_MsgRXIsr
 357:.\Generated_Source\PSoC5/CAN_1_INT.c ****     ********************************************************************************
 358:.\Generated_Source\PSoC5/CAN_1_INT.c ****     *
 359:.\Generated_Source\PSoC5/CAN_1_INT.c ****     * Summary:
 360:.\Generated_Source\PSoC5/CAN_1_INT.c ****     *  This function is entry point to Receive Message Interrupt. Clears Receive
 361:.\Generated_Source\PSoC5/CAN_1_INT.c ****     *  Message interrupt flag and call appropriate handlers for Basic and Full
 362:.\Generated_Source\PSoC5/CAN_1_INT.c ****     *  interrupt based mailboxes. Only generated if Receive Message Interrupt
 363:.\Generated_Source\PSoC5/CAN_1_INT.c ****     *  enable in Customizer. Recommended setting to enable this interrupt.
 364:.\Generated_Source\PSoC5/CAN_1_INT.c ****     *
 365:.\Generated_Source\PSoC5/CAN_1_INT.c ****     * Parameters:
 366:.\Generated_Source\PSoC5/CAN_1_INT.c ****     *  None.
 367:.\Generated_Source\PSoC5/CAN_1_INT.c ****     *
 368:.\Generated_Source\PSoC5/CAN_1_INT.c ****     * Return:
 369:.\Generated_Source\PSoC5/CAN_1_INT.c ****     *  None.
 370:.\Generated_Source\PSoC5/CAN_1_INT.c ****     *
 371:.\Generated_Source\PSoC5/CAN_1_INT.c ****     *******************************************************************************/
 372:.\Generated_Source\PSoC5/CAN_1_INT.c ****     void CAN_1_MsgRXIsr(void) 
 373:.\Generated_Source\PSoC5/CAN_1_INT.c ****     {
ARM GAS  C:\Users\khjtony\AppData\Local\Temp\cciFDJ5g.s 			page 8


  27              		.loc 1 373 0
  28              		.cfi_startproc
  29              		@ args = 0, pretend = 0, frame = 8
  30              		@ frame_needed = 1, uses_anonymous_args = 0
  31 0000 80B5     		push	{r7, lr}
  32              		.cfi_def_cfa_offset 8
  33              		.cfi_offset 7, -8
  34              		.cfi_offset 14, -4
  35 0002 82B0     		sub	sp, sp, #8
  36              		.cfi_def_cfa_offset 16
  37 0004 00AF     		add	r7, sp, #0
  38              		.cfi_def_cfa_register 7
 374:.\Generated_Source\PSoC5/CAN_1_INT.c ****         uint8 i;
 375:.\Generated_Source\PSoC5/CAN_1_INT.c ****         uint16 shift = 0x01u;
  39              		.loc 1 375 0
  40 0006 0123     		movs	r3, #1
  41 0008 BB80     		strh	r3, [r7, #4]	@ movhi
 376:.\Generated_Source\PSoC5/CAN_1_INT.c ****     
 377:.\Generated_Source\PSoC5/CAN_1_INT.c ****         /* Clear Receive Message flag */
 378:.\Generated_Source\PSoC5/CAN_1_INT.c ****         CAN_1_INT_SR_REG.byte[1u] = CAN_1_RX_MESSAGE_MASK;
  42              		.loc 1 378 0
  43 000a 2B4B     		ldr	r3, .L16
  44 000c 1022     		movs	r2, #16
  45 000e 5A70     		strb	r2, [r3, #1]
 379:.\Generated_Source\PSoC5/CAN_1_INT.c ****         
 380:.\Generated_Source\PSoC5/CAN_1_INT.c ****         /* `#START MESSAGE_RECEIVE_ISR` */
 381:.\Generated_Source\PSoC5/CAN_1_INT.c **** 
 382:.\Generated_Source\PSoC5/CAN_1_INT.c ****         /* `#END` */
 383:.\Generated_Source\PSoC5/CAN_1_INT.c ****     
 384:.\Generated_Source\PSoC5/CAN_1_INT.c ****         for (i = 0u; i < CAN_1_NUMBER_OF_RX_MAILBOXES; i++)
  46              		.loc 1 384 0
  47 0010 0023     		movs	r3, #0
  48 0012 FB71     		strb	r3, [r7, #7]
  49 0014 4AE0     		b	.L2
  50              	.L14:
 385:.\Generated_Source\PSoC5/CAN_1_INT.c ****         {
 386:.\Generated_Source\PSoC5/CAN_1_INT.c ****             if ((CY_GET_REG16((reg16 *) &CAN_1_BUF_SR_REG.byte[0u]) & shift) == shift)
  51              		.loc 1 386 0
  52 0016 294B     		ldr	r3, .L16+4
  53 0018 1B88     		ldrh	r3, [r3]	@ movhi
  54 001a 9AB2     		uxth	r2, r3
  55 001c BB88     		ldrh	r3, [r7, #4]	@ movhi
  56 001e 1340     		ands	r3, r3, r2
  57 0020 9BB2     		uxth	r3, r3
  58 0022 BA88     		ldrh	r2, [r7, #4]
  59 0024 9A42     		cmp	r2, r3
  60 0026 3BD1     		bne	.L3
 387:.\Generated_Source\PSoC5/CAN_1_INT.c ****             {
 388:.\Generated_Source\PSoC5/CAN_1_INT.c ****                 if ((CAN_1_RX[i].rxcmd.byte[0u] & CAN_1_RX_INT_ENABLE_MASK) ==
  61              		.loc 1 388 0
  62 0028 FB79     		ldrb	r3, [r7, #7]	@ zero_extendqisi2
  63 002a 5A01     		lsls	r2, r3, #5
  64 002c 244B     		ldr	r3, .L16+8
  65 002e 1344     		add	r3, r3, r2
  66 0030 1B78     		ldrb	r3, [r3]
  67 0032 DBB2     		uxtb	r3, r3
  68 0034 03F02003 		and	r3, r3, #32
ARM GAS  C:\Users\khjtony\AppData\Local\Temp\cciFDJ5g.s 			page 9


  69 0038 002B     		cmp	r3, #0
  70 003a 31D0     		beq	.L3
 389:.\Generated_Source\PSoC5/CAN_1_INT.c ****                     CAN_1_RX_INT_ENABLE_MASK)
 390:.\Generated_Source\PSoC5/CAN_1_INT.c ****                 {
 391:.\Generated_Source\PSoC5/CAN_1_INT.c ****                     if ((CAN_1_RX_MAILBOX_TYPE & shift) == shift)
  71              		.loc 1 391 0
  72 003c BB88     		ldrh	r3, [r7, #4]	@ movhi
  73 003e 03F03F03 		and	r3, r3, #63
  74 0042 9BB2     		uxth	r3, r3
  75 0044 BA88     		ldrh	r2, [r7, #4]
  76 0046 9A42     		cmp	r2, r3
  77 0048 26D1     		bne	.L4
 392:.\Generated_Source\PSoC5/CAN_1_INT.c ****                     {
 393:.\Generated_Source\PSoC5/CAN_1_INT.c ****                         /* RX Full mailboxes handler */
 394:.\Generated_Source\PSoC5/CAN_1_INT.c ****                         switch(i)
  78              		.loc 1 394 0
  79 004a FB79     		ldrb	r3, [r7, #7]	@ zero_extendqisi2
  80 004c 052B     		cmp	r3, #5
  81 004e 21D8     		bhi	.L15
  82 0050 01A2     		adr	r2, .L7
  83 0052 52F823F0 		ldr	pc, [r2, r3, lsl #2]
  84 0056 00BF     		.p2align 2
  85              	.L7:
  86 0058 71000000 		.word	.L6+1
  87 005c 77000000 		.word	.L8+1
  88 0060 7D000000 		.word	.L9+1
  89 0064 83000000 		.word	.L10+1
  90 0068 89000000 		.word	.L11+1
  91 006c 8F000000 		.word	.L12+1
  92              		.p2align 1
  93              	.L6:
 395:.\Generated_Source\PSoC5/CAN_1_INT.c ****                         {
 396:.\Generated_Source\PSoC5/CAN_1_INT.c **** 							case 0u : CAN_1_ReceiveMsgbms_temp();
  94              		.loc 1 396 0
  95 0070 FFF7FEFF 		bl	CAN_1_ReceiveMsgbms_temp
 397:.\Generated_Source\PSoC5/CAN_1_INT.c **** 							break;
  96              		.loc 1 397 0
  97 0074 0FE0     		b	.L13
  98              	.L8:
 398:.\Generated_Source\PSoC5/CAN_1_INT.c **** 							case 1u : CAN_1_ReceiveMsgbms_volt();
  99              		.loc 1 398 0
 100 0076 FFF7FEFF 		bl	CAN_1_ReceiveMsgbms_volt
 399:.\Generated_Source\PSoC5/CAN_1_INT.c **** 							break;
 101              		.loc 1 399 0
 102 007a 0CE0     		b	.L13
 103              	.L9:
 400:.\Generated_Source\PSoC5/CAN_1_INT.c **** 							case 2u : CAN_1_ReceiveMsgbms_status();
 104              		.loc 1 400 0
 105 007c FFF7FEFF 		bl	CAN_1_ReceiveMsgbms_status
 401:.\Generated_Source\PSoC5/CAN_1_INT.c **** 							break;
 106              		.loc 1 401 0
 107 0080 09E0     		b	.L13
 108              	.L10:
 402:.\Generated_Source\PSoC5/CAN_1_INT.c **** 							case 3u : CAN_1_ReceiveMsgbms_current();
 109              		.loc 1 402 0
 110 0082 FFF7FEFF 		bl	CAN_1_ReceiveMsgbms_current
 403:.\Generated_Source\PSoC5/CAN_1_INT.c **** 							break;
ARM GAS  C:\Users\khjtony\AppData\Local\Temp\cciFDJ5g.s 			page 10


 111              		.loc 1 403 0
 112 0086 06E0     		b	.L13
 113              	.L11:
 404:.\Generated_Source\PSoC5/CAN_1_INT.c **** 							case 4u : CAN_1_ReceiveMsgthrottle();
 114              		.loc 1 404 0
 115 0088 FFF7FEFF 		bl	CAN_1_ReceiveMsgthrottle
 405:.\Generated_Source\PSoC5/CAN_1_INT.c **** 							break;
 116              		.loc 1 405 0
 117 008c 03E0     		b	.L13
 118              	.L12:
 406:.\Generated_Source\PSoC5/CAN_1_INT.c **** 							case 5u : CAN_1_ReceiveMsgbrake();
 119              		.loc 1 406 0
 120 008e FFF7FEFF 		bl	CAN_1_ReceiveMsgbrake
 407:.\Generated_Source\PSoC5/CAN_1_INT.c **** 							break;
 121              		.loc 1 407 0
 122 0092 00E0     		b	.L13
 123              	.L15:
 408:.\Generated_Source\PSoC5/CAN_1_INT.c ****                             default:
 409:.\Generated_Source\PSoC5/CAN_1_INT.c ****                             break;
 124              		.loc 1 409 0
 125 0094 00BF     		nop
 126              	.L13:
 127 0096 03E0     		b	.L3
 128              	.L4:
 410:.\Generated_Source\PSoC5/CAN_1_INT.c ****                         }
 411:.\Generated_Source\PSoC5/CAN_1_INT.c ****                     }
 412:.\Generated_Source\PSoC5/CAN_1_INT.c ****                     else
 413:.\Generated_Source\PSoC5/CAN_1_INT.c ****                     {
 414:.\Generated_Source\PSoC5/CAN_1_INT.c ****                         /* RX Basic mailbox handler */
 415:.\Generated_Source\PSoC5/CAN_1_INT.c ****                         CAN_1_ReceiveMsg(i);
 129              		.loc 1 415 0
 130 0098 FB79     		ldrb	r3, [r7, #7]	@ zero_extendqisi2
 131 009a 1846     		mov	r0, r3
 132 009c FFF7FEFF 		bl	CAN_1_ReceiveMsg
 133              	.L3:
 416:.\Generated_Source\PSoC5/CAN_1_INT.c ****                     }
 417:.\Generated_Source\PSoC5/CAN_1_INT.c ****                 }
 418:.\Generated_Source\PSoC5/CAN_1_INT.c ****             }
 419:.\Generated_Source\PSoC5/CAN_1_INT.c ****             shift <<= 1u;
 134              		.loc 1 419 0
 135 00a0 BB88     		ldrh	r3, [r7, #4]	@ movhi
 136 00a2 5B00     		lsls	r3, r3, #1
 137 00a4 BB80     		strh	r3, [r7, #4]	@ movhi
 384:.\Generated_Source\PSoC5/CAN_1_INT.c ****         for (i = 0u; i < CAN_1_NUMBER_OF_RX_MAILBOXES; i++)
 138              		.loc 1 384 0
 139 00a6 FB79     		ldrb	r3, [r7, #7]	@ zero_extendqisi2
 140 00a8 0133     		adds	r3, r3, #1
 141 00aa FB71     		strb	r3, [r7, #7]
 142              	.L2:
 384:.\Generated_Source\PSoC5/CAN_1_INT.c ****         for (i = 0u; i < CAN_1_NUMBER_OF_RX_MAILBOXES; i++)
 143              		.loc 1 384 0 is_stmt 0 discriminator 1
 144 00ac FB79     		ldrb	r3, [r7, #7]	@ zero_extendqisi2
 145 00ae 0F2B     		cmp	r3, #15
 146 00b0 B1D9     		bls	.L14
 420:.\Generated_Source\PSoC5/CAN_1_INT.c ****         }            
 421:.\Generated_Source\PSoC5/CAN_1_INT.c ****     }
 147              		.loc 1 421 0 is_stmt 1
ARM GAS  C:\Users\khjtony\AppData\Local\Temp\cciFDJ5g.s 			page 11


 148 00b2 0837     		adds	r7, r7, #8
 149 00b4 BD46     		mov	sp, r7
 150              		@ sp needed
 151 00b6 80BD     		pop	{r7, pc}
 152              	.L17:
 153              		.align	2
 154              	.L16:
 155 00b8 00A00040 		.word	1073782784
 156 00bc 08A00040 		.word	1073782792
 157 00c0 A0A00040 		.word	1073782944
 158              		.cfi_endproc
 159              	.LFE0:
 160              		.size	CAN_1_MsgRXIsr, .-CAN_1_MsgRXIsr
 161              		.section	.text.CAN_1_ISR,"ax",%progbits
 162              		.align	2
 163              		.global	CAN_1_ISR
 164              		.thumb
 165              		.thumb_func
 166              		.type	CAN_1_ISR, %function
 167              	CAN_1_ISR:
 168              	.LFB1:
 422:.\Generated_Source\PSoC5/CAN_1_INT.c ****     
 423:.\Generated_Source\PSoC5/CAN_1_INT.c **** #endif /* CAN_1_RX_MESSAGE */
 424:.\Generated_Source\PSoC5/CAN_1_INT.c **** 
 425:.\Generated_Source\PSoC5/CAN_1_INT.c **** 
 426:.\Generated_Source\PSoC5/CAN_1_INT.c **** /*******************************************************************************
 427:.\Generated_Source\PSoC5/CAN_1_INT.c **** * Function Name: CAN_1_ISR
 428:.\Generated_Source\PSoC5/CAN_1_INT.c **** ********************************************************************************
 429:.\Generated_Source\PSoC5/CAN_1_INT.c **** *
 430:.\Generated_Source\PSoC5/CAN_1_INT.c **** * Summary:
 431:.\Generated_Source\PSoC5/CAN_1_INT.c **** *  This ISR is executed when CAN core generate interrupt on one of events:
 432:.\Generated_Source\PSoC5/CAN_1_INT.c **** *  Arb_lost, Overload, Bit_err, Stuff_err, Ack_err, Form_err, Crc_err,
 433:.\Generated_Source\PSoC5/CAN_1_INT.c **** *  Buss_off, Rx_msg_lost, Tx_msg or Rx_msg. The interrupt sources depends
 434:.\Generated_Source\PSoC5/CAN_1_INT.c **** *  on Customizer inputs.
 435:.\Generated_Source\PSoC5/CAN_1_INT.c **** *
 436:.\Generated_Source\PSoC5/CAN_1_INT.c **** * Parameters:
 437:.\Generated_Source\PSoC5/CAN_1_INT.c **** *  None.
 438:.\Generated_Source\PSoC5/CAN_1_INT.c **** *
 439:.\Generated_Source\PSoC5/CAN_1_INT.c **** * Return:
 440:.\Generated_Source\PSoC5/CAN_1_INT.c **** *  None.
 441:.\Generated_Source\PSoC5/CAN_1_INT.c **** *
 442:.\Generated_Source\PSoC5/CAN_1_INT.c **** *******************************************************************************/
 443:.\Generated_Source\PSoC5/CAN_1_INT.c **** CY_ISR(CAN_1_ISR)
 444:.\Generated_Source\PSoC5/CAN_1_INT.c **** {
 169              		.loc 1 444 0
 170              		.cfi_startproc
 171              		@ args = 0, pretend = 0, frame = 0
 172              		@ frame_needed = 1, uses_anonymous_args = 0
 173 0000 80B5     		push	{r7, lr}
 174              		.cfi_def_cfa_offset 8
 175              		.cfi_offset 7, -8
 176              		.cfi_offset 14, -4
 177 0002 00AF     		add	r7, sp, #0
 178              		.cfi_def_cfa_register 7
 445:.\Generated_Source\PSoC5/CAN_1_INT.c ****     /* Place your Interrupt code here. */
 446:.\Generated_Source\PSoC5/CAN_1_INT.c ****     /* `#START CAN_ISR` */
 447:.\Generated_Source\PSoC5/CAN_1_INT.c **** 
ARM GAS  C:\Users\khjtony\AppData\Local\Temp\cciFDJ5g.s 			page 12


 448:.\Generated_Source\PSoC5/CAN_1_INT.c ****     /* `#END` */    
 449:.\Generated_Source\PSoC5/CAN_1_INT.c ****     
 450:.\Generated_Source\PSoC5/CAN_1_INT.c ****     /* Arbitration */
 451:.\Generated_Source\PSoC5/CAN_1_INT.c ****     #if (CAN_1_ARB_LOST && (CAN_1_ARB_LOST_USE_HELPER || \
 452:.\Generated_Source\PSoC5/CAN_1_INT.c ****         (!CAN_1_ADVANCED_INTERRUPT_CFG)))
 453:.\Generated_Source\PSoC5/CAN_1_INT.c ****         if ((CAN_1_INT_SR_REG.byte[0u] & CAN_1_ARBITRATION_LOST_MASK) ==
 454:.\Generated_Source\PSoC5/CAN_1_INT.c ****              CAN_1_ARBITRATION_LOST_MASK)
 455:.\Generated_Source\PSoC5/CAN_1_INT.c ****         {
 456:.\Generated_Source\PSoC5/CAN_1_INT.c ****             CAN_1_ArbLostIsr();
 457:.\Generated_Source\PSoC5/CAN_1_INT.c ****         } 
 458:.\Generated_Source\PSoC5/CAN_1_INT.c ****     #endif /* CAN_1_ARB_LOST && CAN_1_ARB_LOST_USE_HELPER */
 459:.\Generated_Source\PSoC5/CAN_1_INT.c ****     
 460:.\Generated_Source\PSoC5/CAN_1_INT.c ****     /* Overload Error */
 461:.\Generated_Source\PSoC5/CAN_1_INT.c ****     #if (CAN_1_OVERLOAD && (CAN_1_OVERLOAD_USE_HELPER || \
 462:.\Generated_Source\PSoC5/CAN_1_INT.c ****         (!CAN_1_ADVANCED_INTERRUPT_CFG)))
 463:.\Generated_Source\PSoC5/CAN_1_INT.c ****         if ((CAN_1_INT_SR_REG.byte[0u] & CAN_1_OVERLOAD_ERROR_MASK) ==
 464:.\Generated_Source\PSoC5/CAN_1_INT.c ****              CAN_1_OVERLOAD_ERROR_MASK)
 465:.\Generated_Source\PSoC5/CAN_1_INT.c ****         {
 466:.\Generated_Source\PSoC5/CAN_1_INT.c ****             CAN_1_OvrLdErrorIsr();
 467:.\Generated_Source\PSoC5/CAN_1_INT.c ****         }
 468:.\Generated_Source\PSoC5/CAN_1_INT.c ****     #endif /* CAN_1_OVERLOAD && CAN_1_OVERLOAD_USE_HELPER */
 469:.\Generated_Source\PSoC5/CAN_1_INT.c ****     
 470:.\Generated_Source\PSoC5/CAN_1_INT.c ****     /* Bit Error */
 471:.\Generated_Source\PSoC5/CAN_1_INT.c ****     #if (CAN_1_BIT_ERR && (CAN_1_BIT_ERR_USE_HELPER || \
 472:.\Generated_Source\PSoC5/CAN_1_INT.c ****         (!CAN_1_ADVANCED_INTERRUPT_CFG)))
 473:.\Generated_Source\PSoC5/CAN_1_INT.c ****         if ((CAN_1_INT_SR_REG.byte[0u] & CAN_1_BIT_ERROR_MASK) == CAN_1_BIT_ERROR_MASK)
 474:.\Generated_Source\PSoC5/CAN_1_INT.c ****         {
 475:.\Generated_Source\PSoC5/CAN_1_INT.c ****             CAN_1_BitErrorIsr();
 476:.\Generated_Source\PSoC5/CAN_1_INT.c ****         }
 477:.\Generated_Source\PSoC5/CAN_1_INT.c ****     #endif /* CAN_1_BIT_ERR && CAN_1_BIT_ERR_USE_HELPER */
 478:.\Generated_Source\PSoC5/CAN_1_INT.c ****     
 479:.\Generated_Source\PSoC5/CAN_1_INT.c ****     /* Bit Staff Error */
 480:.\Generated_Source\PSoC5/CAN_1_INT.c ****     #if (CAN_1_STUFF_ERR && (CAN_1_STUFF_ERR_USE_HELPER || \
 481:.\Generated_Source\PSoC5/CAN_1_INT.c ****         (!CAN_1_ADVANCED_INTERRUPT_CFG)))
 482:.\Generated_Source\PSoC5/CAN_1_INT.c ****         if ((CAN_1_INT_SR_REG.byte[0u] & CAN_1_STUFF_ERROR_MASK) ==
 483:.\Generated_Source\PSoC5/CAN_1_INT.c ****              CAN_1_STUFF_ERROR_MASK)
 484:.\Generated_Source\PSoC5/CAN_1_INT.c ****         {
 485:.\Generated_Source\PSoC5/CAN_1_INT.c ****             CAN_1_BitStuffErrorIsr();
 486:.\Generated_Source\PSoC5/CAN_1_INT.c ****         }
 487:.\Generated_Source\PSoC5/CAN_1_INT.c ****     #endif /* CAN_1_STUFF_ERR && CAN_1_STUFF_ERR_USE_HELPER */
 488:.\Generated_Source\PSoC5/CAN_1_INT.c ****     
 489:.\Generated_Source\PSoC5/CAN_1_INT.c ****     /* ACK Error */
 490:.\Generated_Source\PSoC5/CAN_1_INT.c ****     #if (CAN_1_ACK_ERR && (CAN_1_ACK_ERR_USE_HELPER || \
 491:.\Generated_Source\PSoC5/CAN_1_INT.c ****         (!CAN_1_ADVANCED_INTERRUPT_CFG)))
 492:.\Generated_Source\PSoC5/CAN_1_INT.c ****         if ((CAN_1_INT_SR_REG.byte[0u] & CAN_1_ACK_ERROR_MASK) ==
 493:.\Generated_Source\PSoC5/CAN_1_INT.c ****              CAN_1_ACK_ERROR_MASK)
 494:.\Generated_Source\PSoC5/CAN_1_INT.c ****         {
 495:.\Generated_Source\PSoC5/CAN_1_INT.c ****             CAN_1_AckErrorIsr();
 496:.\Generated_Source\PSoC5/CAN_1_INT.c ****         }
 497:.\Generated_Source\PSoC5/CAN_1_INT.c ****     #endif /* CAN_1_ACK_ERR && CAN_1_ACK_ERR_USE_HELPER */
 498:.\Generated_Source\PSoC5/CAN_1_INT.c ****     
 499:.\Generated_Source\PSoC5/CAN_1_INT.c ****     /* Form(msg) Error */
 500:.\Generated_Source\PSoC5/CAN_1_INT.c ****     #if (CAN_1_FORM_ERR && (CAN_1_FORM_ERR_USE_HELPER || \
 501:.\Generated_Source\PSoC5/CAN_1_INT.c ****         (!CAN_1_ADVANCED_INTERRUPT_CFG)))
 502:.\Generated_Source\PSoC5/CAN_1_INT.c ****         if ((CAN_1_INT_SR_REG.byte[0u] & CAN_1_FORM_ERROR_MASK) ==
 503:.\Generated_Source\PSoC5/CAN_1_INT.c ****              CAN_1_FORM_ERROR_MASK)
 504:.\Generated_Source\PSoC5/CAN_1_INT.c ****         {
ARM GAS  C:\Users\khjtony\AppData\Local\Temp\cciFDJ5g.s 			page 13


 505:.\Generated_Source\PSoC5/CAN_1_INT.c ****             CAN_1_MsgErrorIsr();
 506:.\Generated_Source\PSoC5/CAN_1_INT.c ****         }
 507:.\Generated_Source\PSoC5/CAN_1_INT.c ****     #endif /* CAN_1_FORM_ERR && CAN_1_FORM_ERR_USE_HELPER */
 508:.\Generated_Source\PSoC5/CAN_1_INT.c ****     
 509:.\Generated_Source\PSoC5/CAN_1_INT.c ****     /* CRC Error */
 510:.\Generated_Source\PSoC5/CAN_1_INT.c ****     #if (CAN_1_CRC_ERR && (CAN_1_CRC_ERR_USE_HELPER || \
 511:.\Generated_Source\PSoC5/CAN_1_INT.c ****         (!CAN_1_ADVANCED_INTERRUPT_CFG)))
 512:.\Generated_Source\PSoC5/CAN_1_INT.c ****         if ((CAN_1_INT_SR_REG.byte[1u] & CAN_1_CRC_ERROR_MASK) == CAN_1_CRC_ERROR_MASK)
 513:.\Generated_Source\PSoC5/CAN_1_INT.c ****         {
 514:.\Generated_Source\PSoC5/CAN_1_INT.c ****             CAN_1_CrcErrorIsr();
 515:.\Generated_Source\PSoC5/CAN_1_INT.c ****         }
 516:.\Generated_Source\PSoC5/CAN_1_INT.c ****     #endif /* CAN_1_CRC_ERR && CAN_1_CRC_ERR_USE_HELPER */
 517:.\Generated_Source\PSoC5/CAN_1_INT.c ****     
 518:.\Generated_Source\PSoC5/CAN_1_INT.c ****     /* Bus Off state */
 519:.\Generated_Source\PSoC5/CAN_1_INT.c ****     #if (CAN_1_BUS_OFF && (CAN_1_BUS_OFF_USE_HELPER || \
 520:.\Generated_Source\PSoC5/CAN_1_INT.c ****         (!CAN_1_ADVANCED_INTERRUPT_CFG)))
 521:.\Generated_Source\PSoC5/CAN_1_INT.c ****         if ((CAN_1_INT_SR_REG.byte[1u] & CAN_1_BUS_OFF_MASK) == CAN_1_BUS_OFF_MASK)
 522:.\Generated_Source\PSoC5/CAN_1_INT.c ****         {
 523:.\Generated_Source\PSoC5/CAN_1_INT.c ****             CAN_1_BusOffIsr();
 524:.\Generated_Source\PSoC5/CAN_1_INT.c ****         }
 525:.\Generated_Source\PSoC5/CAN_1_INT.c ****     #endif /* CAN_1_BUS_OFF && CAN_1_BUS_OFF_USE_HELPER */
 526:.\Generated_Source\PSoC5/CAN_1_INT.c ****     
 527:.\Generated_Source\PSoC5/CAN_1_INT.c ****     /* Message Lost */
 528:.\Generated_Source\PSoC5/CAN_1_INT.c ****     #if (CAN_1_RX_MSG_LOST && (CAN_1_RX_MSG_LOST_USE_HELPER || \
 529:.\Generated_Source\PSoC5/CAN_1_INT.c ****         (!CAN_1_ADVANCED_INTERRUPT_CFG)))
 530:.\Generated_Source\PSoC5/CAN_1_INT.c ****         if ((CAN_1_INT_SR_REG.byte[1u] & CAN_1_RX_MSG_LOST_MASK) ==
 531:.\Generated_Source\PSoC5/CAN_1_INT.c ****              CAN_1_RX_MSG_LOST_MASK)
 532:.\Generated_Source\PSoC5/CAN_1_INT.c ****         {
 533:.\Generated_Source\PSoC5/CAN_1_INT.c ****             CAN_1_MsgLostIsr();
 534:.\Generated_Source\PSoC5/CAN_1_INT.c ****         }
 535:.\Generated_Source\PSoC5/CAN_1_INT.c ****     #endif /* CAN_1_RX_MSG_LOST && CAN_1_RX_MSG_LOST_USE_HELPER */
 536:.\Generated_Source\PSoC5/CAN_1_INT.c ****     
 537:.\Generated_Source\PSoC5/CAN_1_INT.c ****     /* TX Message Send */
 538:.\Generated_Source\PSoC5/CAN_1_INT.c ****     #if (CAN_1_TX_MESSAGE && (CAN_1_TX_MESSAGE_USE_HELPER || \
 539:.\Generated_Source\PSoC5/CAN_1_INT.c ****         (!CAN_1_ADVANCED_INTERRUPT_CFG)))
 540:.\Generated_Source\PSoC5/CAN_1_INT.c ****         if ((CAN_1_INT_SR_REG.byte[1u] & CAN_1_TX_MESSAGE_MASK) ==
 541:.\Generated_Source\PSoC5/CAN_1_INT.c ****              CAN_1_TX_MESSAGE_MASK)
 542:.\Generated_Source\PSoC5/CAN_1_INT.c ****         {
 543:.\Generated_Source\PSoC5/CAN_1_INT.c ****             CAN_1_MsgTXIsr();
 544:.\Generated_Source\PSoC5/CAN_1_INT.c ****         }
 545:.\Generated_Source\PSoC5/CAN_1_INT.c ****     #endif /* CAN_1_TX_MESSAGE && CAN_1_TX_MESSAGE_USE_HELPER */
 546:.\Generated_Source\PSoC5/CAN_1_INT.c ****     
 547:.\Generated_Source\PSoC5/CAN_1_INT.c ****     /* RX Message Available */
 548:.\Generated_Source\PSoC5/CAN_1_INT.c ****     #if (CAN_1_RX_MESSAGE && (CAN_1_RX_MESSAGE_USE_HELPER || \
 549:.\Generated_Source\PSoC5/CAN_1_INT.c ****         (!CAN_1_ADVANCED_INTERRUPT_CFG)))
 550:.\Generated_Source\PSoC5/CAN_1_INT.c ****         if ((CAN_1_INT_SR_REG.byte[1u] & CAN_1_RX_MESSAGE_MASK) ==
 179              		.loc 1 550 0
 180 0004 044B     		ldr	r3, .L20
 181 0006 5B78     		ldrb	r3, [r3, #1]
 182 0008 DBB2     		uxtb	r3, r3
 183 000a 03F01003 		and	r3, r3, #16
 184 000e 002B     		cmp	r3, #0
 185 0010 01D0     		beq	.L18
 551:.\Generated_Source\PSoC5/CAN_1_INT.c ****              CAN_1_RX_MESSAGE_MASK)
 552:.\Generated_Source\PSoC5/CAN_1_INT.c ****         {
 553:.\Generated_Source\PSoC5/CAN_1_INT.c ****             CAN_1_MsgRXIsr();
 186              		.loc 1 553 0
ARM GAS  C:\Users\khjtony\AppData\Local\Temp\cciFDJ5g.s 			page 14


 187 0012 FFF7FEFF 		bl	CAN_1_MsgRXIsr
 188              	.L18:
 554:.\Generated_Source\PSoC5/CAN_1_INT.c ****         }
 555:.\Generated_Source\PSoC5/CAN_1_INT.c ****     #endif /* CAN_1_RX_MESSAGE && CAN_1_RX_MESSAGE_USE_HELPER */
 556:.\Generated_Source\PSoC5/CAN_1_INT.c **** 
 557:.\Generated_Source\PSoC5/CAN_1_INT.c **** 
 558:.\Generated_Source\PSoC5/CAN_1_INT.c **** }
 189              		.loc 1 558 0
 190 0016 80BD     		pop	{r7, pc}
 191              	.L21:
 192              		.align	2
 193              	.L20:
 194 0018 00A00040 		.word	1073782784
 195              		.cfi_endproc
 196              	.LFE1:
 197              		.size	CAN_1_ISR, .-CAN_1_ISR
 198              		.text
 199              	.Letext0:
 200              		.file 2 ".\\Generated_Source\\PSoC5\\cytypes.h"
 201              		.file 3 ".\\Generated_Source\\PSoC5\\CAN_1.h"
 202              		.section	.debug_info,"",%progbits
 203              	.Ldebug_info0:
 204 0000 D3010000 		.4byte	0x1d3
 205 0004 0400     		.2byte	0x4
 206 0006 00000000 		.4byte	.Ldebug_abbrev0
 207 000a 04       		.byte	0x4
 208 000b 01       		.uleb128 0x1
 209 000c 29010000 		.4byte	.LASF29
 210 0010 01       		.byte	0x1
 211 0011 C8000000 		.4byte	.LASF30
 212 0015 32000000 		.4byte	.LASF31
 213 0019 00000000 		.4byte	.Ldebug_ranges0+0
 214 001d 00000000 		.4byte	0
 215 0021 00000000 		.4byte	.Ldebug_line0
 216 0025 02       		.uleb128 0x2
 217 0026 01       		.byte	0x1
 218 0027 06       		.byte	0x6
 219 0028 01020000 		.4byte	.LASF0
 220 002c 02       		.uleb128 0x2
 221 002d 01       		.byte	0x1
 222 002e 08       		.byte	0x8
 223 002f 86000000 		.4byte	.LASF1
 224 0033 02       		.uleb128 0x2
 225 0034 02       		.byte	0x2
 226 0035 05       		.byte	0x5
 227 0036 D3010000 		.4byte	.LASF2
 228 003a 02       		.uleb128 0x2
 229 003b 02       		.byte	0x2
 230 003c 07       		.byte	0x7
 231 003d 1F000000 		.4byte	.LASF3
 232 0041 02       		.uleb128 0x2
 233 0042 04       		.byte	0x4
 234 0043 05       		.byte	0x5
 235 0044 F2010000 		.4byte	.LASF4
 236 0048 02       		.uleb128 0x2
 237 0049 04       		.byte	0x4
 238 004a 07       		.byte	0x7
ARM GAS  C:\Users\khjtony\AppData\Local\Temp\cciFDJ5g.s 			page 15


 239 004b A9000000 		.4byte	.LASF5
 240 004f 02       		.uleb128 0x2
 241 0050 08       		.byte	0x8
 242 0051 05       		.byte	0x5
 243 0052 C0010000 		.4byte	.LASF6
 244 0056 02       		.uleb128 0x2
 245 0057 08       		.byte	0x8
 246 0058 07       		.byte	0x7
 247 0059 12010000 		.4byte	.LASF7
 248 005d 03       		.uleb128 0x3
 249 005e 04       		.byte	0x4
 250 005f 05       		.byte	0x5
 251 0060 696E7400 		.ascii	"int\000"
 252 0064 02       		.uleb128 0x2
 253 0065 04       		.byte	0x4
 254 0066 07       		.byte	0x7
 255 0067 05010000 		.4byte	.LASF8
 256 006b 04       		.uleb128 0x4
 257 006c BB000000 		.4byte	.LASF9
 258 0070 02       		.byte	0x2
 259 0071 A1       		.byte	0xa1
 260 0072 2C000000 		.4byte	0x2c
 261 0076 04       		.uleb128 0x4
 262 0077 ED000000 		.4byte	.LASF10
 263 007b 02       		.byte	0x2
 264 007c A2       		.byte	0xa2
 265 007d 3A000000 		.4byte	0x3a
 266 0081 02       		.uleb128 0x2
 267 0082 04       		.byte	0x4
 268 0083 04       		.byte	0x4
 269 0084 FB010000 		.4byte	.LASF11
 270 0088 02       		.uleb128 0x2
 271 0089 08       		.byte	0x8
 272 008a 04       		.byte	0x4
 273 008b C1000000 		.4byte	.LASF12
 274 008f 02       		.uleb128 0x2
 275 0090 01       		.byte	0x1
 276 0091 08       		.byte	0x8
 277 0092 CE010000 		.4byte	.LASF13
 278 0096 05       		.uleb128 0x5
 279 0097 AB010000 		.4byte	.LASF14
 280 009b 02       		.byte	0x2
 281 009c 4B01     		.2byte	0x14b
 282 009e A2000000 		.4byte	0xa2
 283 00a2 06       		.uleb128 0x6
 284 00a3 6B000000 		.4byte	0x6b
 285 00a7 05       		.uleb128 0x5
 286 00a8 00000000 		.4byte	.LASF15
 287 00ac 02       		.byte	0x2
 288 00ad 4C01     		.2byte	0x14c
 289 00af B3000000 		.4byte	0xb3
 290 00b3 06       		.uleb128 0x6
 291 00b4 76000000 		.4byte	0x76
 292 00b8 02       		.uleb128 0x2
 293 00b9 04       		.byte	0x4
 294 00ba 07       		.byte	0x7
 295 00bb B0010000 		.4byte	.LASF16
ARM GAS  C:\Users\khjtony\AppData\Local\Temp\cciFDJ5g.s 			page 16


 296 00bf 07       		.uleb128 0x7
 297 00c0 08       		.byte	0x8
 298 00c1 03       		.byte	0x3
 299 00c2 69       		.byte	0x69
 300 00c3 D4000000 		.4byte	0xd4
 301 00c7 08       		.uleb128 0x8
 302 00c8 69000000 		.4byte	.LASF18
 303 00cc 03       		.byte	0x3
 304 00cd 6B       		.byte	0x6b
 305 00ce E4000000 		.4byte	0xe4
 306 00d2 00       		.byte	0
 307 00d3 00       		.byte	0
 308 00d4 09       		.uleb128 0x9
 309 00d5 96000000 		.4byte	0x96
 310 00d9 E4000000 		.4byte	0xe4
 311 00dd 0A       		.uleb128 0xa
 312 00de B8000000 		.4byte	0xb8
 313 00e2 07       		.byte	0x7
 314 00e3 00       		.byte	0
 315 00e4 06       		.uleb128 0x6
 316 00e5 D4000000 		.4byte	0xd4
 317 00e9 04       		.uleb128 0x4
 318 00ea F4000000 		.4byte	.LASF17
 319 00ee 03       		.byte	0x3
 320 00ef 6C       		.byte	0x6c
 321 00f0 BF000000 		.4byte	0xbf
 322 00f4 07       		.uleb128 0x7
 323 00f5 04       		.byte	0x4
 324 00f6 03       		.byte	0x3
 325 00f7 6F       		.byte	0x6f
 326 00f8 09010000 		.4byte	0x109
 327 00fc 08       		.uleb128 0x8
 328 00fd 69000000 		.4byte	.LASF18
 329 0101 03       		.byte	0x3
 330 0102 71       		.byte	0x71
 331 0103 19010000 		.4byte	0x119
 332 0107 00       		.byte	0
 333 0108 00       		.byte	0
 334 0109 09       		.uleb128 0x9
 335 010a 96000000 		.4byte	0x96
 336 010e 19010000 		.4byte	0x119
 337 0112 0A       		.uleb128 0xa
 338 0113 B8000000 		.4byte	0xb8
 339 0117 03       		.byte	0x3
 340 0118 00       		.byte	0
 341 0119 06       		.uleb128 0x6
 342 011a 09010000 		.4byte	0x109
 343 011e 04       		.uleb128 0x4
 344 011f 06000000 		.4byte	.LASF19
 345 0123 03       		.byte	0x3
 346 0124 72       		.byte	0x72
 347 0125 F4000000 		.4byte	0xf4
 348 0129 07       		.uleb128 0x7
 349 012a 20       		.byte	0x20
 350 012b 03       		.byte	0x3
 351 012c 91       		.byte	0x91
 352 012d 86010000 		.4byte	0x186
ARM GAS  C:\Users\khjtony\AppData\Local\Temp\cciFDJ5g.s 			page 17


 353 0131 08       		.uleb128 0x8
 354 0132 A5010000 		.4byte	.LASF20
 355 0136 03       		.byte	0x3
 356 0137 93       		.byte	0x93
 357 0138 1E010000 		.4byte	0x11e
 358 013c 00       		.byte	0
 359 013d 08       		.uleb128 0x8
 360 013e 94000000 		.4byte	.LASF21
 361 0142 03       		.byte	0x3
 362 0143 94       		.byte	0x94
 363 0144 1E010000 		.4byte	0x11e
 364 0148 04       		.byte	0x4
 365 0149 08       		.uleb128 0x8
 366 014a 6E000000 		.4byte	.LASF22
 367 014e 03       		.byte	0x3
 368 014f 95       		.byte	0x95
 369 0150 E9000000 		.4byte	0xe9
 370 0154 08       		.byte	0x8
 371 0155 08       		.uleb128 0x8
 372 0156 19000000 		.4byte	.LASF23
 373 015a 03       		.byte	0x3
 374 015b 96       		.byte	0x96
 375 015c 1E010000 		.4byte	0x11e
 376 0160 10       		.byte	0x10
 377 0161 08       		.uleb128 0x8
 378 0162 DD010000 		.4byte	.LASF24
 379 0166 03       		.byte	0x3
 380 0167 97       		.byte	0x97
 381 0168 1E010000 		.4byte	0x11e
 382 016c 14       		.byte	0x14
 383 016d 08       		.uleb128 0x8
 384 016e B9010000 		.4byte	.LASF25
 385 0172 03       		.byte	0x3
 386 0173 98       		.byte	0x98
 387 0174 1E010000 		.4byte	0x11e
 388 0178 18       		.byte	0x18
 389 0179 08       		.uleb128 0x8
 390 017a 75000000 		.4byte	.LASF26
 391 017e 03       		.byte	0x3
 392 017f 99       		.byte	0x99
 393 0180 1E010000 		.4byte	0x11e
 394 0184 1C       		.byte	0x1c
 395 0185 00       		.byte	0
 396 0186 04       		.uleb128 0x4
 397 0187 99000000 		.4byte	.LASF27
 398 018b 03       		.byte	0x3
 399 018c 9A       		.byte	0x9a
 400 018d 29010000 		.4byte	0x129
 401 0191 0B       		.uleb128 0xb
 402 0192 E3010000 		.4byte	.LASF32
 403 0196 01       		.byte	0x1
 404 0197 7401     		.2byte	0x174
 405 0199 00000000 		.4byte	.LFB0
 406 019d C4000000 		.4byte	.LFE0-.LFB0
 407 01a1 01       		.uleb128 0x1
 408 01a2 9C       		.byte	0x9c
 409 01a3 C4010000 		.4byte	0x1c4
ARM GAS  C:\Users\khjtony\AppData\Local\Temp\cciFDJ5g.s 			page 18


 410 01a7 0C       		.uleb128 0xc
 411 01a8 6900     		.ascii	"i\000"
 412 01aa 01       		.byte	0x1
 413 01ab 7601     		.2byte	0x176
 414 01ad 6B000000 		.4byte	0x6b
 415 01b1 02       		.uleb128 0x2
 416 01b2 91       		.byte	0x91
 417 01b3 77       		.sleb128 -9
 418 01b4 0D       		.uleb128 0xd
 419 01b5 13000000 		.4byte	.LASF28
 420 01b9 01       		.byte	0x1
 421 01ba 7701     		.2byte	0x177
 422 01bc 76000000 		.4byte	0x76
 423 01c0 02       		.uleb128 0x2
 424 01c1 91       		.byte	0x91
 425 01c2 74       		.sleb128 -12
 426 01c3 00       		.byte	0
 427 01c4 0E       		.uleb128 0xe
 428 01c5 7C000000 		.4byte	.LASF33
 429 01c9 01       		.byte	0x1
 430 01ca BB01     		.2byte	0x1bb
 431 01cc 00000000 		.4byte	.LFB1
 432 01d0 1C000000 		.4byte	.LFE1-.LFB1
 433 01d4 01       		.uleb128 0x1
 434 01d5 9C       		.byte	0x9c
 435 01d6 00       		.byte	0
 436              		.section	.debug_abbrev,"",%progbits
 437              	.Ldebug_abbrev0:
 438 0000 01       		.uleb128 0x1
 439 0001 11       		.uleb128 0x11
 440 0002 01       		.byte	0x1
 441 0003 25       		.uleb128 0x25
 442 0004 0E       		.uleb128 0xe
 443 0005 13       		.uleb128 0x13
 444 0006 0B       		.uleb128 0xb
 445 0007 03       		.uleb128 0x3
 446 0008 0E       		.uleb128 0xe
 447 0009 1B       		.uleb128 0x1b
 448 000a 0E       		.uleb128 0xe
 449 000b 55       		.uleb128 0x55
 450 000c 17       		.uleb128 0x17
 451 000d 11       		.uleb128 0x11
 452 000e 01       		.uleb128 0x1
 453 000f 10       		.uleb128 0x10
 454 0010 17       		.uleb128 0x17
 455 0011 00       		.byte	0
 456 0012 00       		.byte	0
 457 0013 02       		.uleb128 0x2
 458 0014 24       		.uleb128 0x24
 459 0015 00       		.byte	0
 460 0016 0B       		.uleb128 0xb
 461 0017 0B       		.uleb128 0xb
 462 0018 3E       		.uleb128 0x3e
 463 0019 0B       		.uleb128 0xb
 464 001a 03       		.uleb128 0x3
 465 001b 0E       		.uleb128 0xe
 466 001c 00       		.byte	0
ARM GAS  C:\Users\khjtony\AppData\Local\Temp\cciFDJ5g.s 			page 19


 467 001d 00       		.byte	0
 468 001e 03       		.uleb128 0x3
 469 001f 24       		.uleb128 0x24
 470 0020 00       		.byte	0
 471 0021 0B       		.uleb128 0xb
 472 0022 0B       		.uleb128 0xb
 473 0023 3E       		.uleb128 0x3e
 474 0024 0B       		.uleb128 0xb
 475 0025 03       		.uleb128 0x3
 476 0026 08       		.uleb128 0x8
 477 0027 00       		.byte	0
 478 0028 00       		.byte	0
 479 0029 04       		.uleb128 0x4
 480 002a 16       		.uleb128 0x16
 481 002b 00       		.byte	0
 482 002c 03       		.uleb128 0x3
 483 002d 0E       		.uleb128 0xe
 484 002e 3A       		.uleb128 0x3a
 485 002f 0B       		.uleb128 0xb
 486 0030 3B       		.uleb128 0x3b
 487 0031 0B       		.uleb128 0xb
 488 0032 49       		.uleb128 0x49
 489 0033 13       		.uleb128 0x13
 490 0034 00       		.byte	0
 491 0035 00       		.byte	0
 492 0036 05       		.uleb128 0x5
 493 0037 16       		.uleb128 0x16
 494 0038 00       		.byte	0
 495 0039 03       		.uleb128 0x3
 496 003a 0E       		.uleb128 0xe
 497 003b 3A       		.uleb128 0x3a
 498 003c 0B       		.uleb128 0xb
 499 003d 3B       		.uleb128 0x3b
 500 003e 05       		.uleb128 0x5
 501 003f 49       		.uleb128 0x49
 502 0040 13       		.uleb128 0x13
 503 0041 00       		.byte	0
 504 0042 00       		.byte	0
 505 0043 06       		.uleb128 0x6
 506 0044 35       		.uleb128 0x35
 507 0045 00       		.byte	0
 508 0046 49       		.uleb128 0x49
 509 0047 13       		.uleb128 0x13
 510 0048 00       		.byte	0
 511 0049 00       		.byte	0
 512 004a 07       		.uleb128 0x7
 513 004b 13       		.uleb128 0x13
 514 004c 01       		.byte	0x1
 515 004d 0B       		.uleb128 0xb
 516 004e 0B       		.uleb128 0xb
 517 004f 3A       		.uleb128 0x3a
 518 0050 0B       		.uleb128 0xb
 519 0051 3B       		.uleb128 0x3b
 520 0052 0B       		.uleb128 0xb
 521 0053 01       		.uleb128 0x1
 522 0054 13       		.uleb128 0x13
 523 0055 00       		.byte	0
ARM GAS  C:\Users\khjtony\AppData\Local\Temp\cciFDJ5g.s 			page 20


 524 0056 00       		.byte	0
 525 0057 08       		.uleb128 0x8
 526 0058 0D       		.uleb128 0xd
 527 0059 00       		.byte	0
 528 005a 03       		.uleb128 0x3
 529 005b 0E       		.uleb128 0xe
 530 005c 3A       		.uleb128 0x3a
 531 005d 0B       		.uleb128 0xb
 532 005e 3B       		.uleb128 0x3b
 533 005f 0B       		.uleb128 0xb
 534 0060 49       		.uleb128 0x49
 535 0061 13       		.uleb128 0x13
 536 0062 38       		.uleb128 0x38
 537 0063 0B       		.uleb128 0xb
 538 0064 00       		.byte	0
 539 0065 00       		.byte	0
 540 0066 09       		.uleb128 0x9
 541 0067 01       		.uleb128 0x1
 542 0068 01       		.byte	0x1
 543 0069 49       		.uleb128 0x49
 544 006a 13       		.uleb128 0x13
 545 006b 01       		.uleb128 0x1
 546 006c 13       		.uleb128 0x13
 547 006d 00       		.byte	0
 548 006e 00       		.byte	0
 549 006f 0A       		.uleb128 0xa
 550 0070 21       		.uleb128 0x21
 551 0071 00       		.byte	0
 552 0072 49       		.uleb128 0x49
 553 0073 13       		.uleb128 0x13
 554 0074 2F       		.uleb128 0x2f
 555 0075 0B       		.uleb128 0xb
 556 0076 00       		.byte	0
 557 0077 00       		.byte	0
 558 0078 0B       		.uleb128 0xb
 559 0079 2E       		.uleb128 0x2e
 560 007a 01       		.byte	0x1
 561 007b 3F       		.uleb128 0x3f
 562 007c 19       		.uleb128 0x19
 563 007d 03       		.uleb128 0x3
 564 007e 0E       		.uleb128 0xe
 565 007f 3A       		.uleb128 0x3a
 566 0080 0B       		.uleb128 0xb
 567 0081 3B       		.uleb128 0x3b
 568 0082 05       		.uleb128 0x5
 569 0083 27       		.uleb128 0x27
 570 0084 19       		.uleb128 0x19
 571 0085 11       		.uleb128 0x11
 572 0086 01       		.uleb128 0x1
 573 0087 12       		.uleb128 0x12
 574 0088 06       		.uleb128 0x6
 575 0089 40       		.uleb128 0x40
 576 008a 18       		.uleb128 0x18
 577 008b 9642     		.uleb128 0x2116
 578 008d 19       		.uleb128 0x19
 579 008e 01       		.uleb128 0x1
 580 008f 13       		.uleb128 0x13
ARM GAS  C:\Users\khjtony\AppData\Local\Temp\cciFDJ5g.s 			page 21


 581 0090 00       		.byte	0
 582 0091 00       		.byte	0
 583 0092 0C       		.uleb128 0xc
 584 0093 34       		.uleb128 0x34
 585 0094 00       		.byte	0
 586 0095 03       		.uleb128 0x3
 587 0096 08       		.uleb128 0x8
 588 0097 3A       		.uleb128 0x3a
 589 0098 0B       		.uleb128 0xb
 590 0099 3B       		.uleb128 0x3b
 591 009a 05       		.uleb128 0x5
 592 009b 49       		.uleb128 0x49
 593 009c 13       		.uleb128 0x13
 594 009d 02       		.uleb128 0x2
 595 009e 18       		.uleb128 0x18
 596 009f 00       		.byte	0
 597 00a0 00       		.byte	0
 598 00a1 0D       		.uleb128 0xd
 599 00a2 34       		.uleb128 0x34
 600 00a3 00       		.byte	0
 601 00a4 03       		.uleb128 0x3
 602 00a5 0E       		.uleb128 0xe
 603 00a6 3A       		.uleb128 0x3a
 604 00a7 0B       		.uleb128 0xb
 605 00a8 3B       		.uleb128 0x3b
 606 00a9 05       		.uleb128 0x5
 607 00aa 49       		.uleb128 0x49
 608 00ab 13       		.uleb128 0x13
 609 00ac 02       		.uleb128 0x2
 610 00ad 18       		.uleb128 0x18
 611 00ae 00       		.byte	0
 612 00af 00       		.byte	0
 613 00b0 0E       		.uleb128 0xe
 614 00b1 2E       		.uleb128 0x2e
 615 00b2 00       		.byte	0
 616 00b3 3F       		.uleb128 0x3f
 617 00b4 19       		.uleb128 0x19
 618 00b5 03       		.uleb128 0x3
 619 00b6 0E       		.uleb128 0xe
 620 00b7 3A       		.uleb128 0x3a
 621 00b8 0B       		.uleb128 0xb
 622 00b9 3B       		.uleb128 0x3b
 623 00ba 05       		.uleb128 0x5
 624 00bb 27       		.uleb128 0x27
 625 00bc 19       		.uleb128 0x19
 626 00bd 11       		.uleb128 0x11
 627 00be 01       		.uleb128 0x1
 628 00bf 12       		.uleb128 0x12
 629 00c0 06       		.uleb128 0x6
 630 00c1 40       		.uleb128 0x40
 631 00c2 18       		.uleb128 0x18
 632 00c3 9642     		.uleb128 0x2116
 633 00c5 19       		.uleb128 0x19
 634 00c6 00       		.byte	0
 635 00c7 00       		.byte	0
 636 00c8 00       		.byte	0
 637              		.section	.debug_aranges,"",%progbits
ARM GAS  C:\Users\khjtony\AppData\Local\Temp\cciFDJ5g.s 			page 22


 638 0000 24000000 		.4byte	0x24
 639 0004 0200     		.2byte	0x2
 640 0006 00000000 		.4byte	.Ldebug_info0
 641 000a 04       		.byte	0x4
 642 000b 00       		.byte	0
 643 000c 0000     		.2byte	0
 644 000e 0000     		.2byte	0
 645 0010 00000000 		.4byte	.LFB0
 646 0014 C4000000 		.4byte	.LFE0-.LFB0
 647 0018 00000000 		.4byte	.LFB1
 648 001c 1C000000 		.4byte	.LFE1-.LFB1
 649 0020 00000000 		.4byte	0
 650 0024 00000000 		.4byte	0
 651              		.section	.debug_ranges,"",%progbits
 652              	.Ldebug_ranges0:
 653 0000 00000000 		.4byte	.LFB0
 654 0004 C4000000 		.4byte	.LFE0
 655 0008 00000000 		.4byte	.LFB1
 656 000c 1C000000 		.4byte	.LFE1
 657 0010 00000000 		.4byte	0
 658 0014 00000000 		.4byte	0
 659              		.section	.debug_line,"",%progbits
 660              	.Ldebug_line0:
 661 0000 A3000000 		.section	.debug_str,"MS",%progbits,1
 661      02005300 
 661      00000201 
 661      FB0E0D00 
 661      01010101 
 662              	.LASF15:
 663 0000 72656731 		.ascii	"reg16\000"
 663      3600
 664              	.LASF19:
 665 0006 43414E5F 		.ascii	"CAN_1_REG_32\000"
 665      315F5245 
 665      475F3332 
 665      00
 666              	.LASF28:
 667 0013 73686966 		.ascii	"shift\000"
 667      7400
 668              	.LASF23:
 669 0019 7278616D 		.ascii	"rxamr\000"
 669      7200
 670              	.LASF3:
 671 001f 73686F72 		.ascii	"short unsigned int\000"
 671      7420756E 
 671      7369676E 
 671      65642069 
 671      6E7400
 672              	.LASF31:
 673 0032 443A5C77 		.ascii	"D:\\workspace\\Super-Eagle\\Super-Eagle\\Super-Eagl"
 673      6F726B73 
 673      70616365 
 673      5C537570 
 673      65722D45 
 674 0061 652E6379 		.ascii	"e.cydsn\000"
 674      64736E00 
 675              	.LASF18:
ARM GAS  C:\Users\khjtony\AppData\Local\Temp\cciFDJ5g.s 			page 23


 676 0069 62797465 		.ascii	"byte\000"
 676      00
 677              	.LASF22:
 678 006e 72786461 		.ascii	"rxdata\000"
 678      746100
 679              	.LASF26:
 680 0075 72786163 		.ascii	"rxacrd\000"
 680      726400
 681              	.LASF33:
 682 007c 43414E5F 		.ascii	"CAN_1_ISR\000"
 682      315F4953 
 682      5200
 683              	.LASF1:
 684 0086 756E7369 		.ascii	"unsigned char\000"
 684      676E6564 
 684      20636861 
 684      7200
 685              	.LASF21:
 686 0094 72786964 		.ascii	"rxid\000"
 686      00
 687              	.LASF27:
 688 0099 43414E5F 		.ascii	"CAN_1_RX_STRUCT\000"
 688      315F5258 
 688      5F535452 
 688      55435400 
 689              	.LASF5:
 690 00a9 6C6F6E67 		.ascii	"long unsigned int\000"
 690      20756E73 
 690      69676E65 
 690      6420696E 
 690      7400
 691              	.LASF9:
 692 00bb 75696E74 		.ascii	"uint8\000"
 692      3800
 693              	.LASF12:
 694 00c1 646F7562 		.ascii	"double\000"
 694      6C6500
 695              	.LASF30:
 696 00c8 2E5C4765 		.ascii	".\\Generated_Source\\PSoC5\\CAN_1_INT.c\000"
 696      6E657261 
 696      7465645F 
 696      536F7572 
 696      63655C50 
 697              	.LASF10:
 698 00ed 75696E74 		.ascii	"uint16\000"
 698      313600
 699              	.LASF17:
 700 00f4 43414E5F 		.ascii	"CAN_1_DATA_BYTES\000"
 700      315F4441 
 700      54415F42 
 700      59544553 
 700      00
 701              	.LASF8:
 702 0105 756E7369 		.ascii	"unsigned int\000"
 702      676E6564 
 702      20696E74 
 702      00
ARM GAS  C:\Users\khjtony\AppData\Local\Temp\cciFDJ5g.s 			page 24


 703              	.LASF7:
 704 0112 6C6F6E67 		.ascii	"long long unsigned int\000"
 704      206C6F6E 
 704      6720756E 
 704      7369676E 
 704      65642069 
 705              	.LASF29:
 706 0129 474E5520 		.ascii	"GNU C 4.8.4 20140526 (release) [ARM/embedded-4_8-br"
 706      4320342E 
 706      382E3420 
 706      32303134 
 706      30353236 
 707 015c 616E6368 		.ascii	"anch revision 211358] -mcpu=cortex-m3 -mthumb -g -O"
 707      20726576 
 707      6973696F 
 707      6E203231 
 707      31333538 
 708 018f 30202D66 		.ascii	"0 -ffunction-sections\000"
 708      66756E63 
 708      74696F6E 
 708      2D736563 
 708      74696F6E 
 709              	.LASF20:
 710 01a5 7278636D 		.ascii	"rxcmd\000"
 710      6400
 711              	.LASF14:
 712 01ab 72656738 		.ascii	"reg8\000"
 712      00
 713              	.LASF16:
 714 01b0 73697A65 		.ascii	"sizetype\000"
 714      74797065 
 714      00
 715              	.LASF25:
 716 01b9 7278616D 		.ascii	"rxamrd\000"
 716      726400
 717              	.LASF6:
 718 01c0 6C6F6E67 		.ascii	"long long int\000"
 718      206C6F6E 
 718      6720696E 
 718      7400
 719              	.LASF13:
 720 01ce 63686172 		.ascii	"char\000"
 720      00
 721              	.LASF2:
 722 01d3 73686F72 		.ascii	"short int\000"
 722      7420696E 
 722      7400
 723              	.LASF24:
 724 01dd 72786163 		.ascii	"rxacr\000"
 724      7200
 725              	.LASF32:
 726 01e3 43414E5F 		.ascii	"CAN_1_MsgRXIsr\000"
 726      315F4D73 
 726      67525849 
 726      737200
 727              	.LASF4:
 728 01f2 6C6F6E67 		.ascii	"long int\000"
ARM GAS  C:\Users\khjtony\AppData\Local\Temp\cciFDJ5g.s 			page 25


 728      20696E74 
 728      00
 729              	.LASF11:
 730 01fb 666C6F61 		.ascii	"float\000"
 730      7400
 731              	.LASF0:
 732 0201 7369676E 		.ascii	"signed char\000"
 732      65642063 
 732      68617200 
 733              		.ident	"GCC: (GNU Tools for ARM Embedded Processors) 4.8.4 20140526 (release) [ARM/embedded-4_8-br
