Archive member included because of file (symbol)

.\ARM_GCC_484\Debug\Super-Eagle.a(cyfitter_cfg.o)
                              .\ARM_GCC_484\Debug\Cm3Start.o (cyfitter_cfg)
.\ARM_GCC_484\Debug\Super-Eagle.a(LCD.o)
                              .\ARM_GCC_484\Debug\main.o (LCD_WriteControl)
.\ARM_GCC_484\Debug\Super-Eagle.a(CyBootAsmGnu.o)
                              .\ARM_GCC_484\Debug\Super-Eagle.a(cyfitter_cfg.o) (CyDelayCycles)
.\ARM_GCC_484\Debug\Super-Eagle.a(CyLib.o)
                              .\ARM_GCC_484\Debug\Cm3Start.o (CyResetStatus)
.\ARM_GCC_484\Debug\Super-Eagle.a(cyPm.o)
                              .\ARM_GCC_484\Debug\Super-Eagle.a(CyLib.o) (CyPmReadStatus)
.\ARM_GCC_484\Debug\Super-Eagle.a(CAN_1.o)
                              .\ARM_GCC_484\Debug\can_manager.o (CAN_1_Init)
.\ARM_GCC_484\Debug\Super-Eagle.a(CAN_1_INT.o)
                              .\ARM_GCC_484\Debug\Super-Eagle.a(CAN_1.o) (CAN_1_ISR)
.\ARM_GCC_484\Debug\Super-Eagle.a(CAN_1_TX_RX_func.o)
                              .\ARM_GCC_484\Debug\can_manager.o (CAN_1_SendMsg)
.\ARM_GCC_484\Debug\Super-Eagle.a(FSM_Timer.o)
                              .\ARM_GCC_484\Debug\main.o (FSM_Timer_Start)
.\ARM_GCC_484\Debug\Super-Eagle.a(FSM_ISR.o)
                              .\ARM_GCC_484\Debug\main.o (FSM_ISR_StartEx)
.\ARM_GCC_484\Debug\Super-Eagle.a(LCD_ISR.o)
                              .\ARM_GCC_484\Debug\main.o (LCD_ISR_StartEx)
.\ARM_GCC_484\Debug\Super-Eagle.a(LCD_Timer.o)
                              .\ARM_GCC_484\Debug\main.o (LCD_Timer_Start)
.\ARM_GCC_484\Debug\Super-Eagle.a(Fake_Timer.o)
                              .\ARM_GCC_484\Debug\main.o (Fake_Timer_Start)
.\ARM_GCC_484\Debug\Super-Eagle.a(Fake_ISR.o)
                              .\ARM_GCC_484\Debug\main.o (Fake_ISR_StartEx)
.\ARM_GCC_484\Debug\Super-Eagle.a(LED_Strip.o)
                              .\ARM_GCC_484\Debug\dash_board.o (LED_Strip_PutArray)
.\ARM_GCC_484\Debug\Super-Eagle.a(LED_Strip_INT.o)
                              .\ARM_GCC_484\Debug\Super-Eagle.a(LED_Strip.o) (LED_Strip_TX_ISR)
.\ARM_GCC_484\Debug\Super-Eagle.a(LED_Strip_IntClock.o)
                              .\ARM_GCC_484\Debug\Super-Eagle.a(LED_Strip.o) (LED_Strip_IntClock_Start)
.\ARM_GCC_484\Debug\Super-Eagle.a(isr_back.o)
                              .\ARM_GCC_484\Debug\main.o (isr_back_StartEx)
.\ARM_GCC_484\Debug\Super-Eagle.a(isr_OK.o)
                              .\ARM_GCC_484\Debug\main.o (isr_OK_StartEx)
.\ARM_GCC_484\Debug\Super-Eagle.a(isr_rotary.o)
                              .\ARM_GCC_484\Debug\main.o (isr_rotary_StartEx)
.\ARM_GCC_484\Debug\Super-Eagle.a(BackLit.o)
                              .\ARM_GCC_484\Debug\main.o (BackLit_Write)
.\ARM_GCC_484\Debug\Super-Eagle.a(CyFlash.o)
                              .\ARM_GCC_484\Debug\Super-Eagle.a(cyPm.o) (CyFlash_SetWaitCycles)
.\ARM_GCC_484\Debug\Super-Eagle.a(CySpc.o)
                              .\ARM_GCC_484\Debug\Super-Eagle.a(CyFlash.o) (CySpcStart)
.\ARM_GCC_484\Debug\Super-Eagle.a(cyutils.o)
                              .\ARM_GCC_484\Debug\Super-Eagle.a(Fake_Timer.o) (CySetReg24)
c:/program files (x86)/cypress/psoc creator/3.2/psoc creator/import/gnu/arm/4.8.4/bin/../lib/gcc/arm-none-eabi/4.8.4/../../../../arm-none-eabi/lib/armv7-m\libg_s.a(lib_a-errno.o)
                              .\ARM_GCC_484\Debug\Cm3Start.o (__errno)
c:/program files (x86)/cypress/psoc creator/3.2/psoc creator/import/gnu/arm/4.8.4/bin/../lib/gcc/arm-none-eabi/4.8.4/../../../../arm-none-eabi/lib/armv7-m\libg_s.a(lib_a-exit.o)
                              c:/program files (x86)/cypress/psoc creator/3.2/psoc creator/import/gnu/arm/4.8.4/bin/../lib/gcc/arm-none-eabi/4.8.4/../../../../arm-none-eabi/lib/armv7-m/crt0.o (exit)
c:/program files (x86)/cypress/psoc creator/3.2/psoc creator/import/gnu/arm/4.8.4/bin/../lib/gcc/arm-none-eabi/4.8.4/../../../../arm-none-eabi/lib/armv7-m\libg_s.a(lib_a-impure.o)
                              c:/program files (x86)/cypress/psoc creator/3.2/psoc creator/import/gnu/arm/4.8.4/bin/../lib/gcc/arm-none-eabi/4.8.4/../../../../arm-none-eabi/lib/armv7-m\libg_s.a(lib_a-exit.o) (_global_impure_ptr)
c:/program files (x86)/cypress/psoc creator/3.2/psoc creator/import/gnu/arm/4.8.4/bin/../lib/gcc/arm-none-eabi/4.8.4/../../../../arm-none-eabi/lib/armv7-m\libg_s.a(lib_a-init.o)
                              c:/program files (x86)/cypress/psoc creator/3.2/psoc creator/import/gnu/arm/4.8.4/bin/../lib/gcc/arm-none-eabi/4.8.4/../../../../arm-none-eabi/lib/armv7-m/crt0.o (__libc_init_array)
c:/program files (x86)/cypress/psoc creator/3.2/psoc creator/import/gnu/arm/4.8.4/bin/../lib/gcc/arm-none-eabi/4.8.4/../../../../arm-none-eabi/lib/armv7-m\libg_s.a(lib_a-memcpy-stub.o)
                              .\ARM_GCC_484\Debug\Super-Eagle.a(cyfitter_cfg.o) (memcpy)
[...]
Memory Configuration

Name             Origin             Length             Attributes
rom              0x00000000         0x00040000         xr
ram              0x1fff8000         0x00010000         xrw
*default*        0x00000000         0xffffffff

Linker script and memory map

LOAD c:/program files (x86)/cypress/psoc creator/3.2/psoc creator/import/gnu/arm/4.8.4/bin/../lib/gcc/arm-none-eabi/4.8.4/armv7-m/crti.o
LOAD c:/program files (x86)/cypress/psoc creator/3.2/psoc creator/import/gnu/arm/4.8.4/bin/../lib/gcc/arm-none-eabi/4.8.4/armv7-m/crtbegin.o
LOAD c:/program files (x86)/cypress/psoc creator/3.2/psoc creator/import/gnu/arm/4.8.4/bin/../lib/gcc/arm-none-eabi/4.8.4/../../../../arm-none-eabi/lib/armv7-m/crt0.o
START GROUP
LOAD .\ARM_GCC_484\Debug\main.o
LOAD .\ARM_GCC_484\Debug\LCD_Bar.o
LOAD .\ARM_GCC_484\Debug\state_event.o
LOAD .\ARM_GCC_484\Debug\dash_board.o
LOAD .\ARM_GCC_484\Debug\can_manager.o
LOAD .\ARM_GCC_484\Debug\cymetadata.o
LOAD .\ARM_GCC_484\Debug\Cm3Start.o
LOAD .\ARM_GCC_484\Debug\Super-Eagle.a
LOAD C:\Program Files (x86)\Cypress\PSoC Creator\3.2\PSoC Creator\psoc\content\cycomponentlibrary\CyComponentLibrary.cylib\CortexM3\ARM_GCC_484\Debug\CyComponentLibrary.a
END GROUP
START GROUP
LOAD c:/program files (x86)/cypress/psoc creator/3.2/psoc creator/import/gnu/arm/4.8.4/bin/../lib/gcc/arm-none-eabi/4.8.4/armv7-m\libgcc.a
LOAD c:/program files (x86)/cypress/psoc creator/3.2/psoc creator/import/gnu/arm/4.8.4/bin/../lib/gcc/arm-none-eabi/4.8.4/../../../../arm-none-eabi/lib/armv7-m\libg_s.a
LOAD c:/program files (x86)/cypress/psoc creator/3.2/psoc creator/import/gnu/arm/4.8.4/bin/../lib/gcc/arm-none-eabi/4.8.4/../../../../arm-none-eabi/lib/armv7-m\libc_s.a
END GROUP
START GROUP
LOAD c:/program files (x86)/cypress/psoc creator/3.2/psoc creator/import/gnu/arm/4.8.4/bin/../lib/gcc/arm-none-eabi/4.8.4/armv7-m\libgcc.a
LOAD c:/program files (x86)/cypress/psoc creator/3.2/psoc creator/import/gnu/arm/4.8.4/bin/../lib/gcc/arm-none-eabi/4.8.4/../../../../arm-none-eabi/lib/armv7-m\libc_s.a
END GROUP
LOAD c:/program files (x86)/cypress/psoc creator/3.2/psoc creator/import/gnu/arm/4.8.4/bin/../lib/gcc/arm-none-eabi/4.8.4/armv7-m/crtend.o
LOAD c:/program files (x86)/cypress/psoc creator/3.2/psoc creator/import/gnu/arm/4.8.4/bin/../lib/gcc/arm-none-eabi/4.8.4/armv7-m/crtn.o
START GROUP
LOAD c:/program files (x86)/cypress/psoc creator/3.2/psoc creator/import/gnu/arm/4.8.4/bin/../lib/gcc/arm-none-eabi/4.8.4/armv7-m\libgcc.a
LOAD c:/program files (x86)/cypress/psoc creator/3.2/psoc creator/import/gnu/arm/4.8.4/bin/../lib/gcc/arm-none-eabi/4.8.4/../../../../arm-none-eabi/lib/armv7-m\libc.a
LOAD c:/program files (x86)/cypress/psoc creator/3.2/psoc creator/import/gnu/arm/4.8.4/bin/../lib/gcc/arm-none-eabi/4.8.4/../../../../arm-none-eabi/lib/armv7-m\libnosys.a
END GROUP
                0x00000000                CY_APPL_ORIGIN = 0x0
                0x00000100                CY_FLASH_ROW_SIZE = 0x100
                0x00000020                CY_ECC_ROW_SIZE = 0x20
                0x00000000                CY_EE_IN_BTLDR = 0x0
                0x00000000                CY_APPL_LOADABLE = 0x0
                0x00000800                CY_EE_SIZE = 0x800
                0x00000001                CY_APPL_NUM = 0x1
                0x00000001                CY_APPL_MAX = 0x1
                0x00000040                CY_METADATA_SIZE = 0x40
                0x1fff8168                PROVIDE (__cy_heap_start, _end)
                0x00000001                PROVIDE (__cy_region_num, ((__cy_regions_end - __cy_regions) / 0x10))
                0x20008000                PROVIDE (__cy_stack, (ORIGIN (ram) + 0x10000))
                0x20007800                PROVIDE (__cy_heap_end, (__cy_stack - 0x800))

.cybootloader   0x00000000        0x0
 *(.cybootloader)
                0x00000000                appl1_start = CY_APPL_ORIGIN?CY_APPL_ORIGIN:ALIGN (CY_FLASH_ROW_SIZE)
                0x0001ff00                appl2_start = (appl1_start + ALIGN ((((0x40000 - appl1_start) - (0x2 * CY_FLASH_ROW_SIZE)) / 0x2), CY_FLASH_ROW_SIZE))
                0x00000000                appl_start = (CY_APPL_NUM == 0x1)?appl1_start:appl2_start
                0x00000000                ecc_offset = ((appl_start / CY_FLASH_ROW_SIZE) * CY_ECC_ROW_SIZE)
                0x00000000                ee_offset = (CY_APPL_LOADABLE && ! (CY_EE_IN_BTLDR))?((CY_EE_SIZE / CY_APPL_MAX) * (CY_APPL_NUM - 0x1)):0x0
                0x00000800                ee_size = (CY_APPL_LOADABLE && ! (CY_EE_IN_BTLDR))?(CY_EE_SIZE / CY_APPL_MAX):CY_EE_SIZE
                0x00000000                PROVIDE (CY_ECC_OFFSET, ecc_offset)

.text           0x00000000     0x2316
 CREATE_OBJECT_SYMBOLS
                0x00000000                PROVIDE (__cy_interrupt_vector, RomVectors)
 *(.romvectors)
 .romvectors    0x00000000       0x10 .\ARM_GCC_484\Debug\Cm3Start.o
                0x00000000                RomVectors
                0x00000001                ASSERT ((. != __cy_interrupt_vector), No interrupt vector)
                0x00000001                ASSERT (CY_APPL_ORIGIN?(SIZEOF (.cybootloader) <= CY_APPL_ORIGIN):0x1, Wrong image location)
                0x00000010                PROVIDE (__cy_reset, Reset)
 *(.text.Reset)
 .text.Reset    0x00000010       0x18 .\ARM_GCC_484\Debug\Cm3Start.o
                0x00000010                Reset
                0x00000001                ASSERT ((. != __cy_reset), No reset code)
 *(.dma_init)
                0x00000001                ASSERT ((((appl_start + .) <= 0x10000) || 0x1), DMA Init must be within the first 64k of flash)
 *(.text .text.* .gnu.linkonce.t.*)
 .text          0x00000028       0x54 c:/program files (x86)/cypress/psoc creator/3.2/psoc creator/import/gnu/arm/4.8.4/bin/../lib/gcc/arm-none-eabi/4.8.4/armv7-m/crtbegin.o
 .text.isr_rotary
                0x0000007c       0x40 .\ARM_GCC_484\Debug\main.o
                0x0000007c                isr_rotary
 .text.isr_OK   0x000000bc       0x2c .\ARM_GCC_484\Debug\main.o
                0x000000bc                isr_OK
 .text.isr_back
                0x000000e8       0x18 .\ARM_GCC_484\Debug\main.o
                0x000000e8                isr_back
 .text.LCD_Handler
                0x00000100       0x3c .\ARM_GCC_484\Debug\main.o
                0x00000100                LCD_Handler
 .text.Fake_Handler
                0x0000013c       0x18 .\ARM_GCC_484\Debug\main.o
                0x0000013c                Fake_Handler
 .text.FSM_Handler
                0x00000154       0x5c .\ARM_GCC_484\Debug\main.o
                0x00000154                FSM_Handler
 .text.main     0x000001b0       0xec .\ARM_GCC_484\Debug\main.o
                0x000001b0                main
 .text.Dash_display_Mode
                0x0000029c       0x48 .\ARM_GCC_484\Debug\dash_board.o
                0x0000029c                Dash_display_Mode
 .text.Dash_display_State
                0x000002e4       0xdc .\ARM_GCC_484\Debug\dash_board.o
                0x000002e4                Dash_display_State
 .text.Dash_display_Value
                0x000003c0      0x1b8 .\ARM_GCC_484\Debug\dash_board.o
                0x000003c0                Dash_display_Value
 .text.can_init
                0x00000578       0x14 .\ARM_GCC_484\Debug\can_manager.o
                0x00000578                can_init
 .text.IntDefaultHandler
                0x0000058c        0x8 .\ARM_GCC_484\Debug\Cm3Start.o
                0x0000058c                IntDefaultHandler
 .text.Start_c  0x00000594       0x98 .\ARM_GCC_484\Debug\Cm3Start.o
                0x00000594                Start_c
 .text.initialize_psoc
                0x0000062c       0x8c .\ARM_GCC_484\Debug\Cm3Start.o
                0x0000062c                initialize_psoc
 .text.CYMEMZERO
                0x000006b8       0x1c .\ARM_GCC_484\Debug\Super-Eagle.a(cyfitter_cfg.o)
 .text.CYCONFIGCPY
                0x000006d4       0x1c .\ARM_GCC_484\Debug\Super-Eagle.a(cyfitter_cfg.o)
 .text.CYCONFIGCPYCODE
                0x000006f0       0x1c .\ARM_GCC_484\Debug\Super-Eagle.a(cyfitter_cfg.o)
 .text.CyClockStartupError
                0x0000070c        0xc .\ARM_GCC_484\Debug\Super-Eagle.a(cyfitter_cfg.o)
 .text.cfg_write_bytes32
                0x00000718       0x74 .\ARM_GCC_484\Debug\Super-Eagle.a(cyfitter_cfg.o)
 .text.ClockSetup
                0x0000078c      0x12c .\ARM_GCC_484\Debug\Super-Eagle.a(cyfitter_cfg.o)
 .text.AnalogSetDefault
                0x000008b8       0x44 .\ARM_GCC_484\Debug\Super-Eagle.a(cyfitter_cfg.o)
 .text.cyfitter_cfg
                0x000008fc      0x1b4 .\ARM_GCC_484\Debug\Super-Eagle.a(cyfitter_cfg.o)
                0x000008fc                cyfitter_cfg
 .text.LCD_Init
                0x00000ab0       0x6c .\ARM_GCC_484\Debug\Super-Eagle.a(LCD.o)
                0x00000ab0                LCD_Init
 .text.LCD_Enable
                0x00000b1c       0x18 .\ARM_GCC_484\Debug\Super-Eagle.a(LCD.o)
                0x00000b1c                LCD_Enable
 .text.LCD_Start
                0x00000b34       0x20 .\ARM_GCC_484\Debug\Super-Eagle.a(LCD.o)
                0x00000b34                LCD_Start
 .text.LCD_Position
                0x00000b54       0x6c .\ARM_GCC_484\Debug\Super-Eagle.a(LCD.o)
                0x00000b54                LCD_Position
 .text.LCD_PrintString
                0x00000bc0       0x38 .\ARM_GCC_484\Debug\Super-Eagle.a(LCD.o)
                0x00000bc0                LCD_PrintString
 .text.LCD_PutChar
                0x00000bf8       0x18 .\ARM_GCC_484\Debug\Super-Eagle.a(LCD.o)
                0x00000bf8                LCD_PutChar
 .text.LCD_WriteData
                0x00000c10       0x34 .\ARM_GCC_484\Debug\Super-Eagle.a(LCD.o)
                0x00000c10                LCD_WriteData
 .text.LCD_WriteControl
                0x00000c44       0x34 .\ARM_GCC_484\Debug\Super-Eagle.a(LCD.o)
                0x00000c44                LCD_WriteControl
 .text.LCD_IsReady
                0x00000c78      0x178 .\ARM_GCC_484\Debug\Super-Eagle.a(LCD.o)
                0x00000c78                LCD_IsReady
 .text.LCD_WrDatNib
                0x00000df0       0x78 .\ARM_GCC_484\Debug\Super-Eagle.a(LCD.o)
 .text.LCD_WrCntrlNib
                0x00000e68       0x60 .\ARM_GCC_484\Debug\Super-Eagle.a(LCD.o)
 .text.LCD_PrintInt8
                0x00000ec8       0x34 .\ARM_GCC_484\Debug\Super-Eagle.a(LCD.o)
                0x00000ec8                LCD_PrintInt8
 .text.LCD_PrintInt16
                0x00000efc       0x28 .\ARM_GCC_484\Debug\Super-Eagle.a(LCD.o)
                0x00000efc                LCD_PrintInt16
 .text.LCD_PrintU32Number
                0x00000f24       0xa4 .\ARM_GCC_484\Debug\Super-Eagle.a(LCD.o)
                0x00000f24                LCD_PrintU32Number
 .text          0x00000fc8       0x60 .\ARM_GCC_484\Debug\Super-Eagle.a(CyBootAsmGnu.o)
                0x00000fc8                CyDelayCycles
                0x0000100c                CyEnterCriticalSection
                0x00001014                CyExitCriticalSection
 .text.CyHalt   0x00001028       0x18 .\ARM_GCC_484\Debug\Super-Eagle.a(CyLib.o)
                0x00001028                CyHalt
 .text.CyDelay  0x00001040       0x44 .\ARM_GCC_484\Debug\Super-Eagle.a(CyLib.o)
                0x00001040                CyDelay
 .text.CyDelayUs
                0x00001084       0x24 .\ARM_GCC_484\Debug\Super-Eagle.a(CyLib.o)
                0x00001084                CyDelayUs
 .text.CyIntSetVector
                0x000010a8       0x50 .\ARM_GCC_484\Debug\Super-Eagle.a(CyLib.o)
                0x000010a8                CyIntSetVector
 .text.CyIntSetPriority
                0x000010f8       0x44 .\ARM_GCC_484\Debug\Super-Eagle.a(CyLib.o)
                0x000010f8                CyIntSetPriority
 .text.CAN_1_Init
                0x0000113c      0x170 .\ARM_GCC_484\Debug\Super-Eagle.a(CAN_1.o)
                0x0000113c                CAN_1_Init
 .text.CAN_1_Enable
                0x000012ac       0x78 .\ARM_GCC_484\Debug\Super-Eagle.a(CAN_1.o)
                0x000012ac                CAN_1_Enable
 .text.CAN_1_Start
                0x00001324       0x3c .\ARM_GCC_484\Debug\Super-Eagle.a(CAN_1.o)
                0x00001324                CAN_1_Start
 .text.CAN_1_GlobalIntEnable
                0x00001360       0x40 .\ARM_GCC_484\Debug\Super-Eagle.a(CAN_1.o)
                0x00001360                CAN_1_GlobalIntEnable
 .text.CAN_1_SetPreScaler
                0x000013a0       0x44 .\ARM_GCC_484\Debug\Super-Eagle.a(CAN_1.o)
                0x000013a0                CAN_1_SetPreScaler
 .text.CAN_1_SetArbiter
                0x000013e4       0x6c .\ARM_GCC_484\Debug\Super-Eagle.a(CAN_1.o)
                0x000013e4                CAN_1_SetArbiter
 .text.CAN_1_SetTsegSample
                0x00001450       0xc4 .\ARM_GCC_484\Debug\Super-Eagle.a(CAN_1.o)
                0x00001450                CAN_1_SetTsegSample
 .text.CAN_1_SetRestartType
                0x00001514       0x6c .\ARM_GCC_484\Debug\Super-Eagle.a(CAN_1.o)
                0x00001514                CAN_1_SetRestartType
 .text.CAN_1_SetEdgeMode
                0x00001580       0x6c .\ARM_GCC_484\Debug\Super-Eagle.a(CAN_1.o)
                0x00001580                CAN_1_SetEdgeMode
 .text.CAN_1_SetOpMode
                0x000015ec       0x6c .\ARM_GCC_484\Debug\Super-Eagle.a(CAN_1.o)
                0x000015ec                CAN_1_SetOpMode
 .text.CAN_1_SetIrqMask
                0x00001658       0x38 .\ARM_GCC_484\Debug\Super-Eagle.a(CAN_1.o)
                0x00001658                CAN_1_SetIrqMask
 .text.CAN_1_RxBufConfig
                0x00001690       0xec .\ARM_GCC_484\Debug\Super-Eagle.a(CAN_1.o)
                0x00001690                CAN_1_RxBufConfig
 .text.CAN_1_TxBufConfig
                0x0000177c       0x88 .\ARM_GCC_484\Debug\Super-Eagle.a(CAN_1.o)
                0x0000177c                CAN_1_TxBufConfig
 .text.CAN_1_MsgRXIsr
                0x00001804       0xc4 .\ARM_GCC_484\Debug\Super-Eagle.a(CAN_1_INT.o)
                0x00001804                CAN_1_MsgRXIsr
 .text.CAN_1_ISR
                0x000018c8       0x1c .\ARM_GCC_484\Debug\Super-Eagle.a(CAN_1_INT.o)
                0x000018c8                CAN_1_ISR
 .text.CAN_1_ReceiveMsg
                0x000018e4       0x48 .\ARM_GCC_484\Debug\Super-Eagle.a(CAN_1_TX_RX_func.o)
                0x000018e4                CAN_1_ReceiveMsg
 .text.CAN_1_ReceiveMsgbms_temp
                0x0000192c       0x54 .\ARM_GCC_484\Debug\Super-Eagle.a(CAN_1_TX_RX_func.o)
                0x0000192c                CAN_1_ReceiveMsgbms_temp
 .text.CAN_1_ReceiveMsgbms_volt
                0x00001980       0x70 .\ARM_GCC_484\Debug\Super-Eagle.a(CAN_1_TX_RX_func.o)
                0x00001980                CAN_1_ReceiveMsgbms_volt
 .text.CAN_1_ReceiveMsgbms_status
                0x000019f0       0x5c .\ARM_GCC_484\Debug\Super-Eagle.a(CAN_1_TX_RX_func.o)
                0x000019f0                CAN_1_ReceiveMsgbms_status
 .text.CAN_1_ReceiveMsgbms_current
                0x00001a4c       0x48 .\ARM_GCC_484\Debug\Super-Eagle.a(CAN_1_TX_RX_func.o)
                0x00001a4c                CAN_1_ReceiveMsgbms_current
 .text.CAN_1_ReceiveMsgthrottle
                0x00001a94       0x2c .\ARM_GCC_484\Debug\Super-Eagle.a(CAN_1_TX_RX_func.o)
                0x00001a94                CAN_1_ReceiveMsgthrottle
 .text.CAN_1_ReceiveMsgbrake
                0x00001ac0       0x2c .\ARM_GCC_484\Debug\Super-Eagle.a(CAN_1_TX_RX_func.o)
                0x00001ac0                CAN_1_ReceiveMsgbrake
 .text.FSM_Timer_Init
                0x00001aec       0x48 .\ARM_GCC_484\Debug\Super-Eagle.a(FSM_Timer.o)
                0x00001aec                FSM_Timer_Init
 .text.FSM_Timer_Enable
                0x00001b34       0x20 .\ARM_GCC_484\Debug\Super-Eagle.a(FSM_Timer.o)
                0x00001b34                FSM_Timer_Enable
 .text.FSM_Timer_Start
                0x00001b54       0x20 .\ARM_GCC_484\Debug\Super-Eagle.a(FSM_Timer.o)
                0x00001b54                FSM_Timer_Start
 .text.FSM_Timer_SetInterruptMode
                0x00001b74       0x20 .\ARM_GCC_484\Debug\Super-Eagle.a(FSM_Timer.o)
                0x00001b74                FSM_Timer_SetInterruptMode
 .text.FSM_Timer_ReadStatusRegister
                0x00001b94       0x18 .\ARM_GCC_484\Debug\Super-Eagle.a(FSM_Timer.o)
                0x00001b94                FSM_Timer_ReadStatusRegister
 .text.FSM_Timer_WritePeriod
                0x00001bac       0x20 .\ARM_GCC_484\Debug\Super-Eagle.a(FSM_Timer.o)
                0x00001bac                FSM_Timer_WritePeriod
 .text.FSM_Timer_ReadCapture
                0x00001bcc       0x18 .\ARM_GCC_484\Debug\Super-Eagle.a(FSM_Timer.o)
                0x00001bcc                FSM_Timer_ReadCapture
 .text.FSM_Timer_WriteCounter
                0x00001be4       0x20 .\ARM_GCC_484\Debug\Super-Eagle.a(FSM_Timer.o)
                0x00001be4                FSM_Timer_WriteCounter
 .text.FSM_Timer_ClearFIFO
                0x00001c04       0x1c .\ARM_GCC_484\Debug\Super-Eagle.a(FSM_Timer.o)
                0x00001c04                FSM_Timer_ClearFIFO
 .text.FSM_ISR_StartEx
                0x00001c20       0x24 .\ARM_GCC_484\Debug\Super-Eagle.a(FSM_ISR.o)
                0x00001c20                FSM_ISR_StartEx
 .text.FSM_ISR_SetVector
                0x00001c44       0x24 .\ARM_GCC_484\Debug\Super-Eagle.a(FSM_ISR.o)
                0x00001c44                FSM_ISR_SetVector
 .text.FSM_ISR_SetPriority
                0x00001c68       0x24 .\ARM_GCC_484\Debug\Super-Eagle.a(FSM_ISR.o)
                0x00001c68                FSM_ISR_SetPriority
 .text.FSM_ISR_Enable
                0x00001c8c       0x18 .\ARM_GCC_484\Debug\Super-Eagle.a(FSM_ISR.o)
                0x00001c8c                FSM_ISR_Enable
 .text.FSM_ISR_Disable
                0x00001ca4       0x18 .\ARM_GCC_484\Debug\Super-Eagle.a(FSM_ISR.o)
                0x00001ca4                FSM_ISR_Disable
 .text.LCD_ISR_StartEx
                0x00001cbc       0x24 .\ARM_GCC_484\Debug\Super-Eagle.a(LCD_ISR.o)
                0x00001cbc                LCD_ISR_StartEx
 .text.LCD_ISR_SetVector
                0x00001ce0       0x24 .\ARM_GCC_484\Debug\Super-Eagle.a(LCD_ISR.o)
                0x00001ce0                LCD_ISR_SetVector
 .text.LCD_ISR_SetPriority
                0x00001d04       0x24 .\ARM_GCC_484\Debug\Super-Eagle.a(LCD_ISR.o)
                0x00001d04                LCD_ISR_SetPriority
 .text.LCD_ISR_Enable
                0x00001d28       0x18 .\ARM_GCC_484\Debug\Super-Eagle.a(LCD_ISR.o)
                0x00001d28                LCD_ISR_Enable
 .text.LCD_ISR_Disable
                0x00001d40       0x18 .\ARM_GCC_484\Debug\Super-Eagle.a(LCD_ISR.o)
                0x00001d40                LCD_ISR_Disable
 .text.LCD_Timer_Init
                0x00001d58       0x4c .\ARM_GCC_484\Debug\Super-Eagle.a(LCD_Timer.o)
                0x00001d58                LCD_Timer_Init
 .text.LCD_Timer_Enable
                0x00001da4       0x20 .\ARM_GCC_484\Debug\Super-Eagle.a(LCD_Timer.o)
                0x00001da4                LCD_Timer_Enable
 .text.LCD_Timer_Start
                0x00001dc4       0x20 .\ARM_GCC_484\Debug\Super-Eagle.a(LCD_Timer.o)
                0x00001dc4                LCD_Timer_Start
 .text.LCD_Timer_SetInterruptMode
                0x00001de4       0x20 .\ARM_GCC_484\Debug\Super-Eagle.a(LCD_Timer.o)
                0x00001de4                LCD_Timer_SetInterruptMode
 .text.LCD_Timer_ReadStatusRegister
                0x00001e04       0x18 .\ARM_GCC_484\Debug\Super-Eagle.a(LCD_Timer.o)
                0x00001e04                LCD_Timer_ReadStatusRegister
 .text.LCD_Timer_WritePeriod
                0x00001e1c       0x20 .\ARM_GCC_484\Debug\Super-Eagle.a(LCD_Timer.o)
                0x00001e1c                LCD_Timer_WritePeriod
 .text.LCD_Timer_ReadCapture
                0x00001e3c       0x18 .\ARM_GCC_484\Debug\Super-Eagle.a(LCD_Timer.o)
                0x00001e3c                LCD_Timer_ReadCapture
 .text.LCD_Timer_WriteCounter
                0x00001e54       0x20 .\ARM_GCC_484\Debug\Super-Eagle.a(LCD_Timer.o)
                0x00001e54                LCD_Timer_WriteCounter
 .text.LCD_Timer_ClearFIFO
                0x00001e74       0x1c .\ARM_GCC_484\Debug\Super-Eagle.a(LCD_Timer.o)
                0x00001e74                LCD_Timer_ClearFIFO
 .text.Fake_Timer_Init
                0x00001e90       0x4c .\ARM_GCC_484\Debug\Super-Eagle.a(Fake_Timer.o)
                0x00001e90                Fake_Timer_Init
 .text.Fake_Timer_Enable
                0x00001edc       0x20 .\ARM_GCC_484\Debug\Super-Eagle.a(Fake_Timer.o)
                0x00001edc                Fake_Timer_Enable
 .text.Fake_Timer_Start
                0x00001efc       0x20 .\ARM_GCC_484\Debug\Super-Eagle.a(Fake_Timer.o)
                0x00001efc                Fake_Timer_Start
 .text.Fake_Timer_SetInterruptMode
                0x00001f1c       0x20 .\ARM_GCC_484\Debug\Super-Eagle.a(Fake_Timer.o)
                0x00001f1c                Fake_Timer_SetInterruptMode
 .text.Fake_Timer_ReadStatusRegister
                0x00001f3c       0x18 .\ARM_GCC_484\Debug\Super-Eagle.a(Fake_Timer.o)
                0x00001f3c                Fake_Timer_ReadStatusRegister
 .text.Fake_Timer_WritePeriod
                0x00001f54       0x1c .\ARM_GCC_484\Debug\Super-Eagle.a(Fake_Timer.o)
                0x00001f54                Fake_Timer_WritePeriod
 .text.Fake_Timer_ReadCapture
                0x00001f70       0x1c .\ARM_GCC_484\Debug\Super-Eagle.a(Fake_Timer.o)
                0x00001f70                Fake_Timer_ReadCapture
 .text.Fake_Timer_WriteCounter
                0x00001f8c       0x1c .\ARM_GCC_484\Debug\Super-Eagle.a(Fake_Timer.o)
                0x00001f8c                Fake_Timer_WriteCounter
 .text.Fake_Timer_ClearFIFO
                0x00001fa8       0x1c .\ARM_GCC_484\Debug\Super-Eagle.a(Fake_Timer.o)
                0x00001fa8                Fake_Timer_ClearFIFO
 .text.Fake_ISR_StartEx
                0x00001fc4       0x24 .\ARM_GCC_484\Debug\Super-Eagle.a(Fake_ISR.o)
                0x00001fc4                Fake_ISR_StartEx
 .text.Fake_ISR_SetVector
                0x00001fe8       0x24 .\ARM_GCC_484\Debug\Super-Eagle.a(Fake_ISR.o)
                0x00001fe8                Fake_ISR_SetVector
 .text.Fake_ISR_SetPriority
                0x0000200c       0x24 .\ARM_GCC_484\Debug\Super-Eagle.a(Fake_ISR.o)
                0x0000200c                Fake_ISR_SetPriority
 .text.Fake_ISR_Enable
                0x00002030       0x18 .\ARM_GCC_484\Debug\Super-Eagle.a(Fake_ISR.o)
                0x00002030                Fake_ISR_Enable
 .text.Fake_ISR_Disable
                0x00002048       0x18 .\ARM_GCC_484\Debug\Super-Eagle.a(Fake_ISR.o)
                0x00002048                Fake_ISR_Disable
 .text.isr_back_StartEx
                0x00002060       0x24 .\ARM_GCC_484\Debug\Super-Eagle.a(isr_back.o)
                0x00002060                isr_back_StartEx
 .text.isr_back_SetVector
                0x00002084       0x24 .\ARM_GCC_484\Debug\Super-Eagle.a(isr_back.o)
                0x00002084                isr_back_SetVector
 .text.isr_back_SetPriority
                0x000020a8       0x24 .\ARM_GCC_484\Debug\Super-Eagle.a(isr_back.o)
                0x000020a8                isr_back_SetPriority
 .text.isr_back_Enable
                0x000020cc       0x18 .\ARM_GCC_484\Debug\Super-Eagle.a(isr_back.o)
                0x000020cc                isr_back_Enable
 .text.isr_back_Disable
                0x000020e4       0x18 .\ARM_GCC_484\Debug\Super-Eagle.a(isr_back.o)
                0x000020e4                isr_back_Disable
 .text.isr_OK_StartEx
                0x000020fc       0x24 .\ARM_GCC_484\Debug\Super-Eagle.a(isr_OK.o)
                0x000020fc                isr_OK_StartEx
 .text.isr_OK_SetVector
                0x00002120       0x24 .\ARM_GCC_484\Debug\Super-Eagle.a(isr_OK.o)
                0x00002120                isr_OK_SetVector
 .text.isr_OK_SetPriority
                0x00002144       0x24 .\ARM_GCC_484\Debug\Super-Eagle.a(isr_OK.o)
                0x00002144                isr_OK_SetPriority
 .text.isr_OK_Enable
                0x00002168       0x18 .\ARM_GCC_484\Debug\Super-Eagle.a(isr_OK.o)
                0x00002168                isr_OK_Enable
 .text.isr_OK_Disable
                0x00002180       0x18 .\ARM_GCC_484\Debug\Super-Eagle.a(isr_OK.o)
                0x00002180                isr_OK_Disable
 .text.isr_rotary_StartEx
                0x00002198       0x24 .\ARM_GCC_484\Debug\Super-Eagle.a(isr_rotary.o)
                0x00002198                isr_rotary_StartEx
 .text.isr_rotary_SetVector
                0x000021bc       0x24 .\ARM_GCC_484\Debug\Super-Eagle.a(isr_rotary.o)
                0x000021bc                isr_rotary_SetVector
 .text.isr_rotary_SetPriority
                0x000021e0       0x24 .\ARM_GCC_484\Debug\Super-Eagle.a(isr_rotary.o)
                0x000021e0                isr_rotary_SetPriority
 .text.isr_rotary_Enable
                0x00002204       0x18 .\ARM_GCC_484\Debug\Super-Eagle.a(isr_rotary.o)
                0x00002204                isr_rotary_Enable
 .text.isr_rotary_Disable
                0x0000221c       0x18 .\ARM_GCC_484\Debug\Super-Eagle.a(isr_rotary.o)
                0x0000221c                isr_rotary_Disable
 .text.BackLit_Write
                0x00002234       0x3c .\ARM_GCC_484\Debug\Super-Eagle.a(BackLit.o)
                0x00002234                BackLit_Write
 .text.CySetReg24
                0x00002270       0x38 .\ARM_GCC_484\Debug\Super-Eagle.a(cyutils.o)
                0x00002270                CySetReg24
 .text.__libc_init_array
                0x000022a8       0x4c c:/program files (x86)/cypress/psoc creator/3.2/psoc creator/import/gnu/arm/4.8.4/bin/../lib/gcc/arm-none-eabi/4.8.4/../../../../arm-none-eabi/lib/armv7-m\libg_s.a(lib_a-init.o)
                0x000022a8                __libc_init_array
 .text.memcpy   0x000022f4       0x12 c:/program files (x86)/cypress/psoc creator/3.2/psoc creator/import/gnu/arm/4.8.4/bin/../lib/gcc/arm-none-eabi/4.8.4/../../../../arm-none-eabi/lib/armv7-m\libg_s.a(lib_a-memcpy-stub.o)
                0x000022f4                memcpy
 .text.memset   0x00002306       0x10 c:/program files (x86)/cypress/psoc creator/3.2/psoc creator/import/gnu/arm/4.8.4/bin/../lib/gcc/arm-none-eabi/4.8.4/../../../../arm-none-eabi/lib/armv7-m\libg_s.a(lib_a-memset.o)
                0x00002306                memset
 *(.plt)
 *(.gnu.warning)
 *(.glue_7t)
 .glue_7t       0x00000000        0x0 linker stubs
 *(.glue_7)
 .glue_7        0x00000000        0x0 linker stubs
 *(.vfp11_veneer)
 .vfp11_veneer  0x00000000        0x0 linker stubs
 *(.bootloader)
 *(.ARM.extab* .gnu.linkonce.armextab.*)
 *(.gcc_except_table)

.v4_bx          0x00002318        0x0
 .v4_bx         0x00000000        0x0 linker stubs

.iplt           0x00002318        0x0
 .iplt          0x00000000        0x0 c:/program files (x86)/cypress/psoc creator/3.2/psoc creator/import/gnu/arm/4.8.4/bin/../lib/gcc/arm-none-eabi/4.8.4/armv7-m/crtbegin.o

.eh_frame_hdr
 *(.eh_frame_hdr)

.eh_frame       0x00002318        0x4
 *(.eh_frame)
 .eh_frame      0x00002318        0x0 c:/program files (x86)/cypress/psoc creator/3.2/psoc creator/import/gnu/arm/4.8.4/bin/../lib/gcc/arm-none-eabi/4.8.4/armv7-m/crtbegin.o
 .eh_frame      0x00002318        0x4 c:/program files (x86)/cypress/psoc creator/3.2/psoc creator/import/gnu/arm/4.8.4/bin/../lib/gcc/arm-none-eabi/4.8.4/armv7-m/crtend.o
                0x0000231c                PROVIDE (__exidx_start, .)

.ARM.exidx
 *(.ARM.exidx* .gnu.linkonce.armexidx.*)
                0x0000231c                __exidx_end = .

.rodata         0x0000231c      0x84c
 *(.rodata .rodata.* .gnu.linkonce.r.*)
 .rodata        0x0000231c       0x78 .\ARM_GCC_484\Debug\dash_board.o
 .rodata        0x00002394      0x630 .\ARM_GCC_484\Debug\Super-Eagle.a(cyfitter_cfg.o)
 .rodata        0x000029c4       0x10 .\ARM_GCC_484\Debug\Super-Eagle.a(LCD.o)
 .rodata        0x000029d4      0x160 .\ARM_GCC_484\Debug\Super-Eagle.a(CAN_1.o)
                0x00002b34                . = ALIGN (0x4)
 *(.init)
 .init          0x00002b34        0x4 c:/program files (x86)/cypress/psoc creator/3.2/psoc creator/import/gnu/arm/4.8.4/bin/../lib/gcc/arm-none-eabi/4.8.4/armv7-m/crti.o
                0x00002b34                _init
 .init          0x00002b38        0x8 c:/program files (x86)/cypress/psoc creator/3.2/psoc creator/import/gnu/arm/4.8.4/bin/../lib/gcc/arm-none-eabi/4.8.4/armv7-m/crtn.o
                0x00002b40                . = ALIGN (0x4)
                0x00002b40                __preinit_array_start = .
 *(.preinit_array)
                0x00002b40                __preinit_array_end = .
                0x00002b40                . = ALIGN (0x4)
                0x00002b40                __init_array_start = .
 *(SORT(.init_array.*))
 *(.init_array)
 .init_array    0x00002b40        0x4 c:/program files (x86)/cypress/psoc creator/3.2/psoc creator/import/gnu/arm/4.8.4/bin/../lib/gcc/arm-none-eabi/4.8.4/armv7-m/crtbegin.o
 .init_array    0x00002b44        0x4 .\ARM_GCC_484\Debug\Cm3Start.o
                0x00002b48                __init_array_end = .
                0x00002b48                . = ALIGN (0x4)
 *(.fini)
 .fini          0x00002b48        0x4 c:/program files (x86)/cypress/psoc creator/3.2/psoc creator/import/gnu/arm/4.8.4/bin/../lib/gcc/arm-none-eabi/4.8.4/armv7-m/crti.o
                0x00002b48                _fini
 .fini          0x00002b4c        0x8 c:/program files (x86)/cypress/psoc creator/3.2/psoc creator/import/gnu/arm/4.8.4/bin/../lib/gcc/arm-none-eabi/4.8.4/armv7-m/crtn.o
                0x00002b54                . = ALIGN (0x4)
                0x00002b54                __fini_array_start = .
 *(.fini_array)
 .fini_array    0x00002b54        0x4 c:/program files (x86)/cypress/psoc creator/3.2/psoc creator/import/gnu/arm/4.8.4/bin/../lib/gcc/arm-none-eabi/4.8.4/armv7-m/crtbegin.o
 *(SORT(.fini_array.*))
                0x00002b58                __fini_array_end = .
                0x00002b58                . = ALIGN (0x4)
 *crtbegin.o(.ctors)
 *(EXCLUDE_FILE(*crtend.o) .ctors)
 *(SORT(.ctors.*))
 *crtend.o(.ctors)
                0x00002b58                . = ALIGN (0x4)
 *crtbegin.o(.dtors)
 *(EXCLUDE_FILE(*crtend.o) .dtors)
 *(SORT(.dtors.*))
 *crtend.o(.dtors)
                0x00002b58                . = ALIGN (0x4)
                0x00002b58                __cy_regions = .
                0x00002b58        0x4 LONG 0x2b68 __cy_region_init_ram
                0x00002b5c        0x4 LONG 0x1fff8108 __cy_region_start_data
                0x00002b60        0x4 LONG 0x18 __cy_region_init_size_ram
                0x00002b64        0x4 LONG 0x48 __cy_region_zero_size_ram
                0x00002b68                __cy_regions_end = .
                0x00002b68                . = ALIGN (0x8)
                0x00002b68                _etext = .

.ramvectors     0x1fff8000      0x100
                0x1fff8000                __cy_region_start_ram = .
 *(.ramvectors)
 .ramvectors    0x1fff8000      0x100 .\ARM_GCC_484\Debug\Cm3Start.o
                0x1fff8000                CyRamVectors

.noinit         0x1fff8100        0x5
 *(.noinit)
 .noinit        0x1fff8100        0x4 .\ARM_GCC_484\Debug\Cm3Start.o
 .noinit        0x1fff8104        0x1 .\ARM_GCC_484\Debug\Super-Eagle.a(CyLib.o)
                0x1fff8104                CyResetStatus

.data           0x1fff8108       0x18 load address 0x00002b68
                0x1fff8108                __cy_region_start_data = .
 *(.jcr)
 .jcr           0x1fff8108        0x0 c:/program files (x86)/cypress/psoc creator/3.2/psoc creator/import/gnu/arm/4.8.4/bin/../lib/gcc/arm-none-eabi/4.8.4/armv7-m/crtbegin.o
 .jcr           0x1fff8108        0x4 c:/program files (x86)/cypress/psoc creator/3.2/psoc creator/import/gnu/arm/4.8.4/bin/../lib/gcc/arm-none-eabi/4.8.4/armv7-m/crtend.o
 *(.got.plt)
 *(.got)
 *(.shdata)
 *(.data .data.* .gnu.linkonce.d.*)
 .data          0x1fff810c        0x4 .\ARM_GCC_484\Debug\can_manager.o
                0x1fff810c                wdt_battery
                0x1fff810d                wdt_voltage
                0x1fff810e                wdt_padel
                0x1fff810f                wdt_current
 .data          0x1fff8110       0x10 .\ARM_GCC_484\Debug\Super-Eagle.a(CyLib.o)
                0x1fff8110                cydelay_freq_hz
                0x1fff8114                cydelay_freq_khz
                0x1fff8118                cydelay_freq_mhz
                0x1fff811c                cydelay_32k_ms
                0x1fff8120                . = ALIGN (0x8)
 *(.ram)
                0x1fff8120                _edata = .

.igot.plt       0x1fff8120        0x0 load address 0x00002b80
 .igot.plt      0x00000000        0x0 c:/program files (x86)/cypress/psoc creator/3.2/psoc creator/import/gnu/arm/4.8.4/bin/../lib/gcc/arm-none-eabi/4.8.4/armv7-m/crtbegin.o

.bss            0x1fff8120       0x48 load address 0x00002b80
                0x1fff8120                PROVIDE (__bss_start__, .)
 *(.shbss)
 *(.bss .bss.* .gnu.linkonce.b.*)
 .bss           0x1fff8120       0x1c c:/program files (x86)/cypress/psoc creator/3.2/psoc creator/import/gnu/arm/4.8.4/bin/../lib/gcc/arm-none-eabi/4.8.4/armv7-m/crtbegin.o
 .bss           0x1fff813c        0x6 .\ARM_GCC_484\Debug\main.o
                0x1fff813c                event
                0x1fff813e                state
                0x1fff813f                current_page
                0x1fff8140                mode
 *fill*         0x1fff8142        0x2 
 .bss           0x1fff8144       0x10 .\ARM_GCC_484\Debug\can_manager.o
                0x1fff8144                info_battery_voltage
                0x1fff8148                info_battery_current
                0x1fff814a                info_battery_temp
                0x1fff814c                info_battery_status
                0x1fff814e                info_car_speed
                0x1fff8150                info_common_time
                0x1fff8152                error_battery
                0x1fff8153                error_padel
 .bss           0x1fff8154        0x2 .\ARM_GCC_484\Debug\Super-Eagle.a(LCD.o)
                0x1fff8154                LCD_enableState
                0x1fff8155                LCD_initVar
 .bss           0x1fff8156        0x1 .\ARM_GCC_484\Debug\Super-Eagle.a(CAN_1.o)
                0x1fff8156                CAN_1_initVar
 .bss           0x1fff8157        0x1 .\ARM_GCC_484\Debug\Super-Eagle.a(FSM_Timer.o)
                0x1fff8157                FSM_Timer_initVar
 .bss           0x1fff8158        0x1 .\ARM_GCC_484\Debug\Super-Eagle.a(LCD_Timer.o)
                0x1fff8158                LCD_Timer_initVar
 .bss           0x1fff8159        0x1 .\ARM_GCC_484\Debug\Super-Eagle.a(Fake_Timer.o)
                0x1fff8159                Fake_Timer_initVar
 *(COMMON)
 *fill*         0x1fff815a        0x2 
 COMMON         0x1fff815c        0xb .\ARM_GCC_484\Debug\main.o
                0x1fff815c                LED_len
                0x1fff815d                throttle
                0x1fff8160                LED_test
                0x1fff8163                brake
                0x1fff8164                LED_rgb
                0x1fff8168                . = ALIGN (0x8)
 *fill*         0x1fff8167        0x1 
 *(.ram.b)
                0x1fff8168                _end = .
                0x1fff8168                __end = .
                0x1fff8168                PROVIDE (end, .)
                0x1fff8168                PROVIDE (__bss_end__, .)
                0x00002b68                __cy_region_init_ram = LOADADDR (.data)
                0x00000018                __cy_region_init_size_ram = (_edata - ADDR (.data))
                0x00000048                __cy_region_zero_size_ram = (_end - _edata)

.heap           0x1fff8168       0x80 load address 0x00002b80
                0x1fff8168                . = _end
                0x1fff81e8                . = (. + 0x80)
 *fill*         0x1fff8168       0x80 
                0x1fff81e8                __cy_heap_limit = .

.stack          0x20007800      0x800
                0x20007800                __cy_stack_limit = .
                0x20008000                . = (. + 0x800)
 *fill*         0x20007800      0x800 
                0x00000001                ASSERT ((__cy_stack_limit >= __cy_heap_limit), region RAM overflowed with stack)

.cyloadermeta
 *(.cyloadermeta)

.cyloadablemeta
 *(.cyloadablemeta)

.cyconfigecc    0x80000000        0x4
 *(.cyconfigecc)
 .cyconfigecc   0x80000000        0x4 .\ARM_GCC_484\Debug\cymetadata.o
                0x80000000                cy_meta_configecc

.cycustnvl      0x90000000        0x4
 *(.cycustnvl)
 .cycustnvl     0x90000000        0x4 .\ARM_GCC_484\Debug\cymetadata.o
                0x90000000                cy_meta_custnvl

.cywolatch      0x90100000        0x4
 *(.cywolatch)
 .cywolatch     0x90100000        0x4 .\ARM_GCC_484\Debug\cymetadata.o
                0x90100000                cy_meta_wonvl

.cyeeprom       0x90200000        0x0
 *(.cyeeprom)
                0x00000001                ASSERT ((. <= ((0x90200000 + ee_offset) + ee_size)), .cyeeprom data will not fit in EEPROM)

.cyflashprotect
                0x90400000      0x100
 *(.cyflashprotect)
 .cyflashprotect
                0x90400000      0x100 .\ARM_GCC_484\Debug\cymetadata.o
                0x90400000                cy_meta_flashprotect

.cymeta         0x90500000        0xc
 *(.cymeta)
 .cymeta        0x90500000        0xc .\ARM_GCC_484\Debug\cymetadata.o
                0x90500000                cy_metadata

.rel.dyn        0x00002b80        0x0 load address 0x9050000c
 .rel.iplt      0x00000000        0x0 c:/program files (x86)/cypress/psoc creator/3.2/psoc creator/import/gnu/arm/4.8.4/bin/../lib/gcc/arm-none-eabi/4.8.4/armv7-m/crtbegin.o

.stab
 *(.stab)

.stabstr
 *(.stabstr)

.debug
 *(.debug)

.line
 *(.line)

.debug_srcinfo
 *(.debug_srcinfo)

.debug_sfnames
 *(.debug_sfnames)

.debug_aranges  0x00000000      0xeb0
 *(.debug_aranges)
 .debug_aranges
                0x00000000       0x58 .\ARM_GCC_484\Debug\main.o
 .debug_aranges
                0x00000058       0x20 .\ARM_GCC_484\Debug\LCD_Bar.o
 .debug_aranges
                0x00000078       0x70 .\ARM_GCC_484\Debug\state_event.o
 .debug_aranges
                0x000000e8       0x40 .\ARM_GCC_484\Debug\dash_board.o
 .debug_aranges
                0x00000128       0x28 .\ARM_GCC_484\Debug\can_manager.o
 .debug_aranges
                0x00000150       0x18 .\ARM_GCC_484\Debug\cymetadata.o
 .debug_aranges
                0x00000168       0x48 .\ARM_GCC_484\Debug\Cm3Start.o
 .debug_aranges
                0x000001b0       0x60 .\ARM_GCC_484\Debug\Super-Eagle.a(cyfitter_cfg.o)
 .debug_aranges
                0x00000210       0x98 .\ARM_GCC_484\Debug\Super-Eagle.a(LCD.o)
 .debug_aranges
                0x000002a8       0x20 .\ARM_GCC_484\Debug\Super-Eagle.a(CyBootAsmGnu.o)
 .debug_aranges
                0x000002c8      0x290 .\ARM_GCC_484\Debug\Super-Eagle.a(CyLib.o)
 .debug_aranges
                0x00000558       0x90 .\ARM_GCC_484\Debug\Super-Eagle.a(cyPm.o)
 .debug_aranges
                0x000005e8       0xc0 .\ARM_GCC_484\Debug\Super-Eagle.a(CAN_1.o)
 .debug_aranges
                0x000006a8       0x28 .\ARM_GCC_484\Debug\Super-Eagle.a(CAN_1_INT.o)
 .debug_aranges
                0x000006d0       0x68 .\ARM_GCC_484\Debug\Super-Eagle.a(CAN_1_TX_RX_func.o)
 .debug_aranges
                0x00000738       0x90 .\ARM_GCC_484\Debug\Super-Eagle.a(FSM_Timer.o)
 .debug_aranges
                0x000007c8       0x80 .\ARM_GCC_484\Debug\Super-Eagle.a(FSM_ISR.o)
 .debug_aranges
                0x00000848       0x80 .\ARM_GCC_484\Debug\Super-Eagle.a(LCD_ISR.o)
 .debug_aranges
                0x000008c8       0x90 .\ARM_GCC_484\Debug\Super-Eagle.a(LCD_Timer.o)
 .debug_aranges
                0x00000958       0x90 .\ARM_GCC_484\Debug\Super-Eagle.a(Fake_Timer.o)
 .debug_aranges
                0x000009e8       0x80 .\ARM_GCC_484\Debug\Super-Eagle.a(Fake_ISR.o)
 .debug_aranges
                0x00000a68       0xd8 .\ARM_GCC_484\Debug\Super-Eagle.a(LED_Strip.o)
 .debug_aranges
                0x00000b40       0x28 .\ARM_GCC_484\Debug\Super-Eagle.a(LED_Strip_INT.o)
 .debug_aranges
                0x00000b68       0x70 .\ARM_GCC_484\Debug\Super-Eagle.a(LED_Strip_IntClock.o)
 .debug_aranges
                0x00000bd8       0x80 .\ARM_GCC_484\Debug\Super-Eagle.a(isr_back.o)
 .debug_aranges
                0x00000c58       0x80 .\ARM_GCC_484\Debug\Super-Eagle.a(isr_OK.o)
 .debug_aranges
                0x00000cd8       0x80 .\ARM_GCC_484\Debug\Super-Eagle.a(isr_rotary.o)
 .debug_aranges
                0x00000d58       0x38 .\ARM_GCC_484\Debug\Super-Eagle.a(BackLit.o)
 .debug_aranges
                0x00000d90       0x88 .\ARM_GCC_484\Debug\Super-Eagle.a(CyFlash.o)
 .debug_aranges
                0x00000e18       0x78 .\ARM_GCC_484\Debug\Super-Eagle.a(CySpc.o)
 .debug_aranges
                0x00000e90       0x20 .\ARM_GCC_484\Debug\Super-Eagle.a(cyutils.o)

.debug_pubnames
 *(.debug_pubnames)

.debug_info     0x00000000     0x62cc
 *(.debug_info .gnu.linkonce.wi.*)
 .debug_info    0x00000000      0x355 .\ARM_GCC_484\Debug\main.o
 .debug_info    0x00000355      0x173 .\ARM_GCC_484\Debug\LCD_Bar.o
 .debug_info    0x000004c8      0x1be .\ARM_GCC_484\Debug\state_event.o
 .debug_info    0x00000686      0x313 .\ARM_GCC_484\Debug\dash_board.o
 .debug_info    0x00000999      0x306 .\ARM_GCC_484\Debug\can_manager.o
 .debug_info    0x00000c9f      0x139 .\ARM_GCC_484\Debug\cymetadata.o
 .debug_info    0x00000dd8      0x323 .\ARM_GCC_484\Debug\Cm3Start.o
 .debug_info    0x000010fb      0x56a .\ARM_GCC_484\Debug\Super-Eagle.a(cyfitter_cfg.o)
 .debug_info    0x00001665      0x3c4 .\ARM_GCC_484\Debug\Super-Eagle.a(LCD.o)
 .debug_info    0x00001a29       0x87 .\ARM_GCC_484\Debug\Super-Eagle.a(CyBootAsmGnu.o)
 .debug_info    0x00001ab0      0xd85 .\ARM_GCC_484\Debug\Super-Eagle.a(CyLib.o)
 .debug_info    0x00002835      0x536 .\ARM_GCC_484\Debug\Super-Eagle.a(cyPm.o)
 .debug_info    0x00002d6b      0x708 .\ARM_GCC_484\Debug\Super-Eagle.a(CAN_1.o)
 .debug_info    0x00003473      0x1d7 .\ARM_GCC_484\Debug\Super-Eagle.a(CAN_1_INT.o)
 .debug_info    0x0000364a      0x59e .\ARM_GCC_484\Debug\Super-Eagle.a(CAN_1_TX_RX_func.o)
 .debug_info    0x00003be8      0x236 .\ARM_GCC_484\Debug\Super-Eagle.a(FSM_Timer.o)
 .debug_info    0x00003e1e      0x236 .\ARM_GCC_484\Debug\Super-Eagle.a(FSM_ISR.o)
 .debug_info    0x00004054      0x236 .\ARM_GCC_484\Debug\Super-Eagle.a(LCD_ISR.o)
 .debug_info    0x0000428a      0x252 .\ARM_GCC_484\Debug\Super-Eagle.a(LCD_Timer.o)
 .debug_info    0x000044dc      0x252 .\ARM_GCC_484\Debug\Super-Eagle.a(Fake_Timer.o)
 .debug_info    0x0000472e      0x236 .\ARM_GCC_484\Debug\Super-Eagle.a(Fake_ISR.o)
 .debug_info    0x00004964      0x4c8 .\ARM_GCC_484\Debug\Super-Eagle.a(LED_Strip.o)
 .debug_info    0x00004e2c      0x182 .\ARM_GCC_484\Debug\Super-Eagle.a(LED_Strip_INT.o)
 .debug_info    0x00004fae      0x25b .\ARM_GCC_484\Debug\Super-Eagle.a(LED_Strip_IntClock.o)
 .debug_info    0x00005209      0x236 .\ARM_GCC_484\Debug\Super-Eagle.a(isr_back.o)
 .debug_info    0x0000543f      0x236 .\ARM_GCC_484\Debug\Super-Eagle.a(isr_OK.o)
 .debug_info    0x00005675      0x236 .\ARM_GCC_484\Debug\Super-Eagle.a(isr_rotary.o)
 .debug_info    0x000058ab      0x11d .\ARM_GCC_484\Debug\Super-Eagle.a(BackLit.o)
 .debug_info    0x000059c8      0x3c1 .\ARM_GCC_484\Debug\Super-Eagle.a(CyFlash.o)
 .debug_info    0x00005d89      0x456 .\ARM_GCC_484\Debug\Super-Eagle.a(CySpc.o)
 .debug_info    0x000061df       0xed .\ARM_GCC_484\Debug\Super-Eagle.a(cyutils.o)

.debug_abbrev   0x00000000     0x239f
 *(.debug_abbrev)
 .debug_abbrev  0x00000000      0x12c .\ARM_GCC_484\Debug\main.o
 .debug_abbrev  0x0000012c       0xd6 .\ARM_GCC_484\Debug\LCD_Bar.o
 .debug_abbrev  0x00000202       0x93 .\ARM_GCC_484\Debug\state_event.o
 .debug_abbrev  0x00000295      0x139 .\ARM_GCC_484\Debug\dash_board.o
 .debug_abbrev  0x000003ce       0xf4 .\ARM_GCC_484\Debug\can_manager.o
 .debug_abbrev  0x000004c2       0x5d .\ARM_GCC_484\Debug\cymetadata.o
 .debug_abbrev  0x0000051f      0x1c5 .\ARM_GCC_484\Debug\Cm3Start.o
 .debug_abbrev  0x000006e4      0x1aa .\ARM_GCC_484\Debug\Super-Eagle.a(cyfitter_cfg.o)
 .debug_abbrev  0x0000088e      0x12d .\ARM_GCC_484\Debug\Super-Eagle.a(LCD.o)
 .debug_abbrev  0x000009bb       0x14 .\ARM_GCC_484\Debug\Super-Eagle.a(CyBootAsmGnu.o)
 .debug_abbrev  0x000009cf      0x217 .\ARM_GCC_484\Debug\Super-Eagle.a(CyLib.o)
 .debug_abbrev  0x00000be6      0x16e .\ARM_GCC_484\Debug\Super-Eagle.a(cyPm.o)
 .debug_abbrev  0x00000d54      0x153 .\ARM_GCC_484\Debug\Super-Eagle.a(CAN_1.o)
 .debug_abbrev  0x00000ea7       0xc9 .\ARM_GCC_484\Debug\Super-Eagle.a(CAN_1_INT.o)
 .debug_abbrev  0x00000f70      0x1a1 .\ARM_GCC_484\Debug\Super-Eagle.a(CAN_1_TX_RX_func.o)
 .debug_abbrev  0x00001111      0x128 .\ARM_GCC_484\Debug\Super-Eagle.a(FSM_Timer.o)
 .debug_abbrev  0x00001239      0x156 .\ARM_GCC_484\Debug\Super-Eagle.a(FSM_ISR.o)
 .debug_abbrev  0x0000138f      0x156 .\ARM_GCC_484\Debug\Super-Eagle.a(LCD_ISR.o)
 .debug_abbrev  0x000014e5      0x128 .\ARM_GCC_484\Debug\Super-Eagle.a(LCD_Timer.o)
 .debug_abbrev  0x0000160d      0x142 .\ARM_GCC_484\Debug\Super-Eagle.a(Fake_Timer.o)
 .debug_abbrev  0x0000174f      0x156 .\ARM_GCC_484\Debug\Super-Eagle.a(Fake_ISR.o)
 .debug_abbrev  0x000018a5      0x175 .\ARM_GCC_484\Debug\Super-Eagle.a(LED_Strip.o)
 .debug_abbrev  0x00001a1a       0x97 .\ARM_GCC_484\Debug\Super-Eagle.a(LED_Strip_INT.o)
 .debug_abbrev  0x00001ab1      0x12a .\ARM_GCC_484\Debug\Super-Eagle.a(LED_Strip_IntClock.o)
 .debug_abbrev  0x00001bdb      0x156 .\ARM_GCC_484\Debug\Super-Eagle.a(isr_back.o)
 .debug_abbrev  0x00001d31      0x156 .\ARM_GCC_484\Debug\Super-Eagle.a(isr_OK.o)
 .debug_abbrev  0x00001e87      0x156 .\ARM_GCC_484\Debug\Super-Eagle.a(isr_rotary.o)
 .debug_abbrev  0x00001fdd       0x9d .\ARM_GCC_484\Debug\Super-Eagle.a(BackLit.o)
 .debug_abbrev  0x0000207a      0x12d .\ARM_GCC_484\Debug\Super-Eagle.a(CyFlash.o)
 .debug_abbrev  0x000021a7      0x179 .\ARM_GCC_484\Debug\Super-Eagle.a(CySpc.o)
 .debug_abbrev  0x00002320       0x7f .\ARM_GCC_484\Debug\Super-Eagle.a(cyutils.o)

.debug_line     0x00000000     0x3988
 *(.debug_line)
 .debug_line    0x00000000      0x245 .\ARM_GCC_484\Debug\main.o
 .debug_line    0x00000245      0x16d .\ARM_GCC_484\Debug\LCD_Bar.o
 .debug_line    0x000003b2      0x21b .\ARM_GCC_484\Debug\state_event.o
 .debug_line    0x000005cd      0x238 .\ARM_GCC_484\Debug\dash_board.o
 .debug_line    0x00000805      0x1ae .\ARM_GCC_484\Debug\can_manager.o
 .debug_line    0x000009b3       0x53 .\ARM_GCC_484\Debug\cymetadata.o
 .debug_line    0x00000a06      0x1cd .\ARM_GCC_484\Debug\Cm3Start.o
 .debug_line    0x00000bd3      0x21e .\ARM_GCC_484\Debug\Super-Eagle.a(cyfitter_cfg.o)
 .debug_line    0x00000df1      0x1ef .\ARM_GCC_484\Debug\Super-Eagle.a(LCD.o)
 .debug_line    0x00000fe0       0x7f .\ARM_GCC_484\Debug\Super-Eagle.a(CyBootAsmGnu.o)
 .debug_line    0x0000105f      0x839 .\ARM_GCC_484\Debug\Super-Eagle.a(CyLib.o)
 .debug_line    0x00001898      0x366 .\ARM_GCC_484\Debug\Super-Eagle.a(cyPm.o)
 .debug_line    0x00001bfe      0x2d8 .\ARM_GCC_484\Debug\Super-Eagle.a(CAN_1.o)
 .debug_line    0x00001ed6       0xa7 .\ARM_GCC_484\Debug\Super-Eagle.a(CAN_1_INT.o)
 .debug_line    0x00001f7d      0x2c9 .\ARM_GCC_484\Debug\Super-Eagle.a(CAN_1_TX_RX_func.o)
 .debug_line    0x00002246      0x178 .\ARM_GCC_484\Debug\Super-Eagle.a(FSM_Timer.o)
 .debug_line    0x000023be      0x159 .\ARM_GCC_484\Debug\Super-Eagle.a(FSM_ISR.o)
 .debug_line    0x00002517      0x169 .\ARM_GCC_484\Debug\Super-Eagle.a(LCD_ISR.o)
 .debug_line    0x00002680      0x178 .\ARM_GCC_484\Debug\Super-Eagle.a(LCD_Timer.o)
 .debug_line    0x000027f8      0x179 .\ARM_GCC_484\Debug\Super-Eagle.a(Fake_Timer.o)
 .debug_line    0x00002971      0x16a .\ARM_GCC_484\Debug\Super-Eagle.a(Fake_ISR.o)
 .debug_line    0x00002adb      0x29a .\ARM_GCC_484\Debug\Super-Eagle.a(LED_Strip.o)
 .debug_line    0x00002d75       0xc2 .\ARM_GCC_484\Debug\Super-Eagle.a(LED_Strip_INT.o)
 .debug_line    0x00002e37      0x1c1 .\ARM_GCC_484\Debug\Super-Eagle.a(LED_Strip_IntClock.o)
 .debug_line    0x00002ff8      0x16a .\ARM_GCC_484\Debug\Super-Eagle.a(isr_back.o)
 .debug_line    0x00003162      0x168 .\ARM_GCC_484\Debug\Super-Eagle.a(isr_OK.o)
 .debug_line    0x000032ca      0x16c .\ARM_GCC_484\Debug\Super-Eagle.a(isr_rotary.o)
 .debug_line    0x00003436       0x98 .\ARM_GCC_484\Debug\Super-Eagle.a(BackLit.o)
 .debug_line    0x000034ce      0x22a .\ARM_GCC_484\Debug\Super-Eagle.a(CyFlash.o)
 .debug_line    0x000036f8      0x22c .\ARM_GCC_484\Debug\Super-Eagle.a(CySpc.o)
 .debug_line    0x00003924       0x64 .\ARM_GCC_484\Debug\Super-Eagle.a(cyutils.o)

.debug_frame    0x00000000     0x2d5c
 *(.debug_frame)
 .debug_frame   0x00000000       0xf4 .\ARM_GCC_484\Debug\main.o
 .debug_frame   0x000000f4       0x30 .\ARM_GCC_484\Debug\LCD_Bar.o
 .debug_frame   0x00000124      0x144 .\ARM_GCC_484\Debug\state_event.o
 .debug_frame   0x00000268       0xa8 .\ARM_GCC_484\Debug\dash_board.o
 .debug_frame   0x00000310       0x4c .\ARM_GCC_484\Debug\can_manager.o
 .debug_frame   0x0000035c       0xc4 .\ARM_GCC_484\Debug\Cm3Start.o
 .debug_frame   0x00000420      0x120 .\ARM_GCC_484\Debug\Super-Eagle.a(cyfitter_cfg.o)
 .debug_frame   0x00000540      0x200 .\ARM_GCC_484\Debug\Super-Eagle.a(LCD.o)
 .debug_frame   0x00000740      0x924 .\ARM_GCC_484\Debug\Super-Eagle.a(CyLib.o)
 .debug_frame   0x00001064      0x1d0 .\ARM_GCC_484\Debug\Super-Eagle.a(cyPm.o)
 .debug_frame   0x00001234      0x26c .\ARM_GCC_484\Debug\Super-Eagle.a(CAN_1.o)
 .debug_frame   0x000014a0       0x4c .\ARM_GCC_484\Debug\Super-Eagle.a(CAN_1_INT.o)
 .debug_frame   0x000014ec      0x128 .\ARM_GCC_484\Debug\Super-Eagle.a(CAN_1_TX_RX_func.o)
 .debug_frame   0x00001614      0x1b8 .\ARM_GCC_484\Debug\Super-Eagle.a(FSM_Timer.o)
 .debug_frame   0x000017cc      0x180 .\ARM_GCC_484\Debug\Super-Eagle.a(FSM_ISR.o)
 .debug_frame   0x0000194c      0x180 .\ARM_GCC_484\Debug\Super-Eagle.a(LCD_ISR.o)
 .debug_frame   0x00001acc      0x1b8 .\ARM_GCC_484\Debug\Super-Eagle.a(LCD_Timer.o)
 .debug_frame   0x00001c84      0x1c0 .\ARM_GCC_484\Debug\Super-Eagle.a(Fake_Timer.o)
 .debug_frame   0x00001e44      0x180 .\ARM_GCC_484\Debug\Super-Eagle.a(Fake_ISR.o)
 .debug_frame   0x00001fc4      0x2e0 .\ARM_GCC_484\Debug\Super-Eagle.a(LED_Strip.o)
 .debug_frame   0x000022a4       0x48 .\ARM_GCC_484\Debug\Super-Eagle.a(LED_Strip_INT.o)
 .debug_frame   0x000022ec      0x14c .\ARM_GCC_484\Debug\Super-Eagle.a(LED_Strip_IntClock.o)
 .debug_frame   0x00002438      0x180 .\ARM_GCC_484\Debug\Super-Eagle.a(isr_back.o)
 .debug_frame   0x000025b8      0x180 .\ARM_GCC_484\Debug\Super-Eagle.a(isr_OK.o)
 .debug_frame   0x00002738      0x180 .\ARM_GCC_484\Debug\Super-Eagle.a(isr_rotary.o)
 .debug_frame   0x000028b8       0x80 .\ARM_GCC_484\Debug\Super-Eagle.a(BackLit.o)
 .debug_frame   0x00002938      0x1c8 .\ARM_GCC_484\Debug\Super-Eagle.a(CyFlash.o)
 .debug_frame   0x00002b00      0x174 .\ARM_GCC_484\Debug\Super-Eagle.a(CySpc.o)
 .debug_frame   0x00002c74       0x2c .\ARM_GCC_484\Debug\Super-Eagle.a(cyutils.o)
 .debug_frame   0x00002ca0       0x20 c:/program files (x86)/cypress/psoc creator/3.2/psoc creator/import/gnu/arm/4.8.4/bin/../lib/gcc/arm-none-eabi/4.8.4/../../../../arm-none-eabi/lib/armv7-m\libg_s.a(lib_a-errno.o)
 .debug_frame   0x00002cc0       0x28 c:/program files (x86)/cypress/psoc creator/3.2/psoc creator/import/gnu/arm/4.8.4/bin/../lib/gcc/arm-none-eabi/4.8.4/../../../../arm-none-eabi/lib/armv7-m\libg_s.a(lib_a-exit.o)
 .debug_frame   0x00002ce8       0x2c c:/program files (x86)/cypress/psoc creator/3.2/psoc creator/import/gnu/arm/4.8.4/bin/../lib/gcc/arm-none-eabi/4.8.4/../../../../arm-none-eabi/lib/armv7-m\libg_s.a(lib_a-init.o)
 .debug_frame   0x00002d14       0x28 c:/program files (x86)/cypress/psoc creator/3.2/psoc creator/import/gnu/arm/4.8.4/bin/../lib/gcc/arm-none-eabi/4.8.4/../../../../arm-none-eabi/lib/armv7-m\libg_s.a(lib_a-memcpy-stub.o)
 .debug_frame   0x00002d3c       0x20 c:/program files (x86)/cypress/psoc creator/3.2/psoc creator/import/gnu/arm/4.8.4/bin/../lib/gcc/arm-none-eabi/4.8.4/../../../../arm-none-eabi/lib/armv7-m\libg_s.a(lib_a-memset.o)

.debug_str      0x00000000     0x2f89
 *(.debug_str)
 .debug_str     0x00000000      0x2b2 .\ARM_GCC_484\Debug\main.o
                                0x32b (size before relaxing)
 .debug_str     0x000002b2       0x43 .\ARM_GCC_484\Debug\LCD_Bar.o
                                0x1d0 (size before relaxing)
 .debug_str     0x000002f5      0x145 .\ARM_GCC_484\Debug\state_event.o
                                0x2b6 (size before relaxing)
 .debug_str     0x0000043a       0xc8 .\ARM_GCC_484\Debug\dash_board.o
                                0x384 (size before relaxing)
 .debug_str     0x00000502       0xb6 .\ARM_GCC_484\Debug\can_manager.o
                                0x2df (size before relaxing)
 .debug_str     0x000005b8       0x77 .\ARM_GCC_484\Debug\cymetadata.o
                                0x1cf (size before relaxing)
 .debug_str     0x0000062f      0x12d .\ARM_GCC_484\Debug\Cm3Start.o
                                0x2b0 (size before relaxing)
 .debug_str     0x0000075c      0x218 .\ARM_GCC_484\Debug\Super-Eagle.a(cyfitter_cfg.o)
                                0x3b3 (size before relaxing)
 .debug_str     0x00000974      0x171 .\ARM_GCC_484\Debug\Super-Eagle.a(LCD.o)
                                0x2f2 (size before relaxing)
 .debug_str     0x00000ae5      0x792 .\ARM_GCC_484\Debug\Super-Eagle.a(CyLib.o)
                                0x970 (size before relaxing)
 .debug_str     0x00001277      0x371 .\ARM_GCC_484\Debug\Super-Eagle.a(cyPm.o)
                                0x500 (size before relaxing)
 .debug_str     0x000015e8      0x2fd .\ARM_GCC_484\Debug\Super-Eagle.a(CAN_1.o)
                                0x484 (size before relaxing)
 .debug_str     0x000018e5       0x3e .\ARM_GCC_484\Debug\Super-Eagle.a(CAN_1_INT.o)
                                0x20d (size before relaxing)
 .debug_str     0x00001923      0x240 .\ARM_GCC_484\Debug\Super-Eagle.a(CAN_1_TX_RX_func.o)
                                0x554 (size before relaxing)
 .debug_str     0x00001b63      0x1c5 .\ARM_GCC_484\Debug\Super-Eagle.a(FSM_Timer.o)
                                0x322 (size before relaxing)
 .debug_str     0x00001d28      0x104 .\ARM_GCC_484\Debug\Super-Eagle.a(FSM_ISR.o)
                                0x29b (size before relaxing)
 .debug_str     0x00001e2c      0x104 .\ARM_GCC_484\Debug\Super-Eagle.a(LCD_ISR.o)
                                0x29b (size before relaxing)
 .debug_str     0x00001f30      0x1a0 .\ARM_GCC_484\Debug\Super-Eagle.a(LCD_Timer.o)
                                0x32f (size before relaxing)
 .debug_str     0x000020d0      0x1b2 .\ARM_GCC_484\Debug\Super-Eagle.a(Fake_Timer.o)
                                0x341 (size before relaxing)
 .debug_str     0x00002282      0x112 .\ARM_GCC_484\Debug\Super-Eagle.a(Fake_ISR.o)
                                0x2a9 (size before relaxing)
 .debug_str     0x00002394      0x366 .\ARM_GCC_484\Debug\Super-Eagle.a(LED_Strip.o)
                                0x4f7 (size before relaxing)
 .debug_str     0x000026fa       0x4b .\ARM_GCC_484\Debug\Super-Eagle.a(LED_Strip_INT.o)
                                0x295 (size before relaxing)
 .debug_str     0x00002745      0x1e8 .\ARM_GCC_484\Debug\Super-Eagle.a(LED_Strip_IntClock.o)
                                0x357 (size before relaxing)
 .debug_str     0x0000292d      0x112 .\ARM_GCC_484\Debug\Super-Eagle.a(isr_back.o)
                                0x2a9 (size before relaxing)
 .debug_str     0x00002a3f       0xf6 .\ARM_GCC_484\Debug\Super-Eagle.a(isr_OK.o)
                                0x28d (size before relaxing)
 .debug_str     0x00002b35      0x12e .\ARM_GCC_484\Debug\Super-Eagle.a(isr_rotary.o)
                                0x2c5 (size before relaxing)
 .debug_str     0x00002c63       0x72 .\ARM_GCC_484\Debug\Super-Eagle.a(BackLit.o)
                                0x1d1 (size before relaxing)
 .debug_str     0x00002cd5      0x158 .\ARM_GCC_484\Debug\Super-Eagle.a(CyFlash.o)
                                0x2e7 (size before relaxing)
 .debug_str     0x00002e2d      0x121 .\ARM_GCC_484\Debug\Super-Eagle.a(CySpc.o)
                                0x2cc (size before relaxing)
 .debug_str     0x00002f4e       0x3b .\ARM_GCC_484\Debug\Super-Eagle.a(cyutils.o)
                                0x197 (size before relaxing)

.debug_loc
 *(.debug_loc)

.debug_macinfo
 *(.debug_macinfo)

.debug_ranges   0x00000000      0xca8
 *(.debug_ranges)
 .debug_ranges  0x00000000       0x48 .\ARM_GCC_484\Debug\main.o
 .debug_ranges  0x00000048       0x10 .\ARM_GCC_484\Debug\LCD_Bar.o
 .debug_ranges  0x00000058       0x60 .\ARM_GCC_484\Debug\state_event.o
 .debug_ranges  0x000000b8       0x30 .\ARM_GCC_484\Debug\dash_board.o
 .debug_ranges  0x000000e8       0x18 .\ARM_GCC_484\Debug\can_manager.o
 .debug_ranges  0x00000100       0x38 .\ARM_GCC_484\Debug\Cm3Start.o
 .debug_ranges  0x00000138       0x50 .\ARM_GCC_484\Debug\Super-Eagle.a(cyfitter_cfg.o)
 .debug_ranges  0x00000188       0x88 .\ARM_GCC_484\Debug\Super-Eagle.a(LCD.o)
 .debug_ranges  0x00000210      0x280 .\ARM_GCC_484\Debug\Super-Eagle.a(CyLib.o)
 .debug_ranges  0x00000490       0x80 .\ARM_GCC_484\Debug\Super-Eagle.a(cyPm.o)
 .debug_ranges  0x00000510       0xb0 .\ARM_GCC_484\Debug\Super-Eagle.a(CAN_1.o)
 .debug_ranges  0x000005c0       0x18 .\ARM_GCC_484\Debug\Super-Eagle.a(CAN_1_INT.o)
 .debug_ranges  0x000005d8       0x58 .\ARM_GCC_484\Debug\Super-Eagle.a(CAN_1_TX_RX_func.o)
 .debug_ranges  0x00000630       0x80 .\ARM_GCC_484\Debug\Super-Eagle.a(FSM_Timer.o)
 .debug_ranges  0x000006b0       0x70 .\ARM_GCC_484\Debug\Super-Eagle.a(FSM_ISR.o)
 .debug_ranges  0x00000720       0x70 .\ARM_GCC_484\Debug\Super-Eagle.a(LCD_ISR.o)
 .debug_ranges  0x00000790       0x80 .\ARM_GCC_484\Debug\Super-Eagle.a(LCD_Timer.o)
 .debug_ranges  0x00000810       0x80 .\ARM_GCC_484\Debug\Super-Eagle.a(Fake_Timer.o)
 .debug_ranges  0x00000890       0x70 .\ARM_GCC_484\Debug\Super-Eagle.a(Fake_ISR.o)
 .debug_ranges  0x00000900       0xc8 .\ARM_GCC_484\Debug\Super-Eagle.a(LED_Strip.o)
 .debug_ranges  0x000009c8       0x18 .\ARM_GCC_484\Debug\Super-Eagle.a(LED_Strip_INT.o)
 .debug_ranges  0x000009e0       0x60 .\ARM_GCC_484\Debug\Super-Eagle.a(LED_Strip_IntClock.o)
 .debug_ranges  0x00000a40       0x70 .\ARM_GCC_484\Debug\Super-Eagle.a(isr_back.o)
 .debug_ranges  0x00000ab0       0x70 .\ARM_GCC_484\Debug\Super-Eagle.a(isr_OK.o)
 .debug_ranges  0x00000b20       0x70 .\ARM_GCC_484\Debug\Super-Eagle.a(isr_rotary.o)
 .debug_ranges  0x00000b90       0x28 .\ARM_GCC_484\Debug\Super-Eagle.a(BackLit.o)
 .debug_ranges  0x00000bb8       0x78 .\ARM_GCC_484\Debug\Super-Eagle.a(CyFlash.o)
 .debug_ranges  0x00000c30       0x68 .\ARM_GCC_484\Debug\Super-Eagle.a(CySpc.o)
 .debug_ranges  0x00000c98       0x10 .\ARM_GCC_484\Debug\Super-Eagle.a(cyutils.o)

.comment        0x00000000       0x70
 .comment       0x00000000       0x70 .\ARM_GCC_484\Debug\main.o
                                 0x71 (size before relaxing)
 .comment       0x00000000       0x71 .\ARM_GCC_484\Debug\LCD_Bar.o
 .comment       0x00000000       0x71 .\ARM_GCC_484\Debug\state_event.o
 .comment       0x00000000       0x71 .\ARM_GCC_484\Debug\dash_board.o
 .comment       0x00000000       0x71 .\ARM_GCC_484\Debug\can_manager.o
 .comment       0x00000000       0x71 .\ARM_GCC_484\Debug\cymetadata.o
 .comment       0x00000000       0x71 .\ARM_GCC_484\Debug\Cm3Start.o
 .comment       0x00000000       0x71 .\ARM_GCC_484\Debug\Super-Eagle.a(cyfitter_cfg.o)
 .comment       0x00000000       0x71 .\ARM_GCC_484\Debug\Super-Eagle.a(LCD.o)
 .comment       0x00000000       0x71 .\ARM_GCC_484\Debug\Super-Eagle.a(CyLib.o)
 .comment       0x00000000       0x71 .\ARM_GCC_484\Debug\Super-Eagle.a(cyPm.o)
 .comment       0x00000000       0x71 .\ARM_GCC_484\Debug\Super-Eagle.a(CAN_1.o)
 .comment       0x00000000       0x71 .\ARM_GCC_484\Debug\Super-Eagle.a(CAN_1_INT.o)
 .comment       0x00000000       0x71 .\ARM_GCC_484\Debug\Super-Eagle.a(CAN_1_TX_RX_func.o)
 .comment       0x00000000       0x71 .\ARM_GCC_484\Debug\Super-Eagle.a(FSM_Timer.o)
 .comment       0x00000000       0x71 .\ARM_GCC_484\Debug\Super-Eagle.a(FSM_ISR.o)
 .comment       0x00000000       0x71 .\ARM_GCC_484\Debug\Super-Eagle.a(LCD_ISR.o)
 .comment       0x00000000       0x71 .\ARM_GCC_484\Debug\Super-Eagle.a(LCD_Timer.o)
 .comment       0x00000000       0x71 .\ARM_GCC_484\Debug\Super-Eagle.a(Fake_Timer.o)
 .comment       0x00000000       0x71 .\ARM_GCC_484\Debug\Super-Eagle.a(Fake_ISR.o)
 .comment       0x00000000       0x71 .\ARM_GCC_484\Debug\Super-Eagle.a(LED_Strip.o)
 .comment       0x00000000       0x71 .\ARM_GCC_484\Debug\Super-Eagle.a(LED_Strip_INT.o)
 .comment       0x00000000       0x71 .\ARM_GCC_484\Debug\Super-Eagle.a(LED_Strip_IntClock.o)
 .comment       0x00000000       0x71 .\ARM_GCC_484\Debug\Super-Eagle.a(isr_back.o)
 .comment       0x00000000       0x71 .\ARM_GCC_484\Debug\Super-Eagle.a(isr_OK.o)
 .comment       0x00000000       0x71 .\ARM_GCC_484\Debug\Super-Eagle.a(isr_rotary.o)
 .comment       0x00000000       0x71 .\ARM_GCC_484\Debug\Super-Eagle.a(BackLit.o)
 .comment       0x00000000       0x71 .\ARM_GCC_484\Debug\Super-Eagle.a(CyFlash.o)
 .comment       0x00000000       0x71 .\ARM_GCC_484\Debug\Super-Eagle.a(CySpc.o)
 .comment       0x00000000       0x71 .\ARM_GCC_484\Debug\Super-Eagle.a(cyutils.o)

.debug_weaknames
 *(.debug_weaknames)

.debug_funcnames
 *(.debug_funcnames)

.debug_typenames
 *(.debug_typenames)

.debug_varnames
 *(.debug_varnames)

.note.gnu.arm.ident
 *(.note.gnu.arm.ident)

.ARM.attributes
                0x00000000       0x29
 *(.ARM.attributes)
 .ARM.attributes
                0x00000000       0x1d c:/program files (x86)/cypress/psoc creator/3.2/psoc creator/import/gnu/arm/4.8.4/bin/../lib/gcc/arm-none-eabi/4.8.4/armv7-m/crti.o
 .ARM.attributes
                0x0000001d       0x2d c:/program files (x86)/cypress/psoc creator/3.2/psoc creator/import/gnu/arm/4.8.4/bin/../lib/gcc/arm-none-eabi/4.8.4/armv7-m/crtbegin.o
 .ARM.attributes
                0x0000004a       0x1b c:/program files (x86)/cypress/psoc creator/3.2/psoc creator/import/gnu/arm/4.8.4/bin/../lib/gcc/arm-none-eabi/4.8.4/../../../../arm-none-eabi/lib/armv7-m/crt0.o
 .ARM.attributes
                0x00000065       0x33 .\ARM_GCC_484\Debug\main.o
 .ARM.attributes
                0x00000098       0x33 .\ARM_GCC_484\Debug\LCD_Bar.o
 .ARM.attributes
                0x000000cb       0x33 .\ARM_GCC_484\Debug\state_event.o
 .ARM.attributes
                0x000000fe       0x33 .\ARM_GCC_484\Debug\dash_board.o
 .ARM.attributes
                0x00000131       0x33 .\ARM_GCC_484\Debug\can_manager.o
 .ARM.attributes
                0x00000164       0x33 .\ARM_GCC_484\Debug\cymetadata.o
 .ARM.attributes
                0x00000197       0x33 .\ARM_GCC_484\Debug\Cm3Start.o
 .ARM.attributes
                0x000001ca       0x33 .\ARM_GCC_484\Debug\Super-Eagle.a(cyfitter_cfg.o)
 .ARM.attributes
                0x000001fd       0x33 .\ARM_GCC_484\Debug\Super-Eagle.a(LCD.o)
 .ARM.attributes
                0x00000230       0x21 .\ARM_GCC_484\Debug\Super-Eagle.a(CyBootAsmGnu.o)
 .ARM.attributes
                0x00000251       0x33 .\ARM_GCC_484\Debug\Super-Eagle.a(CyLib.o)
 .ARM.attributes
                0x00000284       0x33 .\ARM_GCC_484\Debug\Super-Eagle.a(cyPm.o)
 .ARM.attributes
                0x000002b7       0x33 .\ARM_GCC_484\Debug\Super-Eagle.a(CAN_1.o)
 .ARM.attributes
                0x000002ea       0x33 .\ARM_GCC_484\Debug\Super-Eagle.a(CAN_1_INT.o)
 .ARM.attributes
                0x0000031d       0x33 .\ARM_GCC_484\Debug\Super-Eagle.a(CAN_1_TX_RX_func.o)
 .ARM.attributes
                0x00000350       0x33 .\ARM_GCC_484\Debug\Super-Eagle.a(FSM_Timer.o)
 .ARM.attributes
                0x00000383       0x33 .\ARM_GCC_484\Debug\Super-Eagle.a(FSM_ISR.o)
 .ARM.attributes
                0x000003b6       0x33 .\ARM_GCC_484\Debug\Super-Eagle.a(LCD_ISR.o)
 .ARM.attributes
                0x000003e9       0x33 .\ARM_GCC_484\Debug\Super-Eagle.a(LCD_Timer.o)
 .ARM.attributes
                0x0000041c       0x33 .\ARM_GCC_484\Debug\Super-Eagle.a(Fake_Timer.o)
 .ARM.attributes
                0x0000044f       0x33 .\ARM_GCC_484\Debug\Super-Eagle.a(Fake_ISR.o)
 .ARM.attributes
                0x00000482       0x33 .\ARM_GCC_484\Debug\Super-Eagle.a(LED_Strip.o)
 .ARM.attributes
                0x000004b5       0x33 .\ARM_GCC_484\Debug\Super-Eagle.a(LED_Strip_INT.o)
 .ARM.attributes
                0x000004e8       0x33 .\ARM_GCC_484\Debug\Super-Eagle.a(LED_Strip_IntClock.o)
 .ARM.attributes
                0x0000051b       0x33 .\ARM_GCC_484\Debug\Super-Eagle.a(isr_back.o)
 .ARM.attributes
                0x0000054e       0x33 .\ARM_GCC_484\Debug\Super-Eagle.a(isr_OK.o)
 .ARM.attributes
                0x00000581       0x33 .\ARM_GCC_484\Debug\Super-Eagle.a(isr_rotary.o)
 .ARM.attributes
                0x000005b4       0x33 .\ARM_GCC_484\Debug\Super-Eagle.a(BackLit.o)
 .ARM.attributes
                0x000005e7       0x33 .\ARM_GCC_484\Debug\Super-Eagle.a(CyFlash.o)
 .ARM.attributes
                0x0000061a       0x33 .\ARM_GCC_484\Debug\Super-Eagle.a(CySpc.o)
 .ARM.attributes
                0x0000064d       0x33 .\ARM_GCC_484\Debug\Super-Eagle.a(cyutils.o)
 .ARM.attributes
                0x00000680       0x2d c:/program files (x86)/cypress/psoc creator/3.2/psoc creator/import/gnu/arm/4.8.4/bin/../lib/gcc/arm-none-eabi/4.8.4/../../../../arm-none-eabi/lib/armv7-m\libg_s.a(lib_a-errno.o)
 .ARM.attributes
                0x000006ad       0x2d c:/program files (x86)/cypress/psoc creator/3.2/psoc creator/import/gnu/arm/4.8.4/bin/../lib/gcc/arm-none-eabi/4.8.4/../../../../arm-none-eabi/lib/armv7-m\libg_s.a(lib_a-exit.o)
 .ARM.attributes
                0x000006da       0x2d c:/program files (x86)/cypress/psoc creator/3.2/psoc creator/import/gnu/arm/4.8.4/bin/../lib/gcc/arm-none-eabi/4.8.4/../../../../arm-none-eabi/lib/armv7-m\libg_s.a(lib_a-impure.o)
 .ARM.attributes
                0x00000707       0x2d c:/program files (x86)/cypress/psoc creator/3.2/psoc creator/import/gnu/arm/4.8.4/bin/../lib/gcc/arm-none-eabi/4.8.4/../../../../arm-none-eabi/lib/armv7-m\libg_s.a(lib_a-init.o)
 .ARM.attributes
                0x00000734       0x2d c:/program files (x86)/cypress/psoc creator/3.2/psoc creator/import/gnu/arm/4.8.4/bin/../lib/gcc/arm-none-eabi/4.8.4/../../../../arm-none-eabi/lib/armv7-m\libg_s.a(lib_a-memcpy-stub.o)
 .ARM.attributes
                0x00000761       0x2d c:/program files (x86)/cypress/psoc creator/3.2/psoc creator/import/gnu/arm/4.8.4/bin/../lib/gcc/arm-none-eabi/4.8.4/../../../../arm-none-eabi/lib/armv7-m\libg_s.a(lib_a-memset.o)
 .ARM.attributes
                0x0000078e       0x2d c:/program files (x86)/cypress/psoc creator/3.2/psoc creator/import/gnu/arm/4.8.4/bin/../lib/gcc/arm-none-eabi/4.8.4/armv7-m/crtend.o
 .ARM.attributes
                0x000007bb       0x1d c:/program files (x86)/cypress/psoc creator/3.2/psoc creator/import/gnu/arm/4.8.4/bin/../lib/gcc/arm-none-eabi/4.8.4/armv7-m/crtn.o

/DISCARD/
 *(.note.GNU-stack)
OUTPUT(.\ARM_GCC_484\Debug\Super-Eagle.elf elf32-littlearm)
