Archive member included because of file (symbol)

.\ARM_GCC_484\Debug\Super-Eagle.a(cyfitter_cfg.o)
                              .\ARM_GCC_484\Debug\Cm3Start.o (cyfitter_cfg)
.\ARM_GCC_484\Debug\Super-Eagle.a(LCD_BarGraph.o)
                              .\ARM_GCC_484\Debug\LCD_Bar.o (LCD_DrawHorizontalBG)
.\ARM_GCC_484\Debug\Super-Eagle.a(LCD.o)
                              .\ARM_GCC_484\Debug\dash_board.o (LCD_WriteControl)
.\ARM_GCC_484\Debug\Super-Eagle.a(CyBootAsmGnu.o)
                              .\ARM_GCC_484\Debug\Super-Eagle.a(cyfitter_cfg.o) (CyDelayCycles)
.\ARM_GCC_484\Debug\Super-Eagle.a(CyLib.o)
                              .\ARM_GCC_484\Debug\Cm3Start.o (CyResetStatus)
.\ARM_GCC_484\Debug\Super-Eagle.a(cyPm.o)
                              .\ARM_GCC_484\Debug\Super-Eagle.a(CyLib.o) (CyPmReadStatus)
.\ARM_GCC_484\Debug\Super-Eagle.a(FSM_Timer.o)
                              .\ARM_GCC_484\Debug\main.o (FSM_Timer_Start)
.\ARM_GCC_484\Debug\Super-Eagle.a(FSM_ISR.o)
                              .\ARM_GCC_484\Debug\main.o (FSM_ISR_StartEx)
.\ARM_GCC_484\Debug\Super-Eagle.a(button_sw2.o)
                              .\ARM_GCC_484\Debug\main.o (button_sw2_ClearInterrupt)
.\ARM_GCC_484\Debug\Super-Eagle.a(isr_sw2.o)
                              .\ARM_GCC_484\Debug\main.o (isr_sw2_StartEx)
.\ARM_GCC_484\Debug\Super-Eagle.a(isr_sw1.o)
                              .\ARM_GCC_484\Debug\main.o (isr_sw1_StartEx)
.\ARM_GCC_484\Debug\Super-Eagle.a(button_sw1.o)
                              .\ARM_GCC_484\Debug\main.o (button_sw1_ClearInterrupt)
.\ARM_GCC_484\Debug\Super-Eagle.a(LCD_ISR.o)
                              .\ARM_GCC_484\Debug\main.o (LCD_ISR_StartEx)
.\ARM_GCC_484\Debug\Super-Eagle.a(LCD_Timer.o)
                              .\ARM_GCC_484\Debug\main.o (LCD_Timer_Start)
.\ARM_GCC_484\Debug\Super-Eagle.a(Throttle_ADC.o)
                              .\ARM_GCC_484\Debug\main.o (Throttle_ADC_Start)
.\ARM_GCC_484\Debug\Super-Eagle.a(Throttle_ADC_INT.o)
                              .\ARM_GCC_484\Debug\Super-Eagle.a(Throttle_ADC.o) (Throttle_ADC_ISR)
.\ARM_GCC_484\Debug\Super-Eagle.a(Throttle_ADC_theACLK.o)
                              .\ARM_GCC_484\Debug\Super-Eagle.a(Throttle_ADC.o) (Throttle_ADC_theACLK_SetModeRegister)
.\ARM_GCC_484\Debug\Super-Eagle.a(Brake_ADC.o)
                              .\ARM_GCC_484\Debug\main.o (Brake_ADC_Start)
.\ARM_GCC_484\Debug\Super-Eagle.a(Brake_ADC_INT.o)
                              .\ARM_GCC_484\Debug\Super-Eagle.a(Brake_ADC.o) (Brake_ADC_ISR)
.\ARM_GCC_484\Debug\Super-Eagle.a(Fake_Timer.o)
                              .\ARM_GCC_484\Debug\main.o (Fake_Timer_Start)
.\ARM_GCC_484\Debug\Super-Eagle.a(Fake_ISR.o)
                              .\ARM_GCC_484\Debug\main.o (Fake_ISR_StartEx)
.\ARM_GCC_484\Debug\Super-Eagle.a(Brake_ADC_theACLK.o)
                              .\ARM_GCC_484\Debug\Super-Eagle.a(Brake_ADC.o) (Brake_ADC_theACLK_SetModeRegister)
.\ARM_GCC_484\Debug\Super-Eagle.a(CyFlash.o)
                              .\ARM_GCC_484\Debug\Super-Eagle.a(cyPm.o) (CyFlash_SetWaitCycles)
.\ARM_GCC_484\Debug\Super-Eagle.a(CySpc.o)
                              .\ARM_GCC_484\Debug\Super-Eagle.a(CyFlash.o) (CySpcStart)
.\ARM_GCC_484\Debug\Super-Eagle.a(cyutils.o)
                              .\ARM_GCC_484\Debug\Super-Eagle.a(FSM_Timer.o) (CySetReg24)
c:/program files (x86)/cypress/psoc creator/3.1/psoc creator/import/gnu_cs/arm/4.8.4/bin/../lib/gcc/arm-none-eabi/4.8.4/armv7-m\libgcc.a(_arm_addsubsf3.o)
                              .\ARM_GCC_484\Debug\Super-Eagle.a(Throttle_ADC.o) (__aeabi_i2f)
c:/program files (x86)/cypress/psoc creator/3.1/psoc creator/import/gnu_cs/arm/4.8.4/bin/../lib/gcc/arm-none-eabi/4.8.4/armv7-m\libgcc.a(_arm_muldivsf3.o)
                              .\ARM_GCC_484\Debug\Super-Eagle.a(Throttle_ADC.o) (__aeabi_fmul)
c:/program files (x86)/cypress/psoc creator/3.1/psoc creator/import/gnu_cs/arm/4.8.4/bin/../lib/gcc/arm-none-eabi/4.8.4/armv7-m\libgcc.a(_aeabi_ldivmod.o)
                              .\ARM_GCC_484\Debug\Super-Eagle.a(Throttle_ADC.o) (__aeabi_ldivmod)
c:/program files (x86)/cypress/psoc creator/3.1/psoc creator/import/gnu_cs/arm/4.8.4/bin/../lib/gcc/arm-none-eabi/4.8.4/armv7-m\libgcc.a(bpabi.o)
                              c:/program files (x86)/cypress/psoc creator/3.1/psoc creator/import/gnu_cs/arm/4.8.4/bin/../lib/gcc/arm-none-eabi/4.8.4/armv7-m\libgcc.a(_aeabi_ldivmod.o) (__gnu_ldivmod_helper)
c:/program files (x86)/cypress/psoc creator/3.1/psoc creator/import/gnu_cs/arm/4.8.4/bin/../lib/gcc/arm-none-eabi/4.8.4/armv7-m\libgcc.a(_dvmd_tls.o)
                              c:/program files (x86)/cypress/psoc creator/3.1/psoc creator/import/gnu_cs/arm/4.8.4/bin/../lib/gcc/arm-none-eabi/4.8.4/armv7-m\libgcc.a(_aeabi_ldivmod.o) (__aeabi_ldiv0)
c:/program files (x86)/cypress/psoc creator/3.1/psoc creator/import/gnu_cs/arm/4.8.4/bin/../lib/gcc/arm-none-eabi/4.8.4/armv7-m\libgcc.a(_divdi3.o)
[...]
Memory Configuration

Name             Origin             Length             Attributes
rom              0x00000000         0x00040000         xr
ram              0x1fff8000         0x00010000         xrw
*default*        0x00000000         0xffffffff

Linker script and memory map

LOAD c:/program files (x86)/cypress/psoc creator/3.1/psoc creator/import/gnu_cs/arm/4.8.4/bin/../lib/gcc/arm-none-eabi/4.8.4/armv7-m/crti.o
LOAD c:/program files (x86)/cypress/psoc creator/3.1/psoc creator/import/gnu_cs/arm/4.8.4/bin/../lib/gcc/arm-none-eabi/4.8.4/armv7-m/crtbegin.o
LOAD c:/program files (x86)/cypress/psoc creator/3.1/psoc creator/import/gnu_cs/arm/4.8.4/bin/../lib/gcc/arm-none-eabi/4.8.4/../../../../arm-none-eabi/lib/armv7-m/crt0.o
START GROUP
LOAD .\ARM_GCC_484\Debug\main.o
LOAD .\ARM_GCC_484\Debug\LCD_Bar.o
LOAD .\ARM_GCC_484\Debug\state_event.o
LOAD .\ARM_GCC_484\Debug\dash_board.o
LOAD .\ARM_GCC_484\Debug\cymetadata.o
LOAD .\ARM_GCC_484\Debug\Cm3Start.o
LOAD .\ARM_GCC_484\Debug\Super-Eagle.a
LOAD C:\Program Files (x86)\Cypress\PSoC Creator\3.1\PSoC Creator\psoc\content\cycomponentlibrary\CyComponentLibrary.cylib\CortexM3\ARM_GCC_484\Debug\CyComponentLibrary.a
END GROUP
START GROUP
LOAD c:/program files (x86)/cypress/psoc creator/3.1/psoc creator/import/gnu_cs/arm/4.8.4/bin/../lib/gcc/arm-none-eabi/4.8.4/armv7-m\libgcc.a
LOAD c:/program files (x86)/cypress/psoc creator/3.1/psoc creator/import/gnu_cs/arm/4.8.4/bin/../lib/gcc/arm-none-eabi/4.8.4/../../../../arm-none-eabi/lib/armv7-m\libg_s.a
LOAD c:/program files (x86)/cypress/psoc creator/3.1/psoc creator/import/gnu_cs/arm/4.8.4/bin/../lib/gcc/arm-none-eabi/4.8.4/../../../../arm-none-eabi/lib/armv7-m\libc_s.a
END GROUP
START GROUP
LOAD c:/program files (x86)/cypress/psoc creator/3.1/psoc creator/import/gnu_cs/arm/4.8.4/bin/../lib/gcc/arm-none-eabi/4.8.4/armv7-m\libgcc.a
LOAD c:/program files (x86)/cypress/psoc creator/3.1/psoc creator/import/gnu_cs/arm/4.8.4/bin/../lib/gcc/arm-none-eabi/4.8.4/../../../../arm-none-eabi/lib/armv7-m\libc_s.a
END GROUP
LOAD c:/program files (x86)/cypress/psoc creator/3.1/psoc creator/import/gnu_cs/arm/4.8.4/bin/../lib/gcc/arm-none-eabi/4.8.4/armv7-m/crtend.o
LOAD c:/program files (x86)/cypress/psoc creator/3.1/psoc creator/import/gnu_cs/arm/4.8.4/bin/../lib/gcc/arm-none-eabi/4.8.4/armv7-m/crtn.o
START GROUP
LOAD c:/program files (x86)/cypress/psoc creator/3.1/psoc creator/import/gnu_cs/arm/4.8.4/bin/../lib/gcc/arm-none-eabi/4.8.4/armv7-m\libgcc.a
LOAD c:/program files (x86)/cypress/psoc creator/3.1/psoc creator/import/gnu_cs/arm/4.8.4/bin/../lib/gcc/arm-none-eabi/4.8.4/../../../../arm-none-eabi/lib/armv7-m\libc.a
LOAD c:/program files (x86)/cypress/psoc creator/3.1/psoc creator/import/gnu_cs/arm/4.8.4/bin/../lib/gcc/arm-none-eabi/4.8.4/../../../../arm-none-eabi/lib/armv7-m\libnosys.a
END GROUP
                0x00000000                CY_APPL_ORIGIN = 0x0
                0x00000100                CY_FLASH_ROW_SIZE = 0x100
                0x00000020                CY_ECC_ROW_SIZE = 0x20
                0x00000000                CY_EE_IN_BTLDR = 0x0
                0x00000000                CY_APPL_LOADABLE = 0x0
                0x00000800                CY_EE_SIZE = 0x800
                0x00000001                CY_APPL_NUM = 0x1
                0x00000001                CY_APPL_MAX = 0x1
                0x00000040                CY_METADATA_SIZE = 0x40
                0x1fff8168                PROVIDE (__cy_heap_start, _end)
                0x00000001                PROVIDE (__cy_region_num, ((__cy_regions_end - __cy_regions) / 0x10))
                0x20008000                PROVIDE (__cy_stack, (ORIGIN (ram) + 0x10000))
                0x20007800                PROVIDE (__cy_heap_end, (__cy_stack - 0x800))

.cybootloader   0x00000000        0x0
 *(.cybootloader)
                0x00000000                appl1_start = CY_APPL_ORIGIN?CY_APPL_ORIGIN:ALIGN (CY_FLASH_ROW_SIZE)
                0x0001ff00                appl2_start = (appl1_start + ALIGN ((((0x40000 - appl1_start) - (0x2 * CY_FLASH_ROW_SIZE)) / 0x2), CY_FLASH_ROW_SIZE))
                0x00000000                appl_start = (CY_APPL_NUM == 0x1)?appl1_start:appl2_start
                0x00000000                ecc_offset = ((appl_start / CY_FLASH_ROW_SIZE) * CY_ECC_ROW_SIZE)
                0x00000000                ee_offset = (CY_APPL_LOADABLE && ! (CY_EE_IN_BTLDR))?((CY_EE_SIZE / CY_APPL_MAX) * (CY_APPL_NUM - 0x1)):0x0
                0x00000800                ee_size = (CY_APPL_LOADABLE && ! (CY_EE_IN_BTLDR))?(CY_EE_SIZE / CY_APPL_MAX):CY_EE_SIZE
                0x00000000                PROVIDE (CY_ECC_OFFSET, ecc_offset)

.text           0x00000000     0x1eae
 CREATE_OBJECT_SYMBOLS
                0x00000000                PROVIDE (__cy_interrupt_vector, RomVectors)
 *(.romvectors)
 .romvectors    0x00000000       0x10 .\ARM_GCC_484\Debug\Cm3Start.o
                0x00000000                RomVectors
                0x00000001                ASSERT ((. != __cy_interrupt_vector), No interrupt vector)
                0x00000001                ASSERT (CY_APPL_ORIGIN?(SIZEOF (.cybootloader) <= CY_APPL_ORIGIN):0x1, Wrong image location)
                0x00000010                PROVIDE (__cy_reset, Reset)
 *(.text.Reset)
 .text.Reset    0x00000010       0x18 .\ARM_GCC_484\Debug\Cm3Start.o
                0x00000010                Reset
                0x00000001                ASSERT ((. != __cy_reset), No reset code)
 *(.dma_init)
                0x00000001                ASSERT ((((appl_start + .) <= 0x10000) || 0x1), DMA Init must be within the first 64k of flash)
 *(.text .text.* .gnu.linkonce.t.*)
 .text          0x00000028       0x54 c:/program files (x86)/cypress/psoc creator/3.1/psoc creator/import/gnu_cs/arm/4.8.4/bin/../lib/gcc/arm-none-eabi/4.8.4/armv7-m/crtbegin.o
 .text.fatal_fault
                0x0000007c        0x8 .\ARM_GCC_484\Debug\main.o
                0x0000007c                fatal_fault
 .text.ISR_SW1  0x00000084       0x20 .\ARM_GCC_484\Debug\main.o
                0x00000084                ISR_SW1
 .text.ISR_SW2  0x000000a4       0x20 .\ARM_GCC_484\Debug\main.o
                0x000000a4                ISR_SW2
 .text.LCD_Handler
                0x000000c4       0x20 .\ARM_GCC_484\Debug\main.o
                0x000000c4                LCD_Handler
 .text.Fake_Handler
                0x000000e4       0x5c .\ARM_GCC_484\Debug\main.o
                0x000000e4                Fake_Handler
 .text.FSM_Handler
                0x00000140      0x1c4 .\ARM_GCC_484\Debug\main.o
                0x00000140                FSM_Handler
 .text.main     0x00000304       0x64 .\ARM_GCC_484\Debug\main.o
                0x00000304                main
 .text.quickBar
                0x00000368       0x60 .\ARM_GCC_484\Debug\LCD_Bar.o
                0x00000368                quickBar
 .text.action_startup
                0x000003c8       0x10 .\ARM_GCC_484\Debug\state_event.o
                0x000003c8                action_startup
 .text.action_neutral
                0x000003d8       0x10 .\ARM_GCC_484\Debug\state_event.o
                0x000003d8                action_neutral
 .text.action_drive
                0x000003e8       0x10 .\ARM_GCC_484\Debug\state_event.o
                0x000003e8                action_drive
 .text.action_precharge
                0x000003f8       0x10 .\ARM_GCC_484\Debug\state_event.o
                0x000003f8                action_precharge
 .text.action_charging
                0x00000408       0x10 .\ARM_GCC_484\Debug\state_event.o
                0x00000408                action_charging
 .text.action_soft_fault
                0x00000418       0x10 .\ARM_GCC_484\Debug\state_event.o
                0x00000418                action_soft_fault
 .text.action_hard_fault
                0x00000428       0x10 .\ARM_GCC_484\Debug\state_event.o
                0x00000428                action_hard_fault
 .text.reset_drive_sound
                0x00000438       0x10 .\ARM_GCC_484\Debug\state_event.o
                0x00000438                reset_drive_sound
 .text.reset_precharge_timer
                0x00000448       0x10 .\ARM_GCC_484\Debug\state_event.o
                0x00000448                reset_precharge_timer
 .text.reset_fault_sound
                0x00000458       0x10 .\ARM_GCC_484\Debug\state_event.o
                0x00000458                reset_fault_sound
 .text.Dash_display_State
                0x00000468       0xdc .\ARM_GCC_484\Debug\dash_board.o
                0x00000468                Dash_display_State
 .text._dash_state_drive
                0x00000544       0xa8 .\ARM_GCC_484\Debug\dash_board.o
                0x00000544                _dash_state_drive
 .text._dash_state_charging
                0x000005ec       0x18 .\ARM_GCC_484\Debug\dash_board.o
                0x000005ec                _dash_state_charging
 .text.IntDefaultHandler
                0x00000604        0x8 .\ARM_GCC_484\Debug\Cm3Start.o
                0x00000604                IntDefaultHandler
 .text.Start_c  0x0000060c       0x98 .\ARM_GCC_484\Debug\Cm3Start.o
                0x0000060c                Start_c
 .text.initialize_psoc
                0x000006a4       0x8c .\ARM_GCC_484\Debug\Cm3Start.o
                0x000006a4                initialize_psoc
 .text.CYMEMZERO
                0x00000730       0x1c .\ARM_GCC_484\Debug\Super-Eagle.a(cyfitter_cfg.o)
 .text.CYCONFIGCPY
                0x0000074c       0x1c .\ARM_GCC_484\Debug\Super-Eagle.a(cyfitter_cfg.o)
 .text.CYCONFIGCPYCODE
                0x00000768       0x1c .\ARM_GCC_484\Debug\Super-Eagle.a(cyfitter_cfg.o)
 .text.CyClockStartupError
                0x00000784        0xc .\ARM_GCC_484\Debug\Super-Eagle.a(cyfitter_cfg.o)
 .text.cfg_write_bytes32
                0x00000790       0x74 .\ARM_GCC_484\Debug\Super-Eagle.a(cyfitter_cfg.o)
 .text.ClockSetup
                0x00000804      0x144 .\ARM_GCC_484\Debug\Super-Eagle.a(cyfitter_cfg.o)
 .text.AnalogSetDefault
                0x00000948       0xe0 .\ARM_GCC_484\Debug\Super-Eagle.a(cyfitter_cfg.o)
 .text.cyfitter_cfg
                0x00000a28      0x16c .\ARM_GCC_484\Debug\Super-Eagle.a(cyfitter_cfg.o)
                0x00000a28                cyfitter_cfg
 .text.LCD_LoadCustomFonts
                0x00000b94       0x44 .\ARM_GCC_484\Debug\Super-Eagle.a(LCD_BarGraph.o)
                0x00000b94                LCD_LoadCustomFonts
 .text.LCD_DrawHorizontalBG
                0x00000bd8       0xa4 .\ARM_GCC_484\Debug\Super-Eagle.a(LCD_BarGraph.o)
                0x00000bd8                LCD_DrawHorizontalBG
 .text.LCD_Init
                0x00000c7c       0x78 .\ARM_GCC_484\Debug\Super-Eagle.a(LCD.o)
                0x00000c7c                LCD_Init
 .text.LCD_Enable
                0x00000cf4       0x18 .\ARM_GCC_484\Debug\Super-Eagle.a(LCD.o)
                0x00000cf4                LCD_Enable
 .text.LCD_Start
                0x00000d0c       0x20 .\ARM_GCC_484\Debug\Super-Eagle.a(LCD.o)
                0x00000d0c                LCD_Start
 .text.LCD_Position
                0x00000d2c       0x6c .\ARM_GCC_484\Debug\Super-Eagle.a(LCD.o)
                0x00000d2c                LCD_Position
 .text.LCD_PrintString
                0x00000d98       0x38 .\ARM_GCC_484\Debug\Super-Eagle.a(LCD.o)
                0x00000d98                LCD_PrintString
 .text.LCD_WriteData
                0x00000dd0       0x34 .\ARM_GCC_484\Debug\Super-Eagle.a(LCD.o)
                0x00000dd0                LCD_WriteData
 .text.LCD_WriteControl
                0x00000e04       0x34 .\ARM_GCC_484\Debug\Super-Eagle.a(LCD.o)
                0x00000e04                LCD_WriteControl
 .text.LCD_IsReady
                0x00000e38      0x178 .\ARM_GCC_484\Debug\Super-Eagle.a(LCD.o)
                0x00000e38                LCD_IsReady
 .text.LCD_WrDatNib
                0x00000fb0       0x78 .\ARM_GCC_484\Debug\Super-Eagle.a(LCD.o)
 .text.LCD_WrCntrlNib
                0x00001028       0x60 .\ARM_GCC_484\Debug\Super-Eagle.a(LCD.o)
 .text          0x00001088       0x60 .\ARM_GCC_484\Debug\Super-Eagle.a(CyBootAsmGnu.o)
                0x00001088                CyDelayCycles
                0x000010cc                CyEnterCriticalSection
                0x000010d4                CyExitCriticalSection
 .text.CyHalt   0x000010e8       0x18 .\ARM_GCC_484\Debug\Super-Eagle.a(CyLib.o)
                0x000010e8                CyHalt
 .text.CyDelay  0x00001100       0x44 .\ARM_GCC_484\Debug\Super-Eagle.a(CyLib.o)
                0x00001100                CyDelay
 .text.CyDelayUs
                0x00001144       0x24 .\ARM_GCC_484\Debug\Super-Eagle.a(CyLib.o)
                0x00001144                CyDelayUs
 .text.CyIntSetVector
                0x00001168       0x50 .\ARM_GCC_484\Debug\Super-Eagle.a(CyLib.o)
                0x00001168                CyIntSetVector
 .text.CyIntSetPriority
                0x000011b8       0x44 .\ARM_GCC_484\Debug\Super-Eagle.a(CyLib.o)
                0x000011b8                CyIntSetPriority
 .text.FSM_Timer_Init
                0x000011fc       0x4c .\ARM_GCC_484\Debug\Super-Eagle.a(FSM_Timer.o)
                0x000011fc                FSM_Timer_Init
 .text.FSM_Timer_Enable
                0x00001248       0x20 .\ARM_GCC_484\Debug\Super-Eagle.a(FSM_Timer.o)
                0x00001248                FSM_Timer_Enable
 .text.FSM_Timer_Start
                0x00001268       0x20 .\ARM_GCC_484\Debug\Super-Eagle.a(FSM_Timer.o)
                0x00001268                FSM_Timer_Start
 .text.FSM_Timer_SetInterruptMode
                0x00001288       0x20 .\ARM_GCC_484\Debug\Super-Eagle.a(FSM_Timer.o)
                0x00001288                FSM_Timer_SetInterruptMode
 .text.FSM_Timer_ReadStatusRegister
                0x000012a8       0x18 .\ARM_GCC_484\Debug\Super-Eagle.a(FSM_Timer.o)
                0x000012a8                FSM_Timer_ReadStatusRegister
 .text.FSM_Timer_WritePeriod
                0x000012c0       0x1c .\ARM_GCC_484\Debug\Super-Eagle.a(FSM_Timer.o)
                0x000012c0                FSM_Timer_WritePeriod
 .text.FSM_Timer_ReadCapture
                0x000012dc       0x1c .\ARM_GCC_484\Debug\Super-Eagle.a(FSM_Timer.o)
                0x000012dc                FSM_Timer_ReadCapture
 .text.FSM_Timer_WriteCounter
                0x000012f8       0x1c .\ARM_GCC_484\Debug\Super-Eagle.a(FSM_Timer.o)
                0x000012f8                FSM_Timer_WriteCounter
 .text.FSM_Timer_ClearFIFO
                0x00001314       0x1c .\ARM_GCC_484\Debug\Super-Eagle.a(FSM_Timer.o)
                0x00001314                FSM_Timer_ClearFIFO
 .text.FSM_ISR_StartEx
                0x00001330       0x24 .\ARM_GCC_484\Debug\Super-Eagle.a(FSM_ISR.o)
                0x00001330                FSM_ISR_StartEx
 .text.FSM_ISR_SetVector
                0x00001354       0x24 .\ARM_GCC_484\Debug\Super-Eagle.a(FSM_ISR.o)
                0x00001354                FSM_ISR_SetVector
 .text.FSM_ISR_SetPriority
                0x00001378       0x24 .\ARM_GCC_484\Debug\Super-Eagle.a(FSM_ISR.o)
                0x00001378                FSM_ISR_SetPriority
 .text.FSM_ISR_Enable
                0x0000139c       0x18 .\ARM_GCC_484\Debug\Super-Eagle.a(FSM_ISR.o)
                0x0000139c                FSM_ISR_Enable
 .text.FSM_ISR_Disable
                0x000013b4       0x18 .\ARM_GCC_484\Debug\Super-Eagle.a(FSM_ISR.o)
                0x000013b4                FSM_ISR_Disable
 .text.button_sw2_ClearInterrupt
                0x000013cc       0x20 .\ARM_GCC_484\Debug\Super-Eagle.a(button_sw2.o)
                0x000013cc                button_sw2_ClearInterrupt
 .text.isr_sw2_StartEx
                0x000013ec       0x24 .\ARM_GCC_484\Debug\Super-Eagle.a(isr_sw2.o)
                0x000013ec                isr_sw2_StartEx
 .text.isr_sw2_SetVector
                0x00001410       0x24 .\ARM_GCC_484\Debug\Super-Eagle.a(isr_sw2.o)
                0x00001410                isr_sw2_SetVector
 .text.isr_sw2_SetPriority
                0x00001434       0x24 .\ARM_GCC_484\Debug\Super-Eagle.a(isr_sw2.o)
                0x00001434                isr_sw2_SetPriority
 .text.isr_sw2_Enable
                0x00001458       0x18 .\ARM_GCC_484\Debug\Super-Eagle.a(isr_sw2.o)
                0x00001458                isr_sw2_Enable
 .text.isr_sw2_Disable
                0x00001470       0x18 .\ARM_GCC_484\Debug\Super-Eagle.a(isr_sw2.o)
                0x00001470                isr_sw2_Disable
 .text.isr_sw1_StartEx
                0x00001488       0x24 .\ARM_GCC_484\Debug\Super-Eagle.a(isr_sw1.o)
                0x00001488                isr_sw1_StartEx
 .text.isr_sw1_SetVector
                0x000014ac       0x24 .\ARM_GCC_484\Debug\Super-Eagle.a(isr_sw1.o)
                0x000014ac                isr_sw1_SetVector
 .text.isr_sw1_SetPriority
                0x000014d0       0x24 .\ARM_GCC_484\Debug\Super-Eagle.a(isr_sw1.o)
                0x000014d0                isr_sw1_SetPriority
 .text.isr_sw1_Enable
                0x000014f4       0x18 .\ARM_GCC_484\Debug\Super-Eagle.a(isr_sw1.o)
                0x000014f4                isr_sw1_Enable
 .text.isr_sw1_Disable
                0x0000150c       0x18 .\ARM_GCC_484\Debug\Super-Eagle.a(isr_sw1.o)
                0x0000150c                isr_sw1_Disable
 .text.button_sw1_ClearInterrupt
                0x00001524       0x20 .\ARM_GCC_484\Debug\Super-Eagle.a(button_sw1.o)
                0x00001524                button_sw1_ClearInterrupt
 .text.LCD_ISR_StartEx
                0x00001544       0x24 .\ARM_GCC_484\Debug\Super-Eagle.a(LCD_ISR.o)
                0x00001544                LCD_ISR_StartEx
 .text.LCD_ISR_SetVector
                0x00001568       0x24 .\ARM_GCC_484\Debug\Super-Eagle.a(LCD_ISR.o)
                0x00001568                LCD_ISR_SetVector
 .text.LCD_ISR_SetPriority
                0x0000158c       0x24 .\ARM_GCC_484\Debug\Super-Eagle.a(LCD_ISR.o)
                0x0000158c                LCD_ISR_SetPriority
 .text.LCD_ISR_Enable
                0x000015b0       0x18 .\ARM_GCC_484\Debug\Super-Eagle.a(LCD_ISR.o)
                0x000015b0                LCD_ISR_Enable
 .text.LCD_ISR_Disable
                0x000015c8       0x18 .\ARM_GCC_484\Debug\Super-Eagle.a(LCD_ISR.o)
                0x000015c8                LCD_ISR_Disable
 .text.LCD_Timer_Init
                0x000015e0       0x4c .\ARM_GCC_484\Debug\Super-Eagle.a(LCD_Timer.o)
                0x000015e0                LCD_Timer_Init
 .text.LCD_Timer_Enable
                0x0000162c       0x20 .\ARM_GCC_484\Debug\Super-Eagle.a(LCD_Timer.o)
                0x0000162c                LCD_Timer_Enable
 .text.LCD_Timer_Start
                0x0000164c       0x20 .\ARM_GCC_484\Debug\Super-Eagle.a(LCD_Timer.o)
                0x0000164c                LCD_Timer_Start
 .text.LCD_Timer_SetInterruptMode
                0x0000166c       0x20 .\ARM_GCC_484\Debug\Super-Eagle.a(LCD_Timer.o)
                0x0000166c                LCD_Timer_SetInterruptMode
 .text.LCD_Timer_ReadStatusRegister
                0x0000168c       0x18 .\ARM_GCC_484\Debug\Super-Eagle.a(LCD_Timer.o)
                0x0000168c                LCD_Timer_ReadStatusRegister
 .text.LCD_Timer_WritePeriod
                0x000016a4       0x1c .\ARM_GCC_484\Debug\Super-Eagle.a(LCD_Timer.o)
                0x000016a4                LCD_Timer_WritePeriod
 .text.LCD_Timer_ReadCapture
                0x000016c0       0x1c .\ARM_GCC_484\Debug\Super-Eagle.a(LCD_Timer.o)
                0x000016c0                LCD_Timer_ReadCapture
 .text.LCD_Timer_WriteCounter
                0x000016dc       0x1c .\ARM_GCC_484\Debug\Super-Eagle.a(LCD_Timer.o)
                0x000016dc                LCD_Timer_WriteCounter
 .text.LCD_Timer_ClearFIFO
                0x000016f8       0x1c .\ARM_GCC_484\Debug\Super-Eagle.a(LCD_Timer.o)
                0x000016f8                LCD_Timer_ClearFIFO
 .text.Throttle_ADC_Start
                0x00001714       0x20 .\ARM_GCC_484\Debug\Super-Eagle.a(Throttle_ADC.o)
                0x00001714                Throttle_ADC_Start
 .text.Throttle_ADC_Init
                0x00001734       0x44 .\ARM_GCC_484\Debug\Super-Eagle.a(Throttle_ADC.o)
                0x00001734                Throttle_ADC_Init
 .text.Throttle_ADC_Enable
                0x00001778       0xf4 .\ARM_GCC_484\Debug\Super-Eagle.a(Throttle_ADC.o)
                0x00001778                Throttle_ADC_Enable
 .text.Throttle_ADC_SetResolution
                0x0000186c       0x50 .\ARM_GCC_484\Debug\Super-Eagle.a(Throttle_ADC.o)
                0x0000186c                Throttle_ADC_SetResolution
 .text.Throttle_ADC_GetResult8
                0x000018bc       0x2c .\ARM_GCC_484\Debug\Super-Eagle.a(Throttle_ADC.o)
                0x000018bc                Throttle_ADC_GetResult8
 .text.Throttle_ADC_CalcGain
                0x000018e8       0x94 .\ARM_GCC_484\Debug\Super-Eagle.a(Throttle_ADC.o)
 .text.Throttle_ADC_ISR
                0x0000197c        0xc .\ARM_GCC_484\Debug\Super-Eagle.a(Throttle_ADC_INT.o)
                0x0000197c                Throttle_ADC_ISR
 .text.Throttle_ADC_theACLK_SetModeRegister
                0x00001988       0x34 .\ARM_GCC_484\Debug\Super-Eagle.a(Throttle_ADC_theACLK.o)
                0x00001988                Throttle_ADC_theACLK_SetModeRegister
 .text.Brake_ADC_Start
                0x000019bc       0x20 .\ARM_GCC_484\Debug\Super-Eagle.a(Brake_ADC.o)
                0x000019bc                Brake_ADC_Start
 .text.Brake_ADC_Init
                0x000019dc       0x44 .\ARM_GCC_484\Debug\Super-Eagle.a(Brake_ADC.o)
                0x000019dc                Brake_ADC_Init
 .text.Brake_ADC_Enable
                0x00001a20       0xf4 .\ARM_GCC_484\Debug\Super-Eagle.a(Brake_ADC.o)
                0x00001a20                Brake_ADC_Enable
 .text.Brake_ADC_SetResolution
                0x00001b14       0x50 .\ARM_GCC_484\Debug\Super-Eagle.a(Brake_ADC.o)
                0x00001b14                Brake_ADC_SetResolution
 .text.Brake_ADC_CalcGain
                0x00001b64       0x94 .\ARM_GCC_484\Debug\Super-Eagle.a(Brake_ADC.o)
 .text.Brake_ADC_ISR
                0x00001bf8        0xc .\ARM_GCC_484\Debug\Super-Eagle.a(Brake_ADC_INT.o)
                0x00001bf8                Brake_ADC_ISR
 .text.Fake_Timer_Init
                0x00001c04       0x4c .\ARM_GCC_484\Debug\Super-Eagle.a(Fake_Timer.o)
                0x00001c04                Fake_Timer_Init
 .text.Fake_Timer_Enable
                0x00001c50       0x20 .\ARM_GCC_484\Debug\Super-Eagle.a(Fake_Timer.o)
                0x00001c50                Fake_Timer_Enable
 .text.Fake_Timer_Start
                0x00001c70       0x20 .\ARM_GCC_484\Debug\Super-Eagle.a(Fake_Timer.o)
                0x00001c70                Fake_Timer_Start
 .text.Fake_Timer_SetInterruptMode
                0x00001c90       0x20 .\ARM_GCC_484\Debug\Super-Eagle.a(Fake_Timer.o)
                0x00001c90                Fake_Timer_SetInterruptMode
 .text.Fake_Timer_ReadStatusRegister
                0x00001cb0       0x18 .\ARM_GCC_484\Debug\Super-Eagle.a(Fake_Timer.o)
                0x00001cb0                Fake_Timer_ReadStatusRegister
 .text.Fake_Timer_WritePeriod
                0x00001cc8       0x1c .\ARM_GCC_484\Debug\Super-Eagle.a(Fake_Timer.o)
                0x00001cc8                Fake_Timer_WritePeriod
 .text.Fake_Timer_ReadCapture
                0x00001ce4       0x1c .\ARM_GCC_484\Debug\Super-Eagle.a(Fake_Timer.o)
                0x00001ce4                Fake_Timer_ReadCapture
 .text.Fake_Timer_WriteCounter
                0x00001d00       0x1c .\ARM_GCC_484\Debug\Super-Eagle.a(Fake_Timer.o)
                0x00001d00                Fake_Timer_WriteCounter
 .text.Fake_Timer_ClearFIFO
                0x00001d1c       0x1c .\ARM_GCC_484\Debug\Super-Eagle.a(Fake_Timer.o)
                0x00001d1c                Fake_Timer_ClearFIFO
 .text.Fake_ISR_StartEx
                0x00001d38       0x24 .\ARM_GCC_484\Debug\Super-Eagle.a(Fake_ISR.o)
                0x00001d38                Fake_ISR_StartEx
 .text.Fake_ISR_SetVector
                0x00001d5c       0x24 .\ARM_GCC_484\Debug\Super-Eagle.a(Fake_ISR.o)
                0x00001d5c                Fake_ISR_SetVector
 .text.Fake_ISR_SetPriority
                0x00001d80       0x24 .\ARM_GCC_484\Debug\Super-Eagle.a(Fake_ISR.o)
                0x00001d80                Fake_ISR_SetPriority
 .text.Fake_ISR_Enable
                0x00001da4       0x18 .\ARM_GCC_484\Debug\Super-Eagle.a(Fake_ISR.o)
                0x00001da4                Fake_ISR_Enable
 .text.Fake_ISR_Disable
                0x00001dbc       0x18 .\ARM_GCC_484\Debug\Super-Eagle.a(Fake_ISR.o)
                0x00001dbc                Fake_ISR_Disable
 .text.Brake_ADC_theACLK_SetModeRegister
                0x00001dd4       0x34 .\ARM_GCC_484\Debug\Super-Eagle.a(Brake_ADC_theACLK.o)
                0x00001dd4                Brake_ADC_theACLK_SetModeRegister
 .text.CySetReg24
                0x00001e08       0x38 .\ARM_GCC_484\Debug\Super-Eagle.a(cyutils.o)
                0x00001e08                CySetReg24
 .text.__libc_init_array
                0x00001e40       0x4c c:/program files (x86)/cypress/psoc creator/3.1/psoc creator/import/gnu_cs/arm/4.8.4/bin/../lib/gcc/arm-none-eabi/4.8.4/../../../../arm-none-eabi/lib/armv7-m\libg_s.a(lib_a-init.o)
                0x00001e40                __libc_init_array
 .text.memcpy   0x00001e8c       0x12 c:/program files (x86)/cypress/psoc creator/3.1/psoc creator/import/gnu_cs/arm/4.8.4/bin/../lib/gcc/arm-none-eabi/4.8.4/../../../../arm-none-eabi/lib/armv7-m\libg_s.a(lib_a-memcpy-stub.o)
                0x00001e8c                memcpy
 .text.memset   0x00001e9e       0x10 c:/program files (x86)/cypress/psoc creator/3.1/psoc creator/import/gnu_cs/arm/4.8.4/bin/../lib/gcc/arm-none-eabi/4.8.4/../../../../arm-none-eabi/lib/armv7-m\libg_s.a(lib_a-memset.o)
                0x00001e9e                memset
 *(.plt)
 *(.gnu.warning)
 *(.glue_7t)
 .glue_7t       0x00000000        0x0 linker stubs
 *(.glue_7)
 .glue_7        0x00000000        0x0 linker stubs
 *(.vfp11_veneer)
 .vfp11_veneer  0x00000000        0x0 linker stubs
 *(.bootloader)
 *(.ARM.extab* .gnu.linkonce.armextab.*)
 *(.gcc_except_table)

.v4_bx          0x00001eb0        0x0
 .v4_bx         0x00000000        0x0 linker stubs

.iplt           0x00001eb0        0x0
 .iplt          0x00000000        0x0 c:/program files (x86)/cypress/psoc creator/3.1/psoc creator/import/gnu_cs/arm/4.8.4/bin/../lib/gcc/arm-none-eabi/4.8.4/armv7-m/crtbegin.o

.eh_frame_hdr
 *(.eh_frame_hdr)

.eh_frame       0x00001eb0        0x4
 *(.eh_frame)
 .eh_frame      0x00001eb0        0x0 c:/program files (x86)/cypress/psoc creator/3.1/psoc creator/import/gnu_cs/arm/4.8.4/bin/../lib/gcc/arm-none-eabi/4.8.4/armv7-m/crtbegin.o
 .eh_frame      0x00001eb0        0x4 c:/program files (x86)/cypress/psoc creator/3.1/psoc creator/import/gnu_cs/arm/4.8.4/bin/../lib/gcc/arm-none-eabi/4.8.4/armv7-m/crtend.o
                0x00001eb4                PROVIDE (__exidx_start, .)

.ARM.exidx
 *(.ARM.exidx* .gnu.linkonce.armexidx.*)
                0x00001eb4                __exidx_end = .

.rodata         0x00001eb4      0x4ec
 *(.rodata .rodata.* .gnu.linkonce.r.*)
 .rodata        0x00001eb4       0x5c .\ARM_GCC_484\Debug\dash_board.o
 .rodata        0x00001f10      0x41c .\ARM_GCC_484\Debug\Super-Eagle.a(cyfitter_cfg.o)
 .rodata        0x0000232c       0x40 .\ARM_GCC_484\Debug\Super-Eagle.a(LCD_BarGraph.o)
                0x0000232c                LCD_customFonts
                0x0000236c                . = ALIGN (0x4)
 *(.init)
 .init          0x0000236c        0x4 c:/program files (x86)/cypress/psoc creator/3.1/psoc creator/import/gnu_cs/arm/4.8.4/bin/../lib/gcc/arm-none-eabi/4.8.4/armv7-m/crti.o
                0x0000236c                _init
 .init          0x00002370        0x8 c:/program files (x86)/cypress/psoc creator/3.1/psoc creator/import/gnu_cs/arm/4.8.4/bin/../lib/gcc/arm-none-eabi/4.8.4/armv7-m/crtn.o
                0x00002378                . = ALIGN (0x4)
                0x00002378                __preinit_array_start = .
 *(.preinit_array)
                0x00002378                __preinit_array_end = .
                0x00002378                . = ALIGN (0x4)
                0x00002378                __init_array_start = .
 *(SORT(.init_array.*))
 *(.init_array)
 .init_array    0x00002378        0x4 c:/program files (x86)/cypress/psoc creator/3.1/psoc creator/import/gnu_cs/arm/4.8.4/bin/../lib/gcc/arm-none-eabi/4.8.4/armv7-m/crtbegin.o
 .init_array    0x0000237c        0x4 .\ARM_GCC_484\Debug\Cm3Start.o
                0x00002380                __init_array_end = .
                0x00002380                . = ALIGN (0x4)
 *(.fini)
 .fini          0x00002380        0x4 c:/program files (x86)/cypress/psoc creator/3.1/psoc creator/import/gnu_cs/arm/4.8.4/bin/../lib/gcc/arm-none-eabi/4.8.4/armv7-m/crti.o
                0x00002380                _fini
 .fini          0x00002384        0x8 c:/program files (x86)/cypress/psoc creator/3.1/psoc creator/import/gnu_cs/arm/4.8.4/bin/../lib/gcc/arm-none-eabi/4.8.4/armv7-m/crtn.o
                0x0000238c                . = ALIGN (0x4)
                0x0000238c                __fini_array_start = .
 *(.fini_array)
 .fini_array    0x0000238c        0x4 c:/program files (x86)/cypress/psoc creator/3.1/psoc creator/import/gnu_cs/arm/4.8.4/bin/../lib/gcc/arm-none-eabi/4.8.4/armv7-m/crtbegin.o
 *(SORT(.fini_array.*))
                0x00002390                __fini_array_end = .
                0x00002390                . = ALIGN (0x4)
 *crtbegin.o(.ctors)
 *(EXCLUDE_FILE(*crtend.o) .ctors)
 *(SORT(.ctors.*))
 *crtend.o(.ctors)
                0x00002390                . = ALIGN (0x4)
 *crtbegin.o(.dtors)
 *(EXCLUDE_FILE(*crtend.o) .dtors)
 *(SORT(.dtors.*))
 *crtend.o(.dtors)
                0x00002390                . = ALIGN (0x4)
                0x00002390                __cy_regions = .
                0x00002390        0x4 LONG 0x23a0 __cy_region_init_ram
                0x00002394        0x4 LONG 0x1fff8108 __cy_region_start_data
                0x00002398        0x4 LONG 0x18 __cy_region_init_size_ram
                0x0000239c        0x4 LONG 0x48 __cy_region_zero_size_ram
                0x000023a0                __cy_regions_end = .
                0x000023a0                . = ALIGN (0x8)
                0x000023a0                _etext = .

.ramvectors     0x1fff8000      0x100
                0x1fff8000                __cy_region_start_ram = .
 *(.ramvectors)
 .ramvectors    0x1fff8000      0x100 .\ARM_GCC_484\Debug\Cm3Start.o
                0x1fff8000                CyRamVectors

.noinit         0x1fff8100        0x5
 *(.noinit)
 .noinit        0x1fff8100        0x4 .\ARM_GCC_484\Debug\Cm3Start.o
 .noinit        0x1fff8104        0x1 .\ARM_GCC_484\Debug\Super-Eagle.a(CyLib.o)
                0x1fff8104                CyResetStatus

.data           0x1fff8108       0x18 load address 0x000023a0
                0x1fff8108                __cy_region_start_data = .
 *(.jcr)
 .jcr           0x1fff8108        0x0 c:/program files (x86)/cypress/psoc creator/3.1/psoc creator/import/gnu_cs/arm/4.8.4/bin/../lib/gcc/arm-none-eabi/4.8.4/armv7-m/crtbegin.o
 .jcr           0x1fff8108        0x4 c:/program files (x86)/cypress/psoc creator/3.1/psoc creator/import/gnu_cs/arm/4.8.4/bin/../lib/gcc/arm-none-eabi/4.8.4/armv7-m/crtend.o
 *(.got.plt)
 *(.got)
 *(.shdata)
 *(.data .data.* .gnu.linkonce.d.*)
 .data          0x1fff810c       0x10 .\ARM_GCC_484\Debug\Super-Eagle.a(CyLib.o)
                0x1fff810c                cydelay_freq_hz
                0x1fff8110                cydelay_freq_khz
                0x1fff8114                cydelay_freq_mhz
                0x1fff8118                cydelay_32k_ms
                0x1fff8120                . = ALIGN (0x8)
 *fill*         0x1fff811c        0x4 
 *(.ram)
                0x1fff8120                _edata = .

.igot.plt       0x1fff8120        0x0 load address 0x000023b8
 .igot.plt      0x00000000        0x0 c:/program files (x86)/cypress/psoc creator/3.1/psoc creator/import/gnu_cs/arm/4.8.4/bin/../lib/gcc/arm-none-eabi/4.8.4/armv7-m/crtbegin.o

.bss            0x1fff8120       0x48 load address 0x000023b8
                0x1fff8120                PROVIDE (__bss_start__, .)
 *(.shbss)
 *(.bss .bss.* .gnu.linkonce.b.*)
 .bss           0x1fff8120       0x1c c:/program files (x86)/cypress/psoc creator/3.1/psoc creator/import/gnu_cs/arm/4.8.4/bin/../lib/gcc/arm-none-eabi/4.8.4/armv7-m/crtbegin.o
 .bss           0x1fff813c        0x4 .\ARM_GCC_484\Debug\main.o
                0x1fff813c                event
                0x1fff813e                state
                0x1fff813f                current_page
 .bss           0x1fff8140        0x2 .\ARM_GCC_484\Debug\Super-Eagle.a(LCD.o)
                0x1fff8140                LCD_enableState
                0x1fff8141                LCD_initVar
 .bss           0x1fff8142        0x1 .\ARM_GCC_484\Debug\Super-Eagle.a(FSM_Timer.o)
                0x1fff8142                FSM_Timer_initVar
 .bss           0x1fff8143        0x1 .\ARM_GCC_484\Debug\Super-Eagle.a(LCD_Timer.o)
                0x1fff8143                LCD_Timer_initVar
 .bss           0x1fff8144        0x1 .\ARM_GCC_484\Debug\Super-Eagle.a(Throttle_ADC.o)
                0x1fff8144                Throttle_ADC_initVar
 .bss           0x1fff8145        0x1 .\ARM_GCC_484\Debug\Super-Eagle.a(Brake_ADC.o)
                0x1fff8145                Brake_ADC_initVar
 .bss           0x1fff8146        0x1 .\ARM_GCC_484\Debug\Super-Eagle.a(Fake_Timer.o)
                0x1fff8146                Fake_Timer_initVar
 *(COMMON)
 COMMON         0x1fff8147        0x2 .\ARM_GCC_484\Debug\main.o
                0x1fff8147                throttle
                0x1fff8148                brake
 *fill*         0x1fff8149        0x3 
 COMMON         0x1fff814c        0xa .\ARM_GCC_484\Debug\Super-Eagle.a(Throttle_ADC.o)
                0x1fff814c                Throttle_ADC_countsPerVolt
                0x1fff814e                Throttle_ADC_offset
                0x1fff8150                Throttle_ADC_countsPer10Volt
                0x1fff8154                Throttle_ADC_shift
 *fill*         0x1fff8156        0x2 
 COMMON         0x1fff8158        0xa .\ARM_GCC_484\Debug\Super-Eagle.a(Brake_ADC.o)
                0x1fff8158                Brake_ADC_countsPer10Volt
                0x1fff815c                Brake_ADC_countsPerVolt
                0x1fff815e                Brake_ADC_offset
                0x1fff8160                Brake_ADC_shift
                0x1fff8168                . = ALIGN (0x8)
 *fill*         0x1fff8162        0x6 
 *(.ram.b)
                0x1fff8168                _end = .
                0x1fff8168                __end = .
                0x1fff8168                PROVIDE (end, .)
                0x1fff8168                PROVIDE (__bss_end__, .)
                0x000023a0                __cy_region_init_ram = LOADADDR (.data)
                0x00000018                __cy_region_init_size_ram = (_edata - ADDR (.data))
                0x00000048                __cy_region_zero_size_ram = (_end - _edata)

.heap           0x1fff8168       0x80 load address 0x000023b8
                0x1fff8168                . = _end
                0x1fff81e8                . = (. + 0x80)
 *fill*         0x1fff8168       0x80 
                0x1fff81e8                __cy_heap_limit = .

.stack          0x20007800      0x800
                0x20007800                __cy_stack_limit = .
                0x20008000                . = (. + 0x800)
 *fill*         0x20007800      0x800 
                0x00000001                ASSERT ((__cy_stack_limit >= __cy_heap_limit), region RAM overflowed with stack)

.cyloadermeta
 *(.cyloadermeta)

.cyloadablemeta
 *(.cyloadablemeta)

.cyconfigecc    0x80000000        0x4
 *(.cyconfigecc)
 .cyconfigecc   0x80000000        0x4 .\ARM_GCC_484\Debug\cymetadata.o
                0x80000000                cy_meta_configecc

.cycustnvl      0x90000000        0x4
 *(.cycustnvl)
 .cycustnvl     0x90000000        0x4 .\ARM_GCC_484\Debug\cymetadata.o
                0x90000000                cy_meta_custnvl

.cywolatch      0x90100000        0x4
 *(.cywolatch)
 .cywolatch     0x90100000        0x4 .\ARM_GCC_484\Debug\cymetadata.o
                0x90100000                cy_meta_wonvl

.cyeeprom       0x90200000        0x0
 *(.cyeeprom)
                0x00000001                ASSERT ((. <= ((0x90200000 + ee_offset) + ee_size)), .cyeeprom data will not fit in EEPROM)

.cyflashprotect
                0x90400000      0x100
 *(.cyflashprotect)
 .cyflashprotect
                0x90400000      0x100 .\ARM_GCC_484\Debug\cymetadata.o
                0x90400000                cy_meta_flashprotect

.cymeta         0x90500000        0xc
 *(.cymeta)
 .cymeta        0x90500000        0xc .\ARM_GCC_484\Debug\cymetadata.o
                0x90500000                cy_metadata

.rel.dyn        0x000023b8        0x0 load address 0x9050000c
 .rel.iplt      0x00000000        0x0 c:/program files (x86)/cypress/psoc creator/3.1/psoc creator/import/gnu_cs/arm/4.8.4/bin/../lib/gcc/arm-none-eabi/4.8.4/armv7-m/crtbegin.o

.stab
 *(.stab)

.stabstr
 *(.stabstr)

.debug
 *(.debug)

.line
 *(.line)

.debug_srcinfo
 *(.debug_srcinfo)

.debug_sfnames
 *(.debug_sfnames)

.debug_aranges  0x00000000      0xe18
 *(.debug_aranges)
 .debug_aranges
                0x00000000       0x50 .\ARM_GCC_484\Debug\main.o
 .debug_aranges
                0x00000050       0x20 .\ARM_GCC_484\Debug\LCD_Bar.o
 .debug_aranges
                0x00000070       0x70 .\ARM_GCC_484\Debug\state_event.o
 .debug_aranges
                0x000000e0       0x38 .\ARM_GCC_484\Debug\dash_board.o
 .debug_aranges
                0x00000118       0x18 .\ARM_GCC_484\Debug\cymetadata.o
 .debug_aranges
                0x00000130       0x48 .\ARM_GCC_484\Debug\Cm3Start.o
 .debug_aranges
                0x00000178       0x60 .\ARM_GCC_484\Debug\Super-Eagle.a(cyfitter_cfg.o)
 .debug_aranges
                0x000001d8       0x28 .\ARM_GCC_484\Debug\Super-Eagle.a(LCD_BarGraph.o)
 .debug_aranges
                0x00000200       0x78 .\ARM_GCC_484\Debug\Super-Eagle.a(LCD.o)
 .debug_aranges
                0x00000278       0x20 .\ARM_GCC_484\Debug\Super-Eagle.a(CyBootAsmGnu.o)
 .debug_aranges
                0x00000298      0x290 .\ARM_GCC_484\Debug\Super-Eagle.a(CyLib.o)
 .debug_aranges
                0x00000528       0x90 .\ARM_GCC_484\Debug\Super-Eagle.a(cyPm.o)
 .debug_aranges
                0x000005b8       0x90 .\ARM_GCC_484\Debug\Super-Eagle.a(FSM_Timer.o)
 .debug_aranges
                0x00000648       0x80 .\ARM_GCC_484\Debug\Super-Eagle.a(FSM_ISR.o)
 .debug_aranges
                0x000006c8       0x40 .\ARM_GCC_484\Debug\Super-Eagle.a(button_sw2.o)
 .debug_aranges
                0x00000708       0x80 .\ARM_GCC_484\Debug\Super-Eagle.a(isr_sw2.o)
 .debug_aranges
                0x00000788       0x80 .\ARM_GCC_484\Debug\Super-Eagle.a(isr_sw1.o)
 .debug_aranges
                0x00000808       0x40 .\ARM_GCC_484\Debug\Super-Eagle.a(button_sw1.o)
 .debug_aranges
                0x00000848       0x80 .\ARM_GCC_484\Debug\Super-Eagle.a(LCD_ISR.o)
 .debug_aranges
                0x000008c8       0x90 .\ARM_GCC_484\Debug\Super-Eagle.a(LCD_Timer.o)
 .debug_aranges
                0x00000958       0xa8 .\ARM_GCC_484\Debug\Super-Eagle.a(Throttle_ADC.o)
 .debug_aranges
                0x00000a00       0x20 .\ARM_GCC_484\Debug\Super-Eagle.a(Throttle_ADC_INT.o)
 .debug_aranges
                0x00000a20       0x80 .\ARM_GCC_484\Debug\Super-Eagle.a(Throttle_ADC_theACLK.o)
 .debug_aranges
                0x00000aa0       0xa8 .\ARM_GCC_484\Debug\Super-Eagle.a(Brake_ADC.o)
 .debug_aranges
                0x00000b48       0x20 .\ARM_GCC_484\Debug\Super-Eagle.a(Brake_ADC_INT.o)
 .debug_aranges
                0x00000b68       0x90 .\ARM_GCC_484\Debug\Super-Eagle.a(Fake_Timer.o)
 .debug_aranges
                0x00000bf8       0x80 .\ARM_GCC_484\Debug\Super-Eagle.a(Fake_ISR.o)
 .debug_aranges
                0x00000c78       0x80 .\ARM_GCC_484\Debug\Super-Eagle.a(Brake_ADC_theACLK.o)
 .debug_aranges
                0x00000cf8       0x88 .\ARM_GCC_484\Debug\Super-Eagle.a(CyFlash.o)
 .debug_aranges
                0x00000d80       0x78 .\ARM_GCC_484\Debug\Super-Eagle.a(CySpc.o)
 .debug_aranges
                0x00000df8       0x20 .\ARM_GCC_484\Debug\Super-Eagle.a(cyutils.o)

.debug_pubnames
 *(.debug_pubnames)

.debug_info     0x00000000     0x54d1
 *(.debug_info .gnu.linkonce.wi.*)
 .debug_info    0x00000000      0x256 .\ARM_GCC_484\Debug\main.o
 .debug_info    0x00000256      0x141 .\ARM_GCC_484\Debug\LCD_Bar.o
 .debug_info    0x00000397      0x1be .\ARM_GCC_484\Debug\state_event.o
 .debug_info    0x00000555      0x22f .\ARM_GCC_484\Debug\dash_board.o
 .debug_info    0x00000784      0x139 .\ARM_GCC_484\Debug\cymetadata.o
 .debug_info    0x000008bd      0x323 .\ARM_GCC_484\Debug\Cm3Start.o
 .debug_info    0x00000be0      0x4c1 .\ARM_GCC_484\Debug\Super-Eagle.a(cyfitter_cfg.o)
 .debug_info    0x000010a1      0x16e .\ARM_GCC_484\Debug\Super-Eagle.a(LCD_BarGraph.o)
 .debug_info    0x0000120f      0x2ce .\ARM_GCC_484\Debug\Super-Eagle.a(LCD.o)
 .debug_info    0x000014dd       0x87 .\ARM_GCC_484\Debug\Super-Eagle.a(CyBootAsmGnu.o)
 .debug_info    0x00001564      0xd85 .\ARM_GCC_484\Debug\Super-Eagle.a(CyLib.o)
 .debug_info    0x000022e9      0x536 .\ARM_GCC_484\Debug\Super-Eagle.a(cyPm.o)
 .debug_info    0x0000281f      0x252 .\ARM_GCC_484\Debug\Super-Eagle.a(FSM_Timer.o)
 .debug_info    0x00002a71      0x234 .\ARM_GCC_484\Debug\Super-Eagle.a(FSM_ISR.o)
 .debug_info    0x00002ca5      0x132 .\ARM_GCC_484\Debug\Super-Eagle.a(button_sw2.o)
 .debug_info    0x00002dd7      0x234 .\ARM_GCC_484\Debug\Super-Eagle.a(isr_sw2.o)
 .debug_info    0x0000300b      0x234 .\ARM_GCC_484\Debug\Super-Eagle.a(isr_sw1.o)
 .debug_info    0x0000323f      0x132 .\ARM_GCC_484\Debug\Super-Eagle.a(button_sw1.o)
 .debug_info    0x00003371      0x234 .\ARM_GCC_484\Debug\Super-Eagle.a(LCD_ISR.o)
 .debug_info    0x000035a5      0x252 .\ARM_GCC_484\Debug\Super-Eagle.a(LCD_Timer.o)
 .debug_info    0x000037f7      0x47f .\ARM_GCC_484\Debug\Super-Eagle.a(Throttle_ADC.o)
 .debug_info    0x00003c76       0x92 .\ARM_GCC_484\Debug\Super-Eagle.a(Throttle_ADC_INT.o)
 .debug_info    0x00003d08      0x297 .\ARM_GCC_484\Debug\Super-Eagle.a(Throttle_ADC_theACLK.o)
 .debug_info    0x00003f9f      0x47f .\ARM_GCC_484\Debug\Super-Eagle.a(Brake_ADC.o)
 .debug_info    0x0000441e       0x92 .\ARM_GCC_484\Debug\Super-Eagle.a(Brake_ADC_INT.o)
 .debug_info    0x000044b0      0x252 .\ARM_GCC_484\Debug\Super-Eagle.a(Fake_Timer.o)
 .debug_info    0x00004702      0x234 .\ARM_GCC_484\Debug\Super-Eagle.a(Fake_ISR.o)
 .debug_info    0x00004936      0x297 .\ARM_GCC_484\Debug\Super-Eagle.a(Brake_ADC_theACLK.o)
 .debug_info    0x00004bcd      0x3c1 .\ARM_GCC_484\Debug\Super-Eagle.a(CyFlash.o)
 .debug_info    0x00004f8e      0x456 .\ARM_GCC_484\Debug\Super-Eagle.a(CySpc.o)
 .debug_info    0x000053e4       0xed .\ARM_GCC_484\Debug\Super-Eagle.a(cyutils.o)

.debug_abbrev   0x00000000     0x200c
 *(.debug_abbrev)
 .debug_abbrev  0x00000000       0xdf .\ARM_GCC_484\Debug\main.o
 .debug_abbrev  0x000000df       0xac .\ARM_GCC_484\Debug\LCD_Bar.o
 .debug_abbrev  0x0000018b       0x93 .\ARM_GCC_484\Debug\state_event.o
 .debug_abbrev  0x0000021e       0xc8 .\ARM_GCC_484\Debug\dash_board.o
 .debug_abbrev  0x000002e6       0x5d .\ARM_GCC_484\Debug\cymetadata.o
 .debug_abbrev  0x00000343      0x1c5 .\ARM_GCC_484\Debug\Cm3Start.o
 .debug_abbrev  0x00000508      0x1a8 .\ARM_GCC_484\Debug\Super-Eagle.a(cyfitter_cfg.o)
 .debug_abbrev  0x000006b0       0xb1 .\ARM_GCC_484\Debug\Super-Eagle.a(LCD_BarGraph.o)
 .debug_abbrev  0x00000761      0x13e .\ARM_GCC_484\Debug\Super-Eagle.a(LCD.o)
 .debug_abbrev  0x0000089f       0x14 .\ARM_GCC_484\Debug\Super-Eagle.a(CyBootAsmGnu.o)
 .debug_abbrev  0x000008b3      0x217 .\ARM_GCC_484\Debug\Super-Eagle.a(CyLib.o)
 .debug_abbrev  0x00000aca      0x16e .\ARM_GCC_484\Debug\Super-Eagle.a(cyPm.o)
 .debug_abbrev  0x00000c38      0x142 .\ARM_GCC_484\Debug\Super-Eagle.a(FSM_Timer.o)
 .debug_abbrev  0x00000d7a      0x12b .\ARM_GCC_484\Debug\Super-Eagle.a(FSM_ISR.o)
 .debug_abbrev  0x00000ea5       0x9d .\ARM_GCC_484\Debug\Super-Eagle.a(button_sw2.o)
 .debug_abbrev  0x00000f42      0x12b .\ARM_GCC_484\Debug\Super-Eagle.a(isr_sw2.o)
 .debug_abbrev  0x0000106d      0x12b .\ARM_GCC_484\Debug\Super-Eagle.a(isr_sw1.o)
 .debug_abbrev  0x00001198       0x9d .\ARM_GCC_484\Debug\Super-Eagle.a(button_sw1.o)
 .debug_abbrev  0x00001235      0x12b .\ARM_GCC_484\Debug\Super-Eagle.a(LCD_ISR.o)
 .debug_abbrev  0x00001360      0x142 .\ARM_GCC_484\Debug\Super-Eagle.a(LCD_Timer.o)
 .debug_abbrev  0x000014a2      0x180 .\ARM_GCC_484\Debug\Super-Eagle.a(Throttle_ADC.o)
 .debug_abbrev  0x00001622       0x42 .\ARM_GCC_484\Debug\Super-Eagle.a(Throttle_ADC_INT.o)
 .debug_abbrev  0x00001664      0x12a .\ARM_GCC_484\Debug\Super-Eagle.a(Throttle_ADC_theACLK.o)
 .debug_abbrev  0x0000178e      0x180 .\ARM_GCC_484\Debug\Super-Eagle.a(Brake_ADC.o)
 .debug_abbrev  0x0000190e       0x42 .\ARM_GCC_484\Debug\Super-Eagle.a(Brake_ADC_INT.o)
 .debug_abbrev  0x00001950      0x142 .\ARM_GCC_484\Debug\Super-Eagle.a(Fake_Timer.o)
 .debug_abbrev  0x00001a92      0x12b .\ARM_GCC_484\Debug\Super-Eagle.a(Fake_ISR.o)
 .debug_abbrev  0x00001bbd      0x12a .\ARM_GCC_484\Debug\Super-Eagle.a(Brake_ADC_theACLK.o)
 .debug_abbrev  0x00001ce7      0x12d .\ARM_GCC_484\Debug\Super-Eagle.a(CyFlash.o)
 .debug_abbrev  0x00001e14      0x179 .\ARM_GCC_484\Debug\Super-Eagle.a(CySpc.o)
 .debug_abbrev  0x00001f8d       0x7f .\ARM_GCC_484\Debug\Super-Eagle.a(cyutils.o)

.debug_line     0x00000000     0x3470
 *(.debug_line)
 .debug_line    0x00000000      0x2d7 .\ARM_GCC_484\Debug\main.o
 .debug_line    0x000002d7      0x175 .\ARM_GCC_484\Debug\LCD_Bar.o
 .debug_line    0x0000044c      0x223 .\ARM_GCC_484\Debug\state_event.o
 .debug_line    0x0000066f      0x1fb .\ARM_GCC_484\Debug\dash_board.o
 .debug_line    0x0000086a       0x53 .\ARM_GCC_484\Debug\cymetadata.o
 .debug_line    0x000008bd      0x1d0 .\ARM_GCC_484\Debug\Cm3Start.o
 .debug_line    0x00000a8d      0x20b .\ARM_GCC_484\Debug\Super-Eagle.a(cyfitter_cfg.o)
 .debug_line    0x00000c98       0xb9 .\ARM_GCC_484\Debug\Super-Eagle.a(LCD_BarGraph.o)
 .debug_line    0x00000d51      0x190 .\ARM_GCC_484\Debug\Super-Eagle.a(LCD.o)
 .debug_line    0x00000ee1       0x7f .\ARM_GCC_484\Debug\Super-Eagle.a(CyBootAsmGnu.o)
 .debug_line    0x00000f60      0x839 .\ARM_GCC_484\Debug\Super-Eagle.a(CyLib.o)
 .debug_line    0x00001799      0x366 .\ARM_GCC_484\Debug\Super-Eagle.a(cyPm.o)
 .debug_line    0x00001aff      0x178 .\ARM_GCC_484\Debug\Super-Eagle.a(FSM_Timer.o)
 .debug_line    0x00001c77      0x142 .\ARM_GCC_484\Debug\Super-Eagle.a(FSM_ISR.o)
 .debug_line    0x00001db9       0xad .\ARM_GCC_484\Debug\Super-Eagle.a(button_sw2.o)
 .debug_line    0x00001e66      0x152 .\ARM_GCC_484\Debug\Super-Eagle.a(isr_sw2.o)
 .debug_line    0x00001fb8      0x152 .\ARM_GCC_484\Debug\Super-Eagle.a(isr_sw1.o)
 .debug_line    0x0000210a       0xad .\ARM_GCC_484\Debug\Super-Eagle.a(button_sw1.o)
 .debug_line    0x000021b7      0x152 .\ARM_GCC_484\Debug\Super-Eagle.a(LCD_ISR.o)
 .debug_line    0x00002309      0x178 .\ARM_GCC_484\Debug\Super-Eagle.a(LCD_Timer.o)
 .debug_line    0x00002481      0x20b .\ARM_GCC_484\Debug\Super-Eagle.a(Throttle_ADC.o)
 .debug_line    0x0000268c       0x5e .\ARM_GCC_484\Debug\Super-Eagle.a(Throttle_ADC_INT.o)
 .debug_line    0x000026ea      0x1d0 .\ARM_GCC_484\Debug\Super-Eagle.a(Throttle_ADC_theACLK.o)
 .debug_line    0x000028ba      0x208 .\ARM_GCC_484\Debug\Super-Eagle.a(Brake_ADC.o)
 .debug_line    0x00002ac2       0x5b .\ARM_GCC_484\Debug\Super-Eagle.a(Brake_ADC_INT.o)
 .debug_line    0x00002b1d      0x179 .\ARM_GCC_484\Debug\Super-Eagle.a(Fake_Timer.o)
 .debug_line    0x00002c96      0x153 .\ARM_GCC_484\Debug\Super-Eagle.a(Fake_ISR.o)
 .debug_line    0x00002de9      0x1cd .\ARM_GCC_484\Debug\Super-Eagle.a(Brake_ADC_theACLK.o)
 .debug_line    0x00002fb6      0x22a .\ARM_GCC_484\Debug\Super-Eagle.a(CyFlash.o)
 .debug_line    0x000031e0      0x22c .\ARM_GCC_484\Debug\Super-Eagle.a(CySpc.o)
 .debug_line    0x0000340c       0x64 .\ARM_GCC_484\Debug\Super-Eagle.a(cyutils.o)

.debug_frame    0x00000000     0x2c14
 *(.debug_frame)
 .debug_frame   0x00000000       0xd4 .\ARM_GCC_484\Debug\main.o
 .debug_frame   0x000000d4       0x30 .\ARM_GCC_484\Debug\LCD_Bar.o
 .debug_frame   0x00000104      0x144 .\ARM_GCC_484\Debug\state_event.o
 .debug_frame   0x00000248       0x88 .\ARM_GCC_484\Debug\dash_board.o
 .debug_frame   0x000002d0       0xc4 .\ARM_GCC_484\Debug\Cm3Start.o
 .debug_frame   0x00000394      0x120 .\ARM_GCC_484\Debug\Super-Eagle.a(cyfitter_cfg.o)
 .debug_frame   0x000004b4       0x50 .\ARM_GCC_484\Debug\Super-Eagle.a(LCD_BarGraph.o)
 .debug_frame   0x00000504      0x180 .\ARM_GCC_484\Debug\Super-Eagle.a(LCD.o)
 .debug_frame   0x00000684      0x924 .\ARM_GCC_484\Debug\Super-Eagle.a(CyLib.o)
 .debug_frame   0x00000fa8      0x1d0 .\ARM_GCC_484\Debug\Super-Eagle.a(cyPm.o)
 .debug_frame   0x00001178      0x1c0 .\ARM_GCC_484\Debug\Super-Eagle.a(FSM_Timer.o)
 .debug_frame   0x00001338      0x180 .\ARM_GCC_484\Debug\Super-Eagle.a(FSM_ISR.o)
 .debug_frame   0x000014b8       0x9c .\ARM_GCC_484\Debug\Super-Eagle.a(button_sw2.o)
 .debug_frame   0x00001554      0x180 .\ARM_GCC_484\Debug\Super-Eagle.a(isr_sw2.o)
 .debug_frame   0x000016d4      0x180 .\ARM_GCC_484\Debug\Super-Eagle.a(isr_sw1.o)
 .debug_frame   0x00001854       0x9c .\ARM_GCC_484\Debug\Super-Eagle.a(button_sw1.o)
 .debug_frame   0x000018f0      0x180 .\ARM_GCC_484\Debug\Super-Eagle.a(LCD_ISR.o)
 .debug_frame   0x00001a70      0x1c0 .\ARM_GCC_484\Debug\Super-Eagle.a(LCD_Timer.o)
 .debug_frame   0x00001c30      0x230 .\ARM_GCC_484\Debug\Super-Eagle.a(Throttle_ADC.o)
 .debug_frame   0x00001e60       0x2c .\ARM_GCC_484\Debug\Super-Eagle.a(Throttle_ADC_INT.o)
 .debug_frame   0x00001e8c      0x184 .\ARM_GCC_484\Debug\Super-Eagle.a(Throttle_ADC_theACLK.o)
 .debug_frame   0x00002010      0x230 .\ARM_GCC_484\Debug\Super-Eagle.a(Brake_ADC.o)
 .debug_frame   0x00002240       0x2c .\ARM_GCC_484\Debug\Super-Eagle.a(Brake_ADC_INT.o)
 .debug_frame   0x0000226c      0x1c0 .\ARM_GCC_484\Debug\Super-Eagle.a(Fake_Timer.o)
 .debug_frame   0x0000242c      0x180 .\ARM_GCC_484\Debug\Super-Eagle.a(Fake_ISR.o)
 .debug_frame   0x000025ac      0x184 .\ARM_GCC_484\Debug\Super-Eagle.a(Brake_ADC_theACLK.o)
 .debug_frame   0x00002730      0x1c8 .\ARM_GCC_484\Debug\Super-Eagle.a(CyFlash.o)
 .debug_frame   0x000028f8      0x174 .\ARM_GCC_484\Debug\Super-Eagle.a(CySpc.o)
 .debug_frame   0x00002a6c       0x2c .\ARM_GCC_484\Debug\Super-Eagle.a(cyutils.o)
 .debug_frame   0x00002a98       0x58 c:/program files (x86)/cypress/psoc creator/3.1/psoc creator/import/gnu_cs/arm/4.8.4/bin/../lib/gcc/arm-none-eabi/4.8.4/armv7-m\libgcc.a(bpabi.o)
 .debug_frame   0x00002af0       0x34 c:/program files (x86)/cypress/psoc creator/3.1/psoc creator/import/gnu_cs/arm/4.8.4/bin/../lib/gcc/arm-none-eabi/4.8.4/armv7-m\libgcc.a(_divdi3.o)
 .debug_frame   0x00002b24       0x34 c:/program files (x86)/cypress/psoc creator/3.1/psoc creator/import/gnu_cs/arm/4.8.4/bin/../lib/gcc/arm-none-eabi/4.8.4/armv7-m\libgcc.a(_udivdi3.o)
 .debug_frame   0x00002b58       0x20 c:/program files (x86)/cypress/psoc creator/3.1/psoc creator/import/gnu_cs/arm/4.8.4/bin/../lib/gcc/arm-none-eabi/4.8.4/../../../../arm-none-eabi/lib/armv7-m\libg_s.a(lib_a-errno.o)
 .debug_frame   0x00002b78       0x28 c:/program files (x86)/cypress/psoc creator/3.1/psoc creator/import/gnu_cs/arm/4.8.4/bin/../lib/gcc/arm-none-eabi/4.8.4/../../../../arm-none-eabi/lib/armv7-m\libg_s.a(lib_a-exit.o)
 .debug_frame   0x00002ba0       0x2c c:/program files (x86)/cypress/psoc creator/3.1/psoc creator/import/gnu_cs/arm/4.8.4/bin/../lib/gcc/arm-none-eabi/4.8.4/../../../../arm-none-eabi/lib/armv7-m\libg_s.a(lib_a-init.o)
 .debug_frame   0x00002bcc       0x28 c:/program files (x86)/cypress/psoc creator/3.1/psoc creator/import/gnu_cs/arm/4.8.4/bin/../lib/gcc/arm-none-eabi/4.8.4/../../../../arm-none-eabi/lib/armv7-m\libg_s.a(lib_a-memcpy-stub.o)
 .debug_frame   0x00002bf4       0x20 c:/program files (x86)/cypress/psoc creator/3.1/psoc creator/import/gnu_cs/arm/4.8.4/bin/../lib/gcc/arm-none-eabi/4.8.4/../../../../arm-none-eabi/lib/armv7-m\libg_s.a(lib_a-memset.o)

.debug_str      0x00000000     0x2be1
 *(.debug_str)
 .debug_str     0x00000000      0x275 .\ARM_GCC_484\Debug\main.o
                                0x2d6 (size before relaxing)
 .debug_str     0x00000275       0x38 .\ARM_GCC_484\Debug\LCD_Bar.o
                                0x1bb (size before relaxing)
 .debug_str     0x000002ad       0xcf .\ARM_GCC_484\Debug\state_event.o
                                0x2b6 (size before relaxing)
 .debug_str     0x0000037c       0x96 .\ARM_GCC_484\Debug\dash_board.o
                                0x2ef (size before relaxing)
 .debug_str     0x00000412       0x77 .\ARM_GCC_484\Debug\cymetadata.o
                                0x1cf (size before relaxing)
 .debug_str     0x00000489      0x139 .\ARM_GCC_484\Debug\Cm3Start.o
                                0x2b0 (size before relaxing)
 .debug_str     0x000005c2      0x1eb .\ARM_GCC_484\Debug\Super-Eagle.a(cyfitter_cfg.o)
                                0x386 (size before relaxing)
 .debug_str     0x000007ad       0xaa .\ARM_GCC_484\Debug\Super-Eagle.a(LCD_BarGraph.o)
                                0x208 (size before relaxing)
 .debug_str     0x00000857      0x104 .\ARM_GCC_484\Debug\Super-Eagle.a(LCD.o)
                                0x295 (size before relaxing)
 .debug_str     0x0000095b      0x79e .\ARM_GCC_484\Debug\Super-Eagle.a(CyLib.o)
                                0x970 (size before relaxing)
 .debug_str     0x000010f9      0x371 .\ARM_GCC_484\Debug\Super-Eagle.a(cyPm.o)
                                0x500 (size before relaxing)
 .debug_str     0x0000146a      0x1c5 .\ARM_GCC_484\Debug\Super-Eagle.a(FSM_Timer.o)
                                0x32f (size before relaxing)
 .debug_str     0x0000162f      0x104 .\ARM_GCC_484\Debug\Super-Eagle.a(FSM_ISR.o)
                                0x29b (size before relaxing)
 .debug_str     0x00001733       0x9b .\ARM_GCC_484\Debug\Super-Eagle.a(button_sw2.o)
                                0x1fa (size before relaxing)
 .debug_str     0x000017ce      0x104 .\ARM_GCC_484\Debug\Super-Eagle.a(isr_sw2.o)
                                0x29b (size before relaxing)
 .debug_str     0x000018d2      0x104 .\ARM_GCC_484\Debug\Super-Eagle.a(isr_sw1.o)
                                0x29b (size before relaxing)
 .debug_str     0x000019d6       0x90 .\ARM_GCC_484\Debug\Super-Eagle.a(button_sw1.o)
                                0x1fa (size before relaxing)
 .debug_str     0x00001a66      0x104 .\ARM_GCC_484\Debug\Super-Eagle.a(LCD_ISR.o)
                                0x29b (size before relaxing)
 .debug_str     0x00001b6a      0x1a0 .\ARM_GCC_484\Debug\Super-Eagle.a(LCD_Timer.o)
                                0x32f (size before relaxing)
 .debug_str     0x00001d0a      0x2b4 .\ARM_GCC_484\Debug\Super-Eagle.a(Throttle_ADC.o)
                                0x468 (size before relaxing)
 .debug_str     0x00001fbe       0x3d .\ARM_GCC_484\Debug\Super-Eagle.a(Throttle_ADC_INT.o)
                                0x186 (size before relaxing)
 .debug_str     0x00001ffb      0x255 .\ARM_GCC_484\Debug\Super-Eagle.a(Throttle_ADC_theACLK.o)
                                0x3c4 (size before relaxing)
 .debug_str     0x00002250      0x204 .\ARM_GCC_484\Debug\Super-Eagle.a(Brake_ADC.o)
                                0x420 (size before relaxing)
 .debug_str     0x00002454       0x37 .\ARM_GCC_484\Debug\Super-Eagle.a(Brake_ADC_INT.o)
                                0x180 (size before relaxing)
 .debug_str     0x0000248b      0x1b2 .\ARM_GCC_484\Debug\Super-Eagle.a(Fake_Timer.o)
                                0x341 (size before relaxing)
 .debug_str     0x0000263d      0x112 .\ARM_GCC_484\Debug\Super-Eagle.a(Fake_ISR.o)
                                0x2a9 (size before relaxing)
 .debug_str     0x0000274f      0x1d7 .\ARM_GCC_484\Debug\Super-Eagle.a(Brake_ADC_theACLK.o)
                                0x39a (size before relaxing)
 .debug_str     0x00002926      0x15f .\ARM_GCC_484\Debug\Super-Eagle.a(CyFlash.o)
                                0x2e7 (size before relaxing)
 .debug_str     0x00002a85      0x121 .\ARM_GCC_484\Debug\Super-Eagle.a(CySpc.o)
                                0x2cc (size before relaxing)
 .debug_str     0x00002ba6       0x3b .\ARM_GCC_484\Debug\Super-Eagle.a(cyutils.o)
                                0x197 (size before relaxing)

.debug_loc
 *(.debug_loc)

.debug_macinfo
 *(.debug_macinfo)

.debug_ranges   0x00000000      0xc10
 *(.debug_ranges)
 .debug_ranges  0x00000000       0x40 .\ARM_GCC_484\Debug\main.o
 .debug_ranges  0x00000040       0x10 .\ARM_GCC_484\Debug\LCD_Bar.o
 .debug_ranges  0x00000050       0x60 .\ARM_GCC_484\Debug\state_event.o
 .debug_ranges  0x000000b0       0x28 .\ARM_GCC_484\Debug\dash_board.o
 .debug_ranges  0x000000d8       0x38 .\ARM_GCC_484\Debug\Cm3Start.o
 .debug_ranges  0x00000110       0x50 .\ARM_GCC_484\Debug\Super-Eagle.a(cyfitter_cfg.o)
 .debug_ranges  0x00000160       0x18 .\ARM_GCC_484\Debug\Super-Eagle.a(LCD_BarGraph.o)
 .debug_ranges  0x00000178       0x68 .\ARM_GCC_484\Debug\Super-Eagle.a(LCD.o)
 .debug_ranges  0x000001e0      0x280 .\ARM_GCC_484\Debug\Super-Eagle.a(CyLib.o)
 .debug_ranges  0x00000460       0x80 .\ARM_GCC_484\Debug\Super-Eagle.a(cyPm.o)
 .debug_ranges  0x000004e0       0x80 .\ARM_GCC_484\Debug\Super-Eagle.a(FSM_Timer.o)
 .debug_ranges  0x00000560       0x70 .\ARM_GCC_484\Debug\Super-Eagle.a(FSM_ISR.o)
 .debug_ranges  0x000005d0       0x30 .\ARM_GCC_484\Debug\Super-Eagle.a(button_sw2.o)
 .debug_ranges  0x00000600       0x70 .\ARM_GCC_484\Debug\Super-Eagle.a(isr_sw2.o)
 .debug_ranges  0x00000670       0x70 .\ARM_GCC_484\Debug\Super-Eagle.a(isr_sw1.o)
 .debug_ranges  0x000006e0       0x30 .\ARM_GCC_484\Debug\Super-Eagle.a(button_sw1.o)
 .debug_ranges  0x00000710       0x70 .\ARM_GCC_484\Debug\Super-Eagle.a(LCD_ISR.o)
 .debug_ranges  0x00000780       0x80 .\ARM_GCC_484\Debug\Super-Eagle.a(LCD_Timer.o)
 .debug_ranges  0x00000800       0x98 .\ARM_GCC_484\Debug\Super-Eagle.a(Throttle_ADC.o)
 .debug_ranges  0x00000898       0x10 .\ARM_GCC_484\Debug\Super-Eagle.a(Throttle_ADC_INT.o)
 .debug_ranges  0x000008a8       0x70 .\ARM_GCC_484\Debug\Super-Eagle.a(Throttle_ADC_theACLK.o)
 .debug_ranges  0x00000918       0x98 .\ARM_GCC_484\Debug\Super-Eagle.a(Brake_ADC.o)
 .debug_ranges  0x000009b0       0x10 .\ARM_GCC_484\Debug\Super-Eagle.a(Brake_ADC_INT.o)
 .debug_ranges  0x000009c0       0x80 .\ARM_GCC_484\Debug\Super-Eagle.a(Fake_Timer.o)
 .debug_ranges  0x00000a40       0x70 .\ARM_GCC_484\Debug\Super-Eagle.a(Fake_ISR.o)
 .debug_ranges  0x00000ab0       0x70 .\ARM_GCC_484\Debug\Super-Eagle.a(Brake_ADC_theACLK.o)
 .debug_ranges  0x00000b20       0x78 .\ARM_GCC_484\Debug\Super-Eagle.a(CyFlash.o)
 .debug_ranges  0x00000b98       0x68 .\ARM_GCC_484\Debug\Super-Eagle.a(CySpc.o)
 .debug_ranges  0x00000c00       0x10 .\ARM_GCC_484\Debug\Super-Eagle.a(cyutils.o)

.comment        0x00000000       0x70
 .comment       0x00000000       0x70 .\ARM_GCC_484\Debug\main.o
                                 0x71 (size before relaxing)
 .comment       0x00000000       0x71 .\ARM_GCC_484\Debug\LCD_Bar.o
 .comment       0x00000000       0x71 .\ARM_GCC_484\Debug\state_event.o
 .comment       0x00000000       0x71 .\ARM_GCC_484\Debug\dash_board.o
 .comment       0x00000000       0x71 .\ARM_GCC_484\Debug\cymetadata.o
 .comment       0x00000000       0x71 .\ARM_GCC_484\Debug\Cm3Start.o
 .comment       0x00000000       0x71 .\ARM_GCC_484\Debug\Super-Eagle.a(cyfitter_cfg.o)
 .comment       0x00000000       0x71 .\ARM_GCC_484\Debug\Super-Eagle.a(LCD_BarGraph.o)
 .comment       0x00000000       0x71 .\ARM_GCC_484\Debug\Super-Eagle.a(LCD.o)
 .comment       0x00000000       0x71 .\ARM_GCC_484\Debug\Super-Eagle.a(CyLib.o)
 .comment       0x00000000       0x71 .\ARM_GCC_484\Debug\Super-Eagle.a(cyPm.o)
 .comment       0x00000000       0x71 .\ARM_GCC_484\Debug\Super-Eagle.a(FSM_Timer.o)
 .comment       0x00000000       0x71 .\ARM_GCC_484\Debug\Super-Eagle.a(FSM_ISR.o)
 .comment       0x00000000       0x71 .\ARM_GCC_484\Debug\Super-Eagle.a(button_sw2.o)
 .comment       0x00000000       0x71 .\ARM_GCC_484\Debug\Super-Eagle.a(isr_sw2.o)
 .comment       0x00000000       0x71 .\ARM_GCC_484\Debug\Super-Eagle.a(isr_sw1.o)
 .comment       0x00000000       0x71 .\ARM_GCC_484\Debug\Super-Eagle.a(button_sw1.o)
 .comment       0x00000000       0x71 .\ARM_GCC_484\Debug\Super-Eagle.a(LCD_ISR.o)
 .comment       0x00000000       0x71 .\ARM_GCC_484\Debug\Super-Eagle.a(LCD_Timer.o)
 .comment       0x00000000       0x71 .\ARM_GCC_484\Debug\Super-Eagle.a(Throttle_ADC.o)
 .comment       0x00000000       0x71 .\ARM_GCC_484\Debug\Super-Eagle.a(Throttle_ADC_INT.o)
 .comment       0x00000000       0x71 .\ARM_GCC_484\Debug\Super-Eagle.a(Throttle_ADC_theACLK.o)
 .comment       0x00000000       0x71 .\ARM_GCC_484\Debug\Super-Eagle.a(Brake_ADC.o)
 .comment       0x00000000       0x71 .\ARM_GCC_484\Debug\Super-Eagle.a(Brake_ADC_INT.o)
 .comment       0x00000000       0x71 .\ARM_GCC_484\Debug\Super-Eagle.a(Fake_Timer.o)
 .comment       0x00000000       0x71 .\ARM_GCC_484\Debug\Super-Eagle.a(Fake_ISR.o)
 .comment       0x00000000       0x71 .\ARM_GCC_484\Debug\Super-Eagle.a(Brake_ADC_theACLK.o)
 .comment       0x00000000       0x71 .\ARM_GCC_484\Debug\Super-Eagle.a(CyFlash.o)
 .comment       0x00000000       0x71 .\ARM_GCC_484\Debug\Super-Eagle.a(CySpc.o)
 .comment       0x00000000       0x71 .\ARM_GCC_484\Debug\Super-Eagle.a(cyutils.o)

.debug_weaknames
 *(.debug_weaknames)

.debug_funcnames
 *(.debug_funcnames)

.debug_typenames
 *(.debug_typenames)

.debug_varnames
 *(.debug_varnames)

.note.gnu.arm.ident
 *(.note.gnu.arm.ident)

.ARM.attributes
                0x00000000       0x29
 *(.ARM.attributes)
 .ARM.attributes
                0x00000000       0x1d c:/program files (x86)/cypress/psoc creator/3.1/psoc creator/import/gnu_cs/arm/4.8.4/bin/../lib/gcc/arm-none-eabi/4.8.4/armv7-m/crti.o
 .ARM.attributes
                0x0000001d       0x2d c:/program files (x86)/cypress/psoc creator/3.1/psoc creator/import/gnu_cs/arm/4.8.4/bin/../lib/gcc/arm-none-eabi/4.8.4/armv7-m/crtbegin.o
 .ARM.attributes
                0x0000004a       0x1b c:/program files (x86)/cypress/psoc creator/3.1/psoc creator/import/gnu_cs/arm/4.8.4/bin/../lib/gcc/arm-none-eabi/4.8.4/../../../../arm-none-eabi/lib/armv7-m/crt0.o
 .ARM.attributes
                0x00000065       0x33 .\ARM_GCC_484\Debug\main.o
 .ARM.attributes
                0x00000098       0x33 .\ARM_GCC_484\Debug\LCD_Bar.o
 .ARM.attributes
                0x000000cb       0x33 .\ARM_GCC_484\Debug\state_event.o
 .ARM.attributes
                0x000000fe       0x33 .\ARM_GCC_484\Debug\dash_board.o
 .ARM.attributes
                0x00000131       0x33 .\ARM_GCC_484\Debug\cymetadata.o
 .ARM.attributes
                0x00000164       0x33 .\ARM_GCC_484\Debug\Cm3Start.o
 .ARM.attributes
                0x00000197       0x33 .\ARM_GCC_484\Debug\Super-Eagle.a(cyfitter_cfg.o)
 .ARM.attributes
                0x000001ca       0x33 .\ARM_GCC_484\Debug\Super-Eagle.a(LCD_BarGraph.o)
 .ARM.attributes
                0x000001fd       0x33 .\ARM_GCC_484\Debug\Super-Eagle.a(LCD.o)
 .ARM.attributes
                0x00000230       0x21 .\ARM_GCC_484\Debug\Super-Eagle.a(CyBootAsmGnu.o)
 .ARM.attributes
                0x00000251       0x33 .\ARM_GCC_484\Debug\Super-Eagle.a(CyLib.o)
 .ARM.attributes
                0x00000284       0x33 .\ARM_GCC_484\Debug\Super-Eagle.a(cyPm.o)
 .ARM.attributes
                0x000002b7       0x33 .\ARM_GCC_484\Debug\Super-Eagle.a(FSM_Timer.o)
 .ARM.attributes
                0x000002ea       0x33 .\ARM_GCC_484\Debug\Super-Eagle.a(FSM_ISR.o)
 .ARM.attributes
                0x0000031d       0x33 .\ARM_GCC_484\Debug\Super-Eagle.a(button_sw2.o)
 .ARM.attributes
                0x00000350       0x33 .\ARM_GCC_484\Debug\Super-Eagle.a(isr_sw2.o)
 .ARM.attributes
                0x00000383       0x33 .\ARM_GCC_484\Debug\Super-Eagle.a(isr_sw1.o)
 .ARM.attributes
                0x000003b6       0x33 .\ARM_GCC_484\Debug\Super-Eagle.a(button_sw1.o)
 .ARM.attributes
                0x000003e9       0x33 .\ARM_GCC_484\Debug\Super-Eagle.a(LCD_ISR.o)
 .ARM.attributes
                0x0000041c       0x33 .\ARM_GCC_484\Debug\Super-Eagle.a(LCD_Timer.o)
 .ARM.attributes
                0x0000044f       0x33 .\ARM_GCC_484\Debug\Super-Eagle.a(Throttle_ADC.o)
 .ARM.attributes
                0x00000482       0x33 .\ARM_GCC_484\Debug\Super-Eagle.a(Throttle_ADC_INT.o)
 .ARM.attributes
                0x000004b5       0x33 .\ARM_GCC_484\Debug\Super-Eagle.a(Throttle_ADC_theACLK.o)
 .ARM.attributes
                0x000004e8       0x33 .\ARM_GCC_484\Debug\Super-Eagle.a(Brake_ADC.o)
 .ARM.attributes
                0x0000051b       0x33 .\ARM_GCC_484\Debug\Super-Eagle.a(Brake_ADC_INT.o)
 .ARM.attributes
                0x0000054e       0x33 .\ARM_GCC_484\Debug\Super-Eagle.a(Fake_Timer.o)
 .ARM.attributes
                0x00000581       0x33 .\ARM_GCC_484\Debug\Super-Eagle.a(Fake_ISR.o)
 .ARM.attributes
                0x000005b4       0x33 .\ARM_GCC_484\Debug\Super-Eagle.a(Brake_ADC_theACLK.o)
 .ARM.attributes
                0x000005e7       0x33 .\ARM_GCC_484\Debug\Super-Eagle.a(CyFlash.o)
 .ARM.attributes
                0x0000061a       0x33 .\ARM_GCC_484\Debug\Super-Eagle.a(CySpc.o)
 .ARM.attributes
                0x0000064d       0x33 .\ARM_GCC_484\Debug\Super-Eagle.a(cyutils.o)
 .ARM.attributes
                0x00000680       0x1d c:/program files (x86)/cypress/psoc creator/3.1/psoc creator/import/gnu_cs/arm/4.8.4/bin/../lib/gcc/arm-none-eabi/4.8.4/armv7-m\libgcc.a(_arm_addsubsf3.o)
 .ARM.attributes
                0x0000069d       0x1d c:/program files (x86)/cypress/psoc creator/3.1/psoc creator/import/gnu_cs/arm/4.8.4/bin/../lib/gcc/arm-none-eabi/4.8.4/armv7-m\libgcc.a(_arm_muldivsf3.o)
 .ARM.attributes
                0x000006ba       0x1d c:/program files (x86)/cypress/psoc creator/3.1/psoc creator/import/gnu_cs/arm/4.8.4/bin/../lib/gcc/arm-none-eabi/4.8.4/armv7-m\libgcc.a(_aeabi_ldivmod.o)
 .ARM.attributes
                0x000006d7       0x2d c:/program files (x86)/cypress/psoc creator/3.1/psoc creator/import/gnu_cs/arm/4.8.4/bin/../lib/gcc/arm-none-eabi/4.8.4/armv7-m\libgcc.a(bpabi.o)
 .ARM.attributes
                0x00000704       0x1d c:/program files (x86)/cypress/psoc creator/3.1/psoc creator/import/gnu_cs/arm/4.8.4/bin/../lib/gcc/arm-none-eabi/4.8.4/armv7-m\libgcc.a(_dvmd_tls.o)
 .ARM.attributes
                0x00000721       0x2d c:/program files (x86)/cypress/psoc creator/3.1/psoc creator/import/gnu_cs/arm/4.8.4/bin/../lib/gcc/arm-none-eabi/4.8.4/armv7-m\libgcc.a(_divdi3.o)
 .ARM.attributes
                0x0000074e       0x2d c:/program files (x86)/cypress/psoc creator/3.1/psoc creator/import/gnu_cs/arm/4.8.4/bin/../lib/gcc/arm-none-eabi/4.8.4/armv7-m\libgcc.a(_udivdi3.o)
 .ARM.attributes
                0x0000077b       0x2d c:/program files (x86)/cypress/psoc creator/3.1/psoc creator/import/gnu_cs/arm/4.8.4/bin/../lib/gcc/arm-none-eabi/4.8.4/../../../../arm-none-eabi/lib/armv7-m\libg_s.a(lib_a-errno.o)
 .ARM.attributes
                0x000007a8       0x2d c:/program files (x86)/cypress/psoc creator/3.1/psoc creator/import/gnu_cs/arm/4.8.4/bin/../lib/gcc/arm-none-eabi/4.8.4/../../../../arm-none-eabi/lib/armv7-m\libg_s.a(lib_a-exit.o)
 .ARM.attributes
                0x000007d5       0x2d c:/program files (x86)/cypress/psoc creator/3.1/psoc creator/import/gnu_cs/arm/4.8.4/bin/../lib/gcc/arm-none-eabi/4.8.4/../../../../arm-none-eabi/lib/armv7-m\libg_s.a(lib_a-impure.o)
 .ARM.attributes
                0x00000802       0x2d c:/program files (x86)/cypress/psoc creator/3.1/psoc creator/import/gnu_cs/arm/4.8.4/bin/../lib/gcc/arm-none-eabi/4.8.4/../../../../arm-none-eabi/lib/armv7-m\libg_s.a(lib_a-init.o)
 .ARM.attributes
                0x0000082f       0x2d c:/program files (x86)/cypress/psoc creator/3.1/psoc creator/import/gnu_cs/arm/4.8.4/bin/../lib/gcc/arm-none-eabi/4.8.4/../../../../arm-none-eabi/lib/armv7-m\libg_s.a(lib_a-memcpy-stub.o)
 .ARM.attributes
                0x0000085c       0x2d c:/program files (x86)/cypress/psoc creator/3.1/psoc creator/import/gnu_cs/arm/4.8.4/bin/../lib/gcc/arm-none-eabi/4.8.4/../../../../arm-none-eabi/lib/armv7-m\libg_s.a(lib_a-memset.o)
 .ARM.attributes
                0x00000889       0x2d c:/program files (x86)/cypress/psoc creator/3.1/psoc creator/import/gnu_cs/arm/4.8.4/bin/../lib/gcc/arm-none-eabi/4.8.4/armv7-m/crtend.o
 .ARM.attributes
                0x000008b6       0x1d c:/program files (x86)/cypress/psoc creator/3.1/psoc creator/import/gnu_cs/arm/4.8.4/bin/../lib/gcc/arm-none-eabi/4.8.4/armv7-m/crtn.o

/DISCARD/
 *(.note.GNU-stack)
OUTPUT(.\ARM_GCC_484\Debug\Super-Eagle.elf elf32-littlearm)
