Archive member included because of file (symbol)

.\ARM_GCC_484\Debug\CharLCD_HBar01.a(cyfitter_cfg.o)
                              .\ARM_GCC_484\Debug\Cm3Start.o (cyfitter_cfg)
.\ARM_GCC_484\Debug\CharLCD_HBar01.a(LCD_BarGraph.o)
                              .\ARM_GCC_484\Debug\main.o (LCD_customFonts)
.\ARM_GCC_484\Debug\CharLCD_HBar01.a(LCD.o)
                              .\ARM_GCC_484\Debug\main.o (LCD_WriteControl)
.\ARM_GCC_484\Debug\CharLCD_HBar01.a(CyBootAsmGnu.o)
                              .\ARM_GCC_484\Debug\CharLCD_HBar01.a(cyfitter_cfg.o) (CyDelayCycles)
.\ARM_GCC_484\Debug\CharLCD_HBar01.a(CyLib.o)
                              .\ARM_GCC_484\Debug\Cm3Start.o (CyResetStatus)
.\ARM_GCC_484\Debug\CharLCD_HBar01.a(cyPm.o)
                              .\ARM_GCC_484\Debug\CharLCD_HBar01.a(CyLib.o) (CyPmReadStatus)
.\ARM_GCC_484\Debug\CharLCD_HBar01.a(CyFlash.o)
                              .\ARM_GCC_484\Debug\CharLCD_HBar01.a(cyPm.o) (CyFlash_SetWaitCycles)
.\ARM_GCC_484\Debug\CharLCD_HBar01.a(CySpc.o)
                              .\ARM_GCC_484\Debug\CharLCD_HBar01.a(CyFlash.o) (CySpcStart)
d:/software/psoc/psoc creator/3.1/psoc creator/import/gnu_cs/arm/4.8.4/bin/../lib/gcc/arm-none-eabi/4.8.4/../../../../arm-none-eabi/lib/armv7-m\libg_s.a(lib_a-errno.o)
                              .\ARM_GCC_484\Debug\Cm3Start.o (__errno)
d:/software/psoc/psoc creator/3.1/psoc creator/import/gnu_cs/arm/4.8.4/bin/../lib/gcc/arm-none-eabi/4.8.4/../../../../arm-none-eabi/lib/armv7-m\libg_s.a(lib_a-exit.o)
                              d:/software/psoc/psoc creator/3.1/psoc creator/import/gnu_cs/arm/4.8.4/bin/../lib/gcc/arm-none-eabi/4.8.4/../../../../arm-none-eabi/lib/armv7-m/crt0.o (exit)
d:/software/psoc/psoc creator/3.1/psoc creator/import/gnu_cs/arm/4.8.4/bin/../lib/gcc/arm-none-eabi/4.8.4/../../../../arm-none-eabi/lib/armv7-m\libg_s.a(lib_a-impure.o)
                              d:/software/psoc/psoc creator/3.1/psoc creator/import/gnu_cs/arm/4.8.4/bin/../lib/gcc/arm-none-eabi/4.8.4/../../../../arm-none-eabi/lib/armv7-m\libg_s.a(lib_a-exit.o) (_global_impure_ptr)
d:/software/psoc/psoc creator/3.1/psoc creator/import/gnu_cs/arm/4.8.4/bin/../lib/gcc/arm-none-eabi/4.8.4/../../../../arm-none-eabi/lib/armv7-m\libg_s.a(lib_a-init.o)
                              d:/software/psoc/psoc creator/3.1/psoc creator/import/gnu_cs/arm/4.8.4/bin/../lib/gcc/arm-none-eabi/4.8.4/../../../../arm-none-eabi/lib/armv7-m/crt0.o (__libc_init_array)
d:/software/psoc/psoc creator/3.1/psoc creator/import/gnu_cs/arm/4.8.4/bin/../lib/gcc/arm-none-eabi/4.8.4/../../../../arm-none-eabi/lib/armv7-m\libg_s.a(lib_a-memcpy-stub.o)
                              .\ARM_GCC_484\Debug\CharLCD_HBar01.a(cyfitter_cfg.o) (memcpy)
d:/software/psoc/psoc creator/3.1/psoc creator/import/gnu_cs/arm/4.8.4/bin/../lib/gcc/arm-none-eabi/4.8.4/../../../../arm-none-eabi/lib/armv7-m\libg_s.a(lib_a-memset.o)
                              d:/software/psoc/psoc creator/3.1/psoc creator/import/gnu_cs/arm/4.8.4/bin/../lib/gcc/arm-none-eabi/4.8.4/../../../../arm-none-eabi/lib/armv7-m/crt0.o (memset)

Allocating common symbols
Common symbol       size              file

dieTemperature      0x2               .\ARM_GCC_484\Debug\CharLCD_HBar01.a(CyFlash.o)

Discarded input sections

 .text          0x00000000        0x0 d:/software/psoc/psoc creator/3.1/psoc creator/import/gnu_cs/arm/4.8.4/bin/../lib/gcc/arm-none-eabi/4.8.4/armv7-m/crti.o
 .data          0x00000000        0x0 d:/software/psoc/psoc creator/3.1/psoc creator/import/gnu_cs/arm/4.8.4/bin/../lib/gcc/arm-none-eabi/4.8.4/armv7-m/crti.o
 .bss           0x00000000        0x0 d:/software/psoc/psoc creator/3.1/psoc creator/import/gnu_cs/arm/4.8.4/bin/../lib/gcc/arm-none-eabi/4.8.4/armv7-m/crti.o
 .data          0x00000000        0x4 d:/software/psoc/psoc creator/3.1/psoc creator/import/gnu_cs/arm/4.8.4/bin/../lib/gcc/arm-none-eabi/4.8.4/armv7-m/crtbegin.o
 .text          0x00000000       0x74 d:/software/psoc/psoc creator/3.1/psoc creator/import/gnu_cs/arm/4.8.4/bin/../lib/gcc/arm-none-eabi/4.8.4/../../../../arm-none-eabi/lib/armv7-m/crt0.o
 .data          0x00000000        0x0 d:/software/psoc/psoc creator/3.1/psoc creator/import/gnu_cs/arm/4.8.4/bin/../lib/gcc/arm-none-eabi/4.8.4/../../../../arm-none-eabi/lib/armv7-m/crt0.o
 .bss           0x00000000        0x0 d:/software/psoc/psoc creator/3.1/psoc creator/import/gnu_cs/arm/4.8.4/bin/../lib/gcc/arm-none-eabi/4.8.4/../../../../arm-none-eabi/lib/armv7-m/crt0.o
 .ARM.extab     0x00000000        0x0 d:/software/psoc/psoc creator/3.1/psoc creator/import/gnu_cs/arm/4.8.4/bin/../lib/gcc/arm-none-eabi/4.8.4/../../../../arm-none-eabi/lib/armv7-m/crt0.o
 .ARM.exidx     0x00000000        0x8 d:/software/psoc/psoc creator/3.1/psoc creator/import/gnu_cs/arm/4.8.4/bin/../lib/gcc/arm-none-eabi/4.8.4/../../../../arm-none-eabi/lib/armv7-m/crt0.o
 .text          0x00000000        0x0 .\ARM_GCC_484\Debug\main.o
 .data          0x00000000        0x0 .\ARM_GCC_484\Debug\main.o
 .bss           0x00000000        0x0 .\ARM_GCC_484\Debug\main.o
 .text          0x00000000        0x0 .\ARM_GCC_484\Debug\cymetadata.o
 .data          0x00000000        0x0 .\ARM_GCC_484\Debug\cymetadata.o
 .bss           0x00000000        0x0 .\ARM_GCC_484\Debug\cymetadata.o
 .text          0x00000000        0x0 .\ARM_GCC_484\Debug\Cm3Start.o
 .data          0x00000000        0x4 .\ARM_GCC_484\Debug\Cm3Start.o
 .bss           0x00000000        0x0 .\ARM_GCC_484\Debug\Cm3Start.o
 .text._exit    0x00000000       0x28 .\ARM_GCC_484\Debug\Cm3Start.o
 .text._sbrk    0x00000000       0x50 .\ARM_GCC_484\Debug\Cm3Start.o
 .text          0x00000000        0x0 .\ARM_GCC_484\Debug\CharLCD_HBar01.a(cyfitter_cfg.o)
 .data          0x00000000        0x0 .\ARM_GCC_484\Debug\CharLCD_HBar01.a(cyfitter_cfg.o)
 .bss           0x00000000        0x0 .\ARM_GCC_484\Debug\CharLCD_HBar01.a(cyfitter_cfg.o)
 .text.SetAnalogRoutingPumps
                0x00000000       0x28 .\ARM_GCC_484\Debug\CharLCD_HBar01.a(cyfitter_cfg.o)
 .text          0x00000000        0x0 .\ARM_GCC_484\Debug\CharLCD_HBar01.a(LCD_BarGraph.o)
 .data          0x00000000        0x0 .\ARM_GCC_484\Debug\CharLCD_HBar01.a(LCD_BarGraph.o)
 .bss           0x00000000        0x0 .\ARM_GCC_484\Debug\CharLCD_HBar01.a(LCD_BarGraph.o)
 .text          0x00000000        0x0 .\ARM_GCC_484\Debug\CharLCD_HBar01.a(LCD.o)
 .data          0x00000000        0x0 .\ARM_GCC_484\Debug\CharLCD_HBar01.a(LCD.o)
 .text.LCD_Stop
                0x00000000       0x18 .\ARM_GCC_484\Debug\CharLCD_HBar01.a(LCD.o)
 .text.LCD_PutChar
                0x00000000       0x18 .\ARM_GCC_484\Debug\CharLCD_HBar01.a(LCD.o)
 .data          0x00000000        0x0 .\ARM_GCC_484\Debug\CharLCD_HBar01.a(CyBootAsmGnu.o)
 .bss           0x00000000        0x0 .\ARM_GCC_484\Debug\CharLCD_HBar01.a(CyBootAsmGnu.o)
 .text          0x00000000        0x0 .\ARM_GCC_484\Debug\CharLCD_HBar01.a(CyLib.o)
 .bss           0x00000000       0x18 .\ARM_GCC_484\Debug\CharLCD_HBar01.a(CyLib.o)
 .text.CyPLL_OUT_Start
                0x00000000       0xb0 .\ARM_GCC_484\Debug\CharLCD_HBar01.a(CyLib.o)
 .text.CyPLL_OUT_Stop
                0x00000000       0x20 .\ARM_GCC_484\Debug\CharLCD_HBar01.a(CyLib.o)
 .text.CyPLL_OUT_SetPQ
                0x00000000       0x90 .\ARM_GCC_484\Debug\CharLCD_HBar01.a(CyLib.o)
 .text.CyPLL_OUT_SetSource
                0x00000000       0x54 .\ARM_GCC_484\Debug\CharLCD_HBar01.a(CyLib.o)
 .text.CyIMO_Start
                0x00000000       0x94 .\ARM_GCC_484\Debug\CharLCD_HBar01.a(CyLib.o)
 .text.CyIMO_Stop
                0x00000000       0x34 .\ARM_GCC_484\Debug\CharLCD_HBar01.a(CyLib.o)
 .text.CyUSB_PowerOnCheck
                0x00000000       0x60 .\ARM_GCC_484\Debug\CharLCD_HBar01.a(CyLib.o)
 .text.CyIMO_SetTrimValue
                0x00000000      0x108 .\ARM_GCC_484\Debug\CharLCD_HBar01.a(CyLib.o)
 .text.CyIMO_SetFreq
                0x00000000      0x1ac .\ARM_GCC_484\Debug\CharLCD_HBar01.a(CyLib.o)
 .text.CyIMO_SetSource
                0x00000000       0x8c .\ARM_GCC_484\Debug\CharLCD_HBar01.a(CyLib.o)
 .text.CyIMO_EnableDoubler
                0x00000000       0x20 .\ARM_GCC_484\Debug\CharLCD_HBar01.a(CyLib.o)
 .text.CyIMO_DisableDoubler
                0x00000000       0x20 .\ARM_GCC_484\Debug\CharLCD_HBar01.a(CyLib.o)
 .text.CyMasterClk_SetSource
                0x00000000       0x34 .\ARM_GCC_484\Debug\CharLCD_HBar01.a(CyLib.o)
 .text.CyMasterClk_SetDivider
                0x00000000       0x20 .\ARM_GCC_484\Debug\CharLCD_HBar01.a(CyLib.o)
 .text.CyBusClk_Internal_SetDivider
                0x00000000       0x78 .\ARM_GCC_484\Debug\CharLCD_HBar01.a(CyLib.o)
 .text.CyBusClk_SetDivider
                0x00000000       0xb0 .\ARM_GCC_484\Debug\CharLCD_HBar01.a(CyLib.o)
 .text.CyUsbClk_SetSource
                0x00000000       0x34 .\ARM_GCC_484\Debug\CharLCD_HBar01.a(CyLib.o)
 .text.CyILO_Start1K
                0x00000000       0x20 .\ARM_GCC_484\Debug\CharLCD_HBar01.a(CyLib.o)
 .text.CyILO_Stop1K
                0x00000000       0x20 .\ARM_GCC_484\Debug\CharLCD_HBar01.a(CyLib.o)
 .text.CyILO_Start100K
                0x00000000       0x20 .\ARM_GCC_484\Debug\CharLCD_HBar01.a(CyLib.o)
 .text.CyILO_Stop100K
                0x00000000       0x20 .\ARM_GCC_484\Debug\CharLCD_HBar01.a(CyLib.o)
 .text.CyILO_Enable33K
                0x00000000       0x20 .\ARM_GCC_484\Debug\CharLCD_HBar01.a(CyLib.o)
 .text.CyILO_Disable33K
                0x00000000       0x20 .\ARM_GCC_484\Debug\CharLCD_HBar01.a(CyLib.o)
 .text.CyILO_SetSource
                0x00000000       0x38 .\ARM_GCC_484\Debug\CharLCD_HBar01.a(CyLib.o)
 .text.CyILO_SetPowerMode
                0x00000000       0x4c .\ARM_GCC_484\Debug\CharLCD_HBar01.a(CyLib.o)
 .text.CyXTAL_32KHZ_Start
                0x00000000       0x84 .\ARM_GCC_484\Debug\CharLCD_HBar01.a(CyLib.o)
 .text.CyXTAL_32KHZ_Stop
                0x00000000       0x50 .\ARM_GCC_484\Debug\CharLCD_HBar01.a(CyLib.o)
 .text.CyXTAL_32KHZ_ReadStatus
                0x00000000       0x20 .\ARM_GCC_484\Debug\CharLCD_HBar01.a(CyLib.o)
 .text.CyXTAL_32KHZ_SetPowerMode
                0x00000000       0xb4 .\ARM_GCC_484\Debug\CharLCD_HBar01.a(CyLib.o)
 .text.CyXTAL_Start
                0x00000000       0xd0 .\ARM_GCC_484\Debug\CharLCD_HBar01.a(CyLib.o)
 .text.CyXTAL_Stop
                0x00000000       0x20 .\ARM_GCC_484\Debug\CharLCD_HBar01.a(CyLib.o)
 .text.CyXTAL_EnableErrStatus
                0x00000000       0x20 .\ARM_GCC_484\Debug\CharLCD_HBar01.a(CyLib.o)
 .text.CyXTAL_DisableErrStatus
                0x00000000       0x20 .\ARM_GCC_484\Debug\CharLCD_HBar01.a(CyLib.o)
 .text.CyXTAL_ReadStatus
                0x00000000       0x28 .\ARM_GCC_484\Debug\CharLCD_HBar01.a(CyLib.o)
 .text.CyXTAL_EnableFaultRecovery
                0x00000000       0x20 .\ARM_GCC_484\Debug\CharLCD_HBar01.a(CyLib.o)
 .text.CyXTAL_DisableFaultRecovery
                0x00000000       0x20 .\ARM_GCC_484\Debug\CharLCD_HBar01.a(CyLib.o)
 .text.CyXTAL_SetStartup
                0x00000000       0x34 .\ARM_GCC_484\Debug\CharLCD_HBar01.a(CyLib.o)
 .text.CyXTAL_SetFbVoltage
                0x00000000       0x34 .\ARM_GCC_484\Debug\CharLCD_HBar01.a(CyLib.o)
 .text.CyXTAL_SetWdVoltage
                0x00000000       0x38 .\ARM_GCC_484\Debug\CharLCD_HBar01.a(CyLib.o)
 .text.CyHalt   0x00000000       0x18 .\ARM_GCC_484\Debug\CharLCD_HBar01.a(CyLib.o)
 .text.CySoftwareReset
                0x00000000       0x20 .\ARM_GCC_484\Debug\CharLCD_HBar01.a(CyLib.o)
 .text.CyDelayFreq
                0x00000000       0x7c .\ARM_GCC_484\Debug\CharLCD_HBar01.a(CyLib.o)
 .text.CyWdtStart
                0x00000000       0x88 .\ARM_GCC_484\Debug\CharLCD_HBar01.a(CyLib.o)
 .text.CyWdtClear
                0x00000000       0x18 .\ARM_GCC_484\Debug\CharLCD_HBar01.a(CyLib.o)
 .text.CyVdLvDigitEnable
                0x00000000       0xb0 .\ARM_GCC_484\Debug\CharLCD_HBar01.a(CyLib.o)
 .text.CyVdLvAnalogEnable
                0x00000000       0xb0 .\ARM_GCC_484\Debug\CharLCD_HBar01.a(CyLib.o)
 .text.CyVdLvDigitDisable
                0x00000000       0x48 .\ARM_GCC_484\Debug\CharLCD_HBar01.a(CyLib.o)
 .text.CyVdLvAnalogDisable
                0x00000000       0x48 .\ARM_GCC_484\Debug\CharLCD_HBar01.a(CyLib.o)
 .text.CyVdHvAnalogEnable
                0x00000000       0x5c .\ARM_GCC_484\Debug\CharLCD_HBar01.a(CyLib.o)
 .text.CyVdHvAnalogDisable
                0x00000000       0x20 .\ARM_GCC_484\Debug\CharLCD_HBar01.a(CyLib.o)
 .text.CyVdStickyStatus
                0x00000000       0x38 .\ARM_GCC_484\Debug\CharLCD_HBar01.a(CyLib.o)
 .text.CyVdRealTimeStatus
                0x00000000       0x2c .\ARM_GCC_484\Debug\CharLCD_HBar01.a(CyLib.o)
 .text.CyDisableInts
                0x00000000       0x34 .\ARM_GCC_484\Debug\CharLCD_HBar01.a(CyLib.o)
 .text.CyEnableInts
                0x00000000       0x28 .\ARM_GCC_484\Debug\CharLCD_HBar01.a(CyLib.o)
 .text.CyFlushCache
                0x00000000       0x58 .\ARM_GCC_484\Debug\CharLCD_HBar01.a(CyLib.o)
 .text.CyIntSetSysVector
                0x00000000       0x4c .\ARM_GCC_484\Debug\CharLCD_HBar01.a(CyLib.o)
 .text.CyIntGetSysVector
                0x00000000       0x38 .\ARM_GCC_484\Debug\CharLCD_HBar01.a(CyLib.o)
 .text.CyIntSetVector
                0x00000000       0x50 .\ARM_GCC_484\Debug\CharLCD_HBar01.a(CyLib.o)
 .text.CyIntGetVector
                0x00000000       0x38 .\ARM_GCC_484\Debug\CharLCD_HBar01.a(CyLib.o)
 .text.CyIntSetPriority
                0x00000000       0x44 .\ARM_GCC_484\Debug\CharLCD_HBar01.a(CyLib.o)
 .text.CyIntGetPriority
                0x00000000       0x38 .\ARM_GCC_484\Debug\CharLCD_HBar01.a(CyLib.o)
 .text.CyIntGetState
                0x00000000       0x44 .\ARM_GCC_484\Debug\CharLCD_HBar01.a(CyLib.o)
 .text.CySysTickStart
                0x00000000       0x20 .\ARM_GCC_484\Debug\CharLCD_HBar01.a(CyLib.o)
 .text.CySysTickInit
                0x00000000       0x68 .\ARM_GCC_484\Debug\CharLCD_HBar01.a(CyLib.o)
 .text.CySysTickEnable
                0x00000000       0x1c .\ARM_GCC_484\Debug\CharLCD_HBar01.a(CyLib.o)
 .text.CySysTickStop
                0x00000000       0x1c .\ARM_GCC_484\Debug\CharLCD_HBar01.a(CyLib.o)
 .text.CySysTickEnableInterrupt
                0x00000000       0x1c .\ARM_GCC_484\Debug\CharLCD_HBar01.a(CyLib.o)
 .text.CySysTickDisableInterrupt
                0x00000000       0x1c .\ARM_GCC_484\Debug\CharLCD_HBar01.a(CyLib.o)
 .text.CySysTickSetReload
                0x00000000       0x20 .\ARM_GCC_484\Debug\CharLCD_HBar01.a(CyLib.o)
 .text.CySysTickGetReload
                0x00000000       0x1c .\ARM_GCC_484\Debug\CharLCD_HBar01.a(CyLib.o)
 .text.CySysTickGetValue
                0x00000000       0x20 .\ARM_GCC_484\Debug\CharLCD_HBar01.a(CyLib.o)
 .text.CySysTickSetClockSource
                0x00000000       0x38 .\ARM_GCC_484\Debug\CharLCD_HBar01.a(CyLib.o)
 .text.CySysTickGetCountFlag
                0x00000000       0x1c .\ARM_GCC_484\Debug\CharLCD_HBar01.a(CyLib.o)
 .text.CySysTickClear
                0x00000000       0x18 .\ARM_GCC_484\Debug\CharLCD_HBar01.a(CyLib.o)
 .text.CySysTickSetCallback
                0x00000000       0x30 .\ARM_GCC_484\Debug\CharLCD_HBar01.a(CyLib.o)
 .text.CySysTickGetCallback
                0x00000000       0x20 .\ARM_GCC_484\Debug\CharLCD_HBar01.a(CyLib.o)
 .text.CySysTickServiceCallbacks
                0x00000000       0x44 .\ARM_GCC_484\Debug\CharLCD_HBar01.a(CyLib.o)
 .text          0x00000000        0x0 .\ARM_GCC_484\Debug\CharLCD_HBar01.a(cyPm.o)
 .data          0x00000000        0x0 .\ARM_GCC_484\Debug\CharLCD_HBar01.a(cyPm.o)
 .bss           0x00000000       0x44 .\ARM_GCC_484\Debug\CharLCD_HBar01.a(cyPm.o)
 .rodata        0x00000000       0x10 .\ARM_GCC_484\Debug\CharLCD_HBar01.a(cyPm.o)
 .text.CyPmSaveClocks
                0x00000000      0x280 .\ARM_GCC_484\Debug\CharLCD_HBar01.a(cyPm.o)
 .text.CyPmRestoreClocks
                0x00000000      0x300 .\ARM_GCC_484\Debug\CharLCD_HBar01.a(cyPm.o)
 .text.CyPmAltAct
                0x00000000       0xb8 .\ARM_GCC_484\Debug\CharLCD_HBar01.a(cyPm.o)
 .text.CyPmSleep
                0x00000000      0x16c .\ARM_GCC_484\Debug\CharLCD_HBar01.a(cyPm.o)
 .text.CyPmHibernate
                0x00000000      0x140 .\ARM_GCC_484\Debug\CharLCD_HBar01.a(cyPm.o)
 .text.CyPmReadStatus
                0x00000000       0x58 .\ARM_GCC_484\Debug\CharLCD_HBar01.a(cyPm.o)
 .text.CyPmHibSaveSet
                0x00000000       0xd4 .\ARM_GCC_484\Debug\CharLCD_HBar01.a(cyPm.o)
 .text.CyPmHibRestore
                0x00000000       0x68 .\ARM_GCC_484\Debug\CharLCD_HBar01.a(cyPm.o)
 .text.CyPmCtwSetInterval
                0x00000000       0x90 .\ARM_GCC_484\Debug\CharLCD_HBar01.a(cyPm.o)
 .text.CyPmOppsSet
                0x00000000       0x40 .\ARM_GCC_484\Debug\CharLCD_HBar01.a(cyPm.o)
 .text.CyPmFtwSetInterval
                0x00000000       0x90 .\ARM_GCC_484\Debug\CharLCD_HBar01.a(cyPm.o)
 .text.CyPmHibSlpSaveSet
                0x00000000      0x280 .\ARM_GCC_484\Debug\CharLCD_HBar01.a(cyPm.o)
 .text.CyPmHibSlpRestore
                0x00000000      0x188 .\ARM_GCC_484\Debug\CharLCD_HBar01.a(cyPm.o)
 .text.CyPmHviLviSaveDisable
                0x00000000       0xd4 .\ARM_GCC_484\Debug\CharLCD_HBar01.a(cyPm.o)
 .text.CyPmHviLviRestore
                0x00000000       0x54 .\ARM_GCC_484\Debug\CharLCD_HBar01.a(cyPm.o)
 .text          0x00000000        0x0 .\ARM_GCC_484\Debug\CharLCD_HBar01.a(CyFlash.o)
 .data          0x00000000        0x0 .\ARM_GCC_484\Debug\CharLCD_HBar01.a(CyFlash.o)
 .bss           0x00000000        0x4 .\ARM_GCC_484\Debug\CharLCD_HBar01.a(CyFlash.o)
 .text.CyFlash_Start
                0x00000000       0x8c .\ARM_GCC_484\Debug\CharLCD_HBar01.a(CyFlash.o)
 .text.CyFlash_Stop
                0x00000000       0x44 .\ARM_GCC_484\Debug\CharLCD_HBar01.a(CyFlash.o)
 .text.CySetTempInt
                0x00000000       0x7c .\ARM_GCC_484\Debug\CharLCD_HBar01.a(CyFlash.o)
 .text.CyFlashGetSpcAlgorithm
                0x00000000       0x70 .\ARM_GCC_484\Debug\CharLCD_HBar01.a(CyFlash.o)
 .text.CySetTemp
                0x00000000       0x24 .\ARM_GCC_484\Debug\CharLCD_HBar01.a(CyFlash.o)
 .text.CySetFlashEEBuffer
                0x00000000       0x54 .\ARM_GCC_484\Debug\CharLCD_HBar01.a(CyFlash.o)
 .text.CyWriteRowData
                0x00000000       0x3c .\ARM_GCC_484\Debug\CharLCD_HBar01.a(CyFlash.o)
 .text.CyWriteRowConfig
                0x00000000       0x2c .\ARM_GCC_484\Debug\CharLCD_HBar01.a(CyFlash.o)
 .text.CyWriteRowFull
                0x00000000      0x154 .\ARM_GCC_484\Debug\CharLCD_HBar01.a(CyFlash.o)
 .text.CyFlash_SetWaitCycles
                0x00000000       0xbc .\ARM_GCC_484\Debug\CharLCD_HBar01.a(CyFlash.o)
 .text.CyEEPROM_Start
                0x00000000       0x8c .\ARM_GCC_484\Debug\CharLCD_HBar01.a(CyFlash.o)
 .text.CyEEPROM_Stop
                0x00000000       0x44 .\ARM_GCC_484\Debug\CharLCD_HBar01.a(CyFlash.o)
 .text.CyEEPROM_ReadReserve
                0x00000000       0x30 .\ARM_GCC_484\Debug\CharLCD_HBar01.a(CyFlash.o)
 .text.CyEEPROM_ReadRelease
                0x00000000       0x20 .\ARM_GCC_484\Debug\CharLCD_HBar01.a(CyFlash.o)
 COMMON         0x00000000        0x2 .\ARM_GCC_484\Debug\CharLCD_HBar01.a(CyFlash.o)
 .text          0x00000000        0x0 .\ARM_GCC_484\Debug\CharLCD_HBar01.a(CySpc.o)
 .data          0x00000000        0x0 .\ARM_GCC_484\Debug\CharLCD_HBar01.a(CySpc.o)
 .bss           0x00000000        0x8 .\ARM_GCC_484\Debug\CharLCD_HBar01.a(CySpc.o)
 .text.CySpcStart
                0x00000000       0x44 .\ARM_GCC_484\Debug\CharLCD_HBar01.a(CySpc.o)
 .text.CySpcStop
                0x00000000       0x44 .\ARM_GCC_484\Debug\CharLCD_HBar01.a(CySpc.o)
 .text.CySpcReadData
                0x00000000       0x58 .\ARM_GCC_484\Debug\CharLCD_HBar01.a(CySpc.o)
 .text.CySpcLoadMultiByte
                0x00000000       0xd0 .\ARM_GCC_484\Debug\CharLCD_HBar01.a(CySpc.o)
 .text.CySpcLoadRow
                0x00000000       0x8c .\ARM_GCC_484\Debug\CharLCD_HBar01.a(CySpc.o)
 .text.CySpcLoadRowFull
                0x00000000      0x104 .\ARM_GCC_484\Debug\CharLCD_HBar01.a(CySpc.o)
 .text.CySpcWriteRow
                0x00000000       0x88 .\ARM_GCC_484\Debug\CharLCD_HBar01.a(CySpc.o)
 .text.CySpcEraseSector
                0x00000000       0x70 .\ARM_GCC_484\Debug\CharLCD_HBar01.a(CySpc.o)
 .text.CySpcGetTemp
                0x00000000       0x64 .\ARM_GCC_484\Debug\CharLCD_HBar01.a(CySpc.o)
 .text.CySpcLock
                0x00000000       0x68 .\ARM_GCC_484\Debug\CharLCD_HBar01.a(CySpc.o)
 .text.CySpcUnlock
                0x00000000       0x50 .\ARM_GCC_484\Debug\CharLCD_HBar01.a(CySpc.o)
 .text.CySpcGetAlgorithm
                0x00000000       0x48 .\ARM_GCC_484\Debug\CharLCD_HBar01.a(CySpc.o)
 .text          0x00000000        0x0 d:/software/psoc/psoc creator/3.1/psoc creator/import/gnu_cs/arm/4.8.4/bin/../lib/gcc/arm-none-eabi/4.8.4/../../../../arm-none-eabi/lib/armv7-m\libg_s.a(lib_a-errno.o)
 .data          0x00000000        0x0 d:/software/psoc/psoc creator/3.1/psoc creator/import/gnu_cs/arm/4.8.4/bin/../lib/gcc/arm-none-eabi/4.8.4/../../../../arm-none-eabi/lib/armv7-m\libg_s.a(lib_a-errno.o)
 .bss           0x00000000        0x0 d:/software/psoc/psoc creator/3.1/psoc creator/import/gnu_cs/arm/4.8.4/bin/../lib/gcc/arm-none-eabi/4.8.4/../../../../arm-none-eabi/lib/armv7-m\libg_s.a(lib_a-errno.o)
 .text.__errno  0x00000000        0xc d:/software/psoc/psoc creator/3.1/psoc creator/import/gnu_cs/arm/4.8.4/bin/../lib/gcc/arm-none-eabi/4.8.4/../../../../arm-none-eabi/lib/armv7-m\libg_s.a(lib_a-errno.o)
 .text          0x00000000        0x0 d:/software/psoc/psoc creator/3.1/psoc creator/import/gnu_cs/arm/4.8.4/bin/../lib/gcc/arm-none-eabi/4.8.4/../../../../arm-none-eabi/lib/armv7-m\libg_s.a(lib_a-exit.o)
 .data          0x00000000        0x0 d:/software/psoc/psoc creator/3.1/psoc creator/import/gnu_cs/arm/4.8.4/bin/../lib/gcc/arm-none-eabi/4.8.4/../../../../arm-none-eabi/lib/armv7-m\libg_s.a(lib_a-exit.o)
 .bss           0x00000000        0x0 d:/software/psoc/psoc creator/3.1/psoc creator/import/gnu_cs/arm/4.8.4/bin/../lib/gcc/arm-none-eabi/4.8.4/../../../../arm-none-eabi/lib/armv7-m\libg_s.a(lib_a-exit.o)
 .text.exit     0x00000000       0x28 d:/software/psoc/psoc creator/3.1/psoc creator/import/gnu_cs/arm/4.8.4/bin/../lib/gcc/arm-none-eabi/4.8.4/../../../../arm-none-eabi/lib/armv7-m\libg_s.a(lib_a-exit.o)
 .text          0x00000000        0x0 d:/software/psoc/psoc creator/3.1/psoc creator/import/gnu_cs/arm/4.8.4/bin/../lib/gcc/arm-none-eabi/4.8.4/../../../../arm-none-eabi/lib/armv7-m\libg_s.a(lib_a-impure.o)
 .data          0x00000000        0x0 d:/software/psoc/psoc creator/3.1/psoc creator/import/gnu_cs/arm/4.8.4/bin/../lib/gcc/arm-none-eabi/4.8.4/../../../../arm-none-eabi/lib/armv7-m\libg_s.a(lib_a-impure.o)
 .bss           0x00000000        0x0 d:/software/psoc/psoc creator/3.1/psoc creator/import/gnu_cs/arm/4.8.4/bin/../lib/gcc/arm-none-eabi/4.8.4/../../../../arm-none-eabi/lib/armv7-m\libg_s.a(lib_a-impure.o)
 .data.impure_data
                0x00000000       0x60 d:/software/psoc/psoc creator/3.1/psoc creator/import/gnu_cs/arm/4.8.4/bin/../lib/gcc/arm-none-eabi/4.8.4/../../../../arm-none-eabi/lib/armv7-m\libg_s.a(lib_a-impure.o)
 .data._impure_ptr
                0x00000000        0x4 d:/software/psoc/psoc creator/3.1/psoc creator/import/gnu_cs/arm/4.8.4/bin/../lib/gcc/arm-none-eabi/4.8.4/../../../../arm-none-eabi/lib/armv7-m\libg_s.a(lib_a-impure.o)
 .rodata.str1.1
                0x00000000        0x2 d:/software/psoc/psoc creator/3.1/psoc creator/import/gnu_cs/arm/4.8.4/bin/../lib/gcc/arm-none-eabi/4.8.4/../../../../arm-none-eabi/lib/armv7-m\libg_s.a(lib_a-impure.o)
 .rodata._global_impure_ptr
                0x00000000        0x4 d:/software/psoc/psoc creator/3.1/psoc creator/import/gnu_cs/arm/4.8.4/bin/../lib/gcc/arm-none-eabi/4.8.4/../../../../arm-none-eabi/lib/armv7-m\libg_s.a(lib_a-impure.o)
 .text          0x00000000        0x0 d:/software/psoc/psoc creator/3.1/psoc creator/import/gnu_cs/arm/4.8.4/bin/../lib/gcc/arm-none-eabi/4.8.4/../../../../arm-none-eabi/lib/armv7-m\libg_s.a(lib_a-init.o)
 .data          0x00000000        0x0 d:/software/psoc/psoc creator/3.1/psoc creator/import/gnu_cs/arm/4.8.4/bin/../lib/gcc/arm-none-eabi/4.8.4/../../../../arm-none-eabi/lib/armv7-m\libg_s.a(lib_a-init.o)
 .bss           0x00000000        0x0 d:/software/psoc/psoc creator/3.1/psoc creator/import/gnu_cs/arm/4.8.4/bin/../lib/gcc/arm-none-eabi/4.8.4/../../../../arm-none-eabi/lib/armv7-m\libg_s.a(lib_a-init.o)
 .text          0x00000000        0x0 d:/software/psoc/psoc creator/3.1/psoc creator/import/gnu_cs/arm/4.8.4/bin/../lib/gcc/arm-none-eabi/4.8.4/../../../../arm-none-eabi/lib/armv7-m\libg_s.a(lib_a-memcpy-stub.o)
 .data          0x00000000        0x0 d:/software/psoc/psoc creator/3.1/psoc creator/import/gnu_cs/arm/4.8.4/bin/../lib/gcc/arm-none-eabi/4.8.4/../../../../arm-none-eabi/lib/armv7-m\libg_s.a(lib_a-memcpy-stub.o)
 .bss           0x00000000        0x0 d:/software/psoc/psoc creator/3.1/psoc creator/import/gnu_cs/arm/4.8.4/bin/../lib/gcc/arm-none-eabi/4.8.4/../../../../arm-none-eabi/lib/armv7-m\libg_s.a(lib_a-memcpy-stub.o)
 .text          0x00000000        0x0 d:/software/psoc/psoc creator/3.1/psoc creator/import/gnu_cs/arm/4.8.4/bin/../lib/gcc/arm-none-eabi/4.8.4/../../../../arm-none-eabi/lib/armv7-m\libg_s.a(lib_a-memset.o)
 .data          0x00000000        0x0 d:/software/psoc/psoc creator/3.1/psoc creator/import/gnu_cs/arm/4.8.4/bin/../lib/gcc/arm-none-eabi/4.8.4/../../../../arm-none-eabi/lib/armv7-m\libg_s.a(lib_a-memset.o)
 .bss           0x00000000        0x0 d:/software/psoc/psoc creator/3.1/psoc creator/import/gnu_cs/arm/4.8.4/bin/../lib/gcc/arm-none-eabi/4.8.4/../../../../arm-none-eabi/lib/armv7-m\libg_s.a(lib_a-memset.o)
 .text          0x00000000        0x0 d:/software/psoc/psoc creator/3.1/psoc creator/import/gnu_cs/arm/4.8.4/bin/../lib/gcc/arm-none-eabi/4.8.4/armv7-m/crtend.o
 .data          0x00000000        0x0 d:/software/psoc/psoc creator/3.1/psoc creator/import/gnu_cs/arm/4.8.4/bin/../lib/gcc/arm-none-eabi/4.8.4/armv7-m/crtend.o
 .bss           0x00000000        0x0 d:/software/psoc/psoc creator/3.1/psoc creator/import/gnu_cs/arm/4.8.4/bin/../lib/gcc/arm-none-eabi/4.8.4/armv7-m/crtend.o
 .text          0x00000000        0x0 d:/software/psoc/psoc creator/3.1/psoc creator/import/gnu_cs/arm/4.8.4/bin/../lib/gcc/arm-none-eabi/4.8.4/armv7-m/crtn.o
 .data          0x00000000        0x0 d:/software/psoc/psoc creator/3.1/psoc creator/import/gnu_cs/arm/4.8.4/bin/../lib/gcc/arm-none-eabi/4.8.4/armv7-m/crtn.o
 .bss           0x00000000        0x0 d:/software/psoc/psoc creator/3.1/psoc creator/import/gnu_cs/arm/4.8.4/bin/../lib/gcc/arm-none-eabi/4.8.4/armv7-m/crtn.o

Memory Configuration

Name             Origin             Length             Attributes
rom              0x00000000         0x00040000         xr
ram              0x1fff8000         0x00010000         xrw
*default*        0x00000000         0xffffffff

Linker script and memory map

LOAD d:/software/psoc/psoc creator/3.1/psoc creator/import/gnu_cs/arm/4.8.4/bin/../lib/gcc/arm-none-eabi/4.8.4/armv7-m/crti.o
LOAD d:/software/psoc/psoc creator/3.1/psoc creator/import/gnu_cs/arm/4.8.4/bin/../lib/gcc/arm-none-eabi/4.8.4/armv7-m/crtbegin.o
LOAD d:/software/psoc/psoc creator/3.1/psoc creator/import/gnu_cs/arm/4.8.4/bin/../lib/gcc/arm-none-eabi/4.8.4/../../../../arm-none-eabi/lib/armv7-m/crt0.o
START GROUP
LOAD .\ARM_GCC_484\Debug\main.o
LOAD .\ARM_GCC_484\Debug\cymetadata.o
LOAD .\ARM_GCC_484\Debug\Cm3Start.o
LOAD .\ARM_GCC_484\Debug\CharLCD_HBar01.a
LOAD D:\Software\PSOC\PSoC Creator\3.1\PSoC Creator\psoc\content\cycomponentlibrary\CyComponentLibrary.cylib\CortexM3\ARM_GCC_484\Debug\CyComponentLibrary.a
END GROUP
START GROUP
LOAD d:/software/psoc/psoc creator/3.1/psoc creator/import/gnu_cs/arm/4.8.4/bin/../lib/gcc/arm-none-eabi/4.8.4/armv7-m\libgcc.a
LOAD d:/software/psoc/psoc creator/3.1/psoc creator/import/gnu_cs/arm/4.8.4/bin/../lib/gcc/arm-none-eabi/4.8.4/../../../../arm-none-eabi/lib/armv7-m\libg_s.a
LOAD d:/software/psoc/psoc creator/3.1/psoc creator/import/gnu_cs/arm/4.8.4/bin/../lib/gcc/arm-none-eabi/4.8.4/../../../../arm-none-eabi/lib/armv7-m\libc_s.a
END GROUP
START GROUP
LOAD d:/software/psoc/psoc creator/3.1/psoc creator/import/gnu_cs/arm/4.8.4/bin/../lib/gcc/arm-none-eabi/4.8.4/armv7-m\libgcc.a
LOAD d:/software/psoc/psoc creator/3.1/psoc creator/import/gnu_cs/arm/4.8.4/bin/../lib/gcc/arm-none-eabi/4.8.4/../../../../arm-none-eabi/lib/armv7-m\libc_s.a
END GROUP
LOAD d:/software/psoc/psoc creator/3.1/psoc creator/import/gnu_cs/arm/4.8.4/bin/../lib/gcc/arm-none-eabi/4.8.4/armv7-m/crtend.o
LOAD d:/software/psoc/psoc creator/3.1/psoc creator/import/gnu_cs/arm/4.8.4/bin/../lib/gcc/arm-none-eabi/4.8.4/armv7-m/crtn.o
START GROUP
LOAD d:/software/psoc/psoc creator/3.1/psoc creator/import/gnu_cs/arm/4.8.4/bin/../lib/gcc/arm-none-eabi/4.8.4/armv7-m\libgcc.a
LOAD d:/software/psoc/psoc creator/3.1/psoc creator/import/gnu_cs/arm/4.8.4/bin/../lib/gcc/arm-none-eabi/4.8.4/../../../../arm-none-eabi/lib/armv7-m\libc.a
LOAD d:/software/psoc/psoc creator/3.1/psoc creator/import/gnu_cs/arm/4.8.4/bin/../lib/gcc/arm-none-eabi/4.8.4/../../../../arm-none-eabi/lib/armv7-m\libnosys.a
END GROUP
                0x00000000                CY_APPL_ORIGIN = 0x0
                0x00000100                CY_FLASH_ROW_SIZE = 0x100
                0x00000020                CY_ECC_ROW_SIZE = 0x20
                0x00000000                CY_EE_IN_BTLDR = 0x0
                0x00000000                CY_APPL_LOADABLE = 0x0
                0x00000800                CY_EE_SIZE = 0x800
                0x00000001                CY_APPL_NUM = 0x1
                0x00000001                CY_APPL_MAX = 0x1
                0x00000040                CY_METADATA_SIZE = 0x40
                0x1fff8140                PROVIDE (__cy_heap_start, _end)
                0x00000001                PROVIDE (__cy_region_num, ((__cy_regions_end - __cy_regions) / 0x10))
                0x20008000                PROVIDE (__cy_stack, (ORIGIN (ram) + 0x10000))
                0x20007800                PROVIDE (__cy_heap_end, (__cy_stack - 0x800))

.cybootloader   0x00000000        0x0
 *(.cybootloader)
                0x00000000                appl1_start = CY_APPL_ORIGIN?CY_APPL_ORIGIN:ALIGN (CY_FLASH_ROW_SIZE)
                0x0001ff00                appl2_start = (appl1_start + ALIGN ((((0x40000 - appl1_start) - (0x2 * CY_FLASH_ROW_SIZE)) / 0x2), CY_FLASH_ROW_SIZE))
                0x00000000                appl_start = (CY_APPL_NUM == 0x1)?appl1_start:appl2_start
                0x00000000                ecc_offset = ((appl_start / CY_FLASH_ROW_SIZE) * CY_ECC_ROW_SIZE)
                0x00000000                ee_offset = (CY_APPL_LOADABLE && ! (CY_EE_IN_BTLDR))?((CY_EE_SIZE / CY_APPL_MAX) * (CY_APPL_NUM - 0x1)):0x0
                0x00000800                ee_size = (CY_APPL_LOADABLE && ! (CY_EE_IN_BTLDR))?(CY_EE_SIZE / CY_APPL_MAX):CY_EE_SIZE
                0x00000000                PROVIDE (CY_ECC_OFFSET, ecc_offset)

.text           0x00000000      0xb16
 CREATE_OBJECT_SYMBOLS
                0x00000000                PROVIDE (__cy_interrupt_vector, RomVectors)
 *(.romvectors)
 .romvectors    0x00000000       0x10 .\ARM_GCC_484\Debug\Cm3Start.o
                0x00000000                RomVectors
                0x00000001                ASSERT ((. != __cy_interrupt_vector), No interrupt vector)
                0x00000001                ASSERT (CY_APPL_ORIGIN?(SIZEOF (.cybootloader) <= CY_APPL_ORIGIN):0x1, Wrong image location)
                0x00000010                PROVIDE (__cy_reset, Reset)
 *(.text.Reset)
 .text.Reset    0x00000010       0x18 .\ARM_GCC_484\Debug\Cm3Start.o
                0x00000010                Reset
                0x00000001                ASSERT ((. != __cy_reset), No reset code)
 *(.dma_init)
                0x00000001                ASSERT ((((appl_start + .) <= 0x10000) || 0x1), DMA Init must be within the first 64k of flash)
 *(.text .text.* .gnu.linkonce.t.*)
 .text          0x00000028       0x54 d:/software/psoc/psoc creator/3.1/psoc creator/import/gnu_cs/arm/4.8.4/bin/../lib/gcc/arm-none-eabi/4.8.4/armv7-m/crtbegin.o
 .text.main     0x0000007c       0xc4 .\ARM_GCC_484\Debug\main.o
                0x0000007c                main
 .text.IntDefaultHandler
                0x00000140        0x8 .\ARM_GCC_484\Debug\Cm3Start.o
                0x00000140                IntDefaultHandler
 .text.Start_c  0x00000148       0x98 .\ARM_GCC_484\Debug\Cm3Start.o
                0x00000148                Start_c
 .text.initialize_psoc
                0x000001e0       0x8c .\ARM_GCC_484\Debug\Cm3Start.o
                0x000001e0                initialize_psoc
 .text.CYMEMZERO
                0x0000026c       0x1c .\ARM_GCC_484\Debug\CharLCD_HBar01.a(cyfitter_cfg.o)
 .text.CYCONFIGCPY
                0x00000288       0x1c .\ARM_GCC_484\Debug\CharLCD_HBar01.a(cyfitter_cfg.o)
 .text.CYCONFIGCPYCODE
                0x000002a4       0x1c .\ARM_GCC_484\Debug\CharLCD_HBar01.a(cyfitter_cfg.o)
 .text.CyClockStartupError
                0x000002c0        0xc .\ARM_GCC_484\Debug\CharLCD_HBar01.a(cyfitter_cfg.o)
 .text.ClockSetup
                0x000002cc       0xd8 .\ARM_GCC_484\Debug\CharLCD_HBar01.a(cyfitter_cfg.o)
 .text.AnalogSetDefault
                0x000003a4       0x44 .\ARM_GCC_484\Debug\CharLCD_HBar01.a(cyfitter_cfg.o)
 .text.cyfitter_cfg
                0x000003e8      0x100 .\ARM_GCC_484\Debug\CharLCD_HBar01.a(cyfitter_cfg.o)
                0x000003e8                cyfitter_cfg
 .text.LCD_LoadCustomFonts
                0x000004e8       0x44 .\ARM_GCC_484\Debug\CharLCD_HBar01.a(LCD_BarGraph.o)
                0x000004e8                LCD_LoadCustomFonts
 .text.LCD_DrawHorizontalBG
                0x0000052c       0xa4 .\ARM_GCC_484\Debug\CharLCD_HBar01.a(LCD_BarGraph.o)
                0x0000052c                LCD_DrawHorizontalBG
 .text.LCD_Init
                0x000005d0       0x78 .\ARM_GCC_484\Debug\CharLCD_HBar01.a(LCD.o)
                0x000005d0                LCD_Init
 .text.LCD_Enable
                0x00000648       0x18 .\ARM_GCC_484\Debug\CharLCD_HBar01.a(LCD.o)
                0x00000648                LCD_Enable
 .text.LCD_Start
                0x00000660       0x20 .\ARM_GCC_484\Debug\CharLCD_HBar01.a(LCD.o)
                0x00000660                LCD_Start
 .text.LCD_Position
                0x00000680       0x6c .\ARM_GCC_484\Debug\CharLCD_HBar01.a(LCD.o)
                0x00000680                LCD_Position
 .text.LCD_PrintString
                0x000006ec       0x38 .\ARM_GCC_484\Debug\CharLCD_HBar01.a(LCD.o)
                0x000006ec                LCD_PrintString
 .text.LCD_WriteData
                0x00000724       0x34 .\ARM_GCC_484\Debug\CharLCD_HBar01.a(LCD.o)
                0x00000724                LCD_WriteData
 .text.LCD_WriteControl
                0x00000758       0x34 .\ARM_GCC_484\Debug\CharLCD_HBar01.a(LCD.o)
                0x00000758                LCD_WriteControl
 .text.LCD_IsReady
                0x0000078c      0x178 .\ARM_GCC_484\Debug\CharLCD_HBar01.a(LCD.o)
                0x0000078c                LCD_IsReady
 .text.LCD_WrDatNib
                0x00000904       0x78 .\ARM_GCC_484\Debug\CharLCD_HBar01.a(LCD.o)
 .text.LCD_WrCntrlNib
                0x0000097c       0x60 .\ARM_GCC_484\Debug\CharLCD_HBar01.a(LCD.o)
 *fill*         0x000009dc        0x4 
 .text          0x000009e0       0x60 .\ARM_GCC_484\Debug\CharLCD_HBar01.a(CyBootAsmGnu.o)
                0x000009e0                CyDelayCycles
                0x00000a24                CyEnterCriticalSection
                0x00000a2c                CyExitCriticalSection
 .text.CyDelay  0x00000a40       0x44 .\ARM_GCC_484\Debug\CharLCD_HBar01.a(CyLib.o)
                0x00000a40                CyDelay
 .text.CyDelayUs
                0x00000a84       0x24 .\ARM_GCC_484\Debug\CharLCD_HBar01.a(CyLib.o)
                0x00000a84                CyDelayUs
 .text.__libc_init_array
                0x00000aa8       0x4c d:/software/psoc/psoc creator/3.1/psoc creator/import/gnu_cs/arm/4.8.4/bin/../lib/gcc/arm-none-eabi/4.8.4/../../../../arm-none-eabi/lib/armv7-m\libg_s.a(lib_a-init.o)
                0x00000aa8                __libc_init_array
 .text.memcpy   0x00000af4       0x12 d:/software/psoc/psoc creator/3.1/psoc creator/import/gnu_cs/arm/4.8.4/bin/../lib/gcc/arm-none-eabi/4.8.4/../../../../arm-none-eabi/lib/armv7-m\libg_s.a(lib_a-memcpy-stub.o)
                0x00000af4                memcpy
 .text.memset   0x00000b06       0x10 d:/software/psoc/psoc creator/3.1/psoc creator/import/gnu_cs/arm/4.8.4/bin/../lib/gcc/arm-none-eabi/4.8.4/../../../../arm-none-eabi/lib/armv7-m\libg_s.a(lib_a-memset.o)
                0x00000b06                memset
 *(.plt)
 *(.gnu.warning)
 *(.glue_7t)
 .glue_7t       0x00000000        0x0 linker stubs
 *(.glue_7)
 .glue_7        0x00000000        0x0 linker stubs
 *(.vfp11_veneer)
 .vfp11_veneer  0x00000000        0x0 linker stubs
 *(.bootloader)
 *(.ARM.extab* .gnu.linkonce.armextab.*)
 *(.gcc_except_table)

.v4_bx          0x00000b18        0x0
 .v4_bx         0x00000000        0x0 linker stubs

.iplt           0x00000b18        0x0
 .iplt          0x00000000        0x0 d:/software/psoc/psoc creator/3.1/psoc creator/import/gnu_cs/arm/4.8.4/bin/../lib/gcc/arm-none-eabi/4.8.4/armv7-m/crtbegin.o

.eh_frame_hdr
 *(.eh_frame_hdr)

.eh_frame       0x00000b18        0x4
 *(.eh_frame)
 .eh_frame      0x00000b18        0x0 d:/software/psoc/psoc creator/3.1/psoc creator/import/gnu_cs/arm/4.8.4/bin/../lib/gcc/arm-none-eabi/4.8.4/armv7-m/crtbegin.o
 .eh_frame      0x00000b18        0x4 d:/software/psoc/psoc creator/3.1/psoc creator/import/gnu_cs/arm/4.8.4/bin/../lib/gcc/arm-none-eabi/4.8.4/armv7-m/crtend.o
                0x00000b1c                PROVIDE (__exidx_start, .)

.ARM.exidx
 *(.ARM.exidx* .gnu.linkonce.armexidx.*)
                0x00000b1c                __exidx_end = .

.rodata         0x00000b1c       0xe4
 *(.rodata .rodata.* .gnu.linkonce.r.*)
 .rodata        0x00000b1c       0x30 .\ARM_GCC_484\Debug\main.o
 .rodata        0x00000b4c       0x40 .\ARM_GCC_484\Debug\CharLCD_HBar01.a(cyfitter_cfg.o)
 .rodata        0x00000b8c       0x40 .\ARM_GCC_484\Debug\CharLCD_HBar01.a(LCD_BarGraph.o)
                0x00000b8c                LCD_customFonts
                0x00000bcc                . = ALIGN (0x4)
 *(.init)
 .init          0x00000bcc        0x4 d:/software/psoc/psoc creator/3.1/psoc creator/import/gnu_cs/arm/4.8.4/bin/../lib/gcc/arm-none-eabi/4.8.4/armv7-m/crti.o
                0x00000bcc                _init
 .init          0x00000bd0        0x8 d:/software/psoc/psoc creator/3.1/psoc creator/import/gnu_cs/arm/4.8.4/bin/../lib/gcc/arm-none-eabi/4.8.4/armv7-m/crtn.o
                0x00000bd8                . = ALIGN (0x4)
                0x00000bd8                __preinit_array_start = .
 *(.preinit_array)
                0x00000bd8                __preinit_array_end = .
                0x00000bd8                . = ALIGN (0x4)
                0x00000bd8                __init_array_start = .
 *(SORT(.init_array.*))
 *(.init_array)
 .init_array    0x00000bd8        0x4 d:/software/psoc/psoc creator/3.1/psoc creator/import/gnu_cs/arm/4.8.4/bin/../lib/gcc/arm-none-eabi/4.8.4/armv7-m/crtbegin.o
 .init_array    0x00000bdc        0x4 .\ARM_GCC_484\Debug\Cm3Start.o
                0x00000be0                __init_array_end = .
                0x00000be0                . = ALIGN (0x4)
 *(.fini)
 .fini          0x00000be0        0x4 d:/software/psoc/psoc creator/3.1/psoc creator/import/gnu_cs/arm/4.8.4/bin/../lib/gcc/arm-none-eabi/4.8.4/armv7-m/crti.o
                0x00000be0                _fini
 .fini          0x00000be4        0x8 d:/software/psoc/psoc creator/3.1/psoc creator/import/gnu_cs/arm/4.8.4/bin/../lib/gcc/arm-none-eabi/4.8.4/armv7-m/crtn.o
                0x00000bec                . = ALIGN (0x4)
                0x00000bec                __fini_array_start = .
 *(.fini_array)
 .fini_array    0x00000bec        0x4 d:/software/psoc/psoc creator/3.1/psoc creator/import/gnu_cs/arm/4.8.4/bin/../lib/gcc/arm-none-eabi/4.8.4/armv7-m/crtbegin.o
 *(SORT(.fini_array.*))
                0x00000bf0                __fini_array_end = .
                0x00000bf0                . = ALIGN (0x4)
 *crtbegin.o(.ctors)
 *(EXCLUDE_FILE(*crtend.o) .ctors)
 *(SORT(.ctors.*))
 *crtend.o(.ctors)
                0x00000bf0                . = ALIGN (0x4)
 *crtbegin.o(.dtors)
 *(EXCLUDE_FILE(*crtend.o) .dtors)
 *(SORT(.dtors.*))
 *crtend.o(.dtors)
                0x00000bf0                . = ALIGN (0x4)
                0x00000bf0                __cy_regions = .
                0x00000bf0        0x4 LONG 0xc00 __cy_region_init_ram
                0x00000bf4        0x4 LONG 0x1fff8108 __cy_region_start_data
                0x00000bf8        0x4 LONG 0x18 __cy_region_init_size_ram
                0x00000bfc        0x4 LONG 0x20 __cy_region_zero_size_ram
                0x00000c00                __cy_regions_end = .
                0x00000c00                . = ALIGN (0x8)
                0x00000c00                _etext = .

.ramvectors     0x1fff8000      0x100
                0x1fff8000                __cy_region_start_ram = .
 *(.ramvectors)
 .ramvectors    0x1fff8000      0x100 .\ARM_GCC_484\Debug\Cm3Start.o
                0x1fff8000                CyRamVectors

.noinit         0x1fff8100        0x5
 *(.noinit)
 .noinit        0x1fff8100        0x4 .\ARM_GCC_484\Debug\Cm3Start.o
 .noinit        0x1fff8104        0x1 .\ARM_GCC_484\Debug\CharLCD_HBar01.a(CyLib.o)
                0x1fff8104                CyResetStatus

.data           0x1fff8108       0x18 load address 0x00000c00
                0x1fff8108                __cy_region_start_data = .
 *(.jcr)
 .jcr           0x1fff8108        0x0 d:/software/psoc/psoc creator/3.1/psoc creator/import/gnu_cs/arm/4.8.4/bin/../lib/gcc/arm-none-eabi/4.8.4/armv7-m/crtbegin.o
 .jcr           0x1fff8108        0x4 d:/software/psoc/psoc creator/3.1/psoc creator/import/gnu_cs/arm/4.8.4/bin/../lib/gcc/arm-none-eabi/4.8.4/armv7-m/crtend.o
 *(.got.plt)
 *(.got)
 *(.shdata)
 *(.data .data.* .gnu.linkonce.d.*)
 .data          0x1fff810c       0x10 .\ARM_GCC_484\Debug\CharLCD_HBar01.a(CyLib.o)
                0x1fff810c                cydelay_freq_hz
                0x1fff8110                cydelay_freq_khz
                0x1fff8114                cydelay_freq_mhz
                0x1fff8118                cydelay_32k_ms
                0x1fff8120                . = ALIGN (0x8)
 *fill*         0x1fff811c        0x4 
 *(.ram)
                0x1fff8120                _edata = .

.igot.plt       0x1fff8120        0x0 load address 0x00000c18
 .igot.plt      0x00000000        0x0 d:/software/psoc/psoc creator/3.1/psoc creator/import/gnu_cs/arm/4.8.4/bin/../lib/gcc/arm-none-eabi/4.8.4/armv7-m/crtbegin.o

.bss            0x1fff8120       0x20 load address 0x00000c18
                0x1fff8120                PROVIDE (__bss_start__, .)
 *(.shbss)
 *(.bss .bss.* .gnu.linkonce.b.*)
 .bss           0x1fff8120       0x1c d:/software/psoc/psoc creator/3.1/psoc creator/import/gnu_cs/arm/4.8.4/bin/../lib/gcc/arm-none-eabi/4.8.4/armv7-m/crtbegin.o
 .bss           0x1fff813c        0x2 .\ARM_GCC_484\Debug\CharLCD_HBar01.a(LCD.o)
                0x1fff813c                LCD_enableState
                0x1fff813d                LCD_initVar
 *(COMMON)
                0x1fff8140                . = ALIGN (0x8)
 *fill*         0x1fff813e        0x2 
 *(.ram.b)
                0x1fff8140                _end = .
                0x1fff8140                __end = .
                0x1fff8140                PROVIDE (end, .)
                0x1fff8140                PROVIDE (__bss_end__, .)
                0x00000c00                __cy_region_init_ram = LOADADDR (.data)
                0x00000018                __cy_region_init_size_ram = (_edata - ADDR (.data))
                0x00000020                __cy_region_zero_size_ram = (_end - _edata)

.heap           0x1fff8140       0x80 load address 0x00000c18
                0x1fff8140                . = _end
                0x1fff81c0                . = (. + 0x80)
 *fill*         0x1fff8140       0x80 
                0x1fff81c0                __cy_heap_limit = .

.stack          0x20007800      0x800
                0x20007800                __cy_stack_limit = .
                0x20008000                . = (. + 0x800)
 *fill*         0x20007800      0x800 
                0x00000001                ASSERT ((__cy_stack_limit >= __cy_heap_limit), region RAM overflowed with stack)

.cyloadermeta
 *(.cyloadermeta)

.cyloadablemeta
 *(.cyloadablemeta)

.cyconfigecc    0x80000000        0x4
 *(.cyconfigecc)
 .cyconfigecc   0x80000000        0x4 .\ARM_GCC_484\Debug\cymetadata.o
                0x80000000                cy_meta_configecc

.cycustnvl      0x90000000        0x4
 *(.cycustnvl)
 .cycustnvl     0x90000000        0x4 .\ARM_GCC_484\Debug\cymetadata.o
                0x90000000                cy_meta_custnvl

.cywolatch      0x90100000        0x4
 *(.cywolatch)
 .cywolatch     0x90100000        0x4 .\ARM_GCC_484\Debug\cymetadata.o
                0x90100000                cy_meta_wonvl

.cyeeprom       0x90200000        0x0
 *(.cyeeprom)
                0x00000001                ASSERT ((. <= ((0x90200000 + ee_offset) + ee_size)), .cyeeprom data will not fit in EEPROM)

.cyflashprotect
                0x90400000      0x100
 *(.cyflashprotect)
 .cyflashprotect
                0x90400000      0x100 .\ARM_GCC_484\Debug\cymetadata.o
                0x90400000                cy_meta_flashprotect

.cymeta         0x90500000        0xc
 *(.cymeta)
 .cymeta        0x90500000        0xc .\ARM_GCC_484\Debug\cymetadata.o
                0x90500000                cy_metadata

.rel.dyn        0x00000c18        0x0 load address 0x9050000c
 .rel.iplt      0x00000000        0x0 d:/software/psoc/psoc creator/3.1/psoc creator/import/gnu_cs/arm/4.8.4/bin/../lib/gcc/arm-none-eabi/4.8.4/armv7-m/crtbegin.o

.stab
 *(.stab)

.stabstr
 *(.stabstr)

.debug
 *(.debug)

.line
 *(.line)

.debug_srcinfo
 *(.debug_srcinfo)

.debug_sfnames
 *(.debug_sfnames)

.debug_aranges  0x00000000      0x5b8
 *(.debug_aranges)
 .debug_aranges
                0x00000000       0x20 .\ARM_GCC_484\Debug\main.o
 .debug_aranges
                0x00000020       0x18 .\ARM_GCC_484\Debug\cymetadata.o
 .debug_aranges
                0x00000038       0x48 .\ARM_GCC_484\Debug\Cm3Start.o
 .debug_aranges
                0x00000080       0x58 .\ARM_GCC_484\Debug\CharLCD_HBar01.a(cyfitter_cfg.o)
 .debug_aranges
                0x000000d8       0x28 .\ARM_GCC_484\Debug\CharLCD_HBar01.a(LCD_BarGraph.o)
 .debug_aranges
                0x00000100       0x78 .\ARM_GCC_484\Debug\CharLCD_HBar01.a(LCD.o)
 .debug_aranges
                0x00000178       0x20 .\ARM_GCC_484\Debug\CharLCD_HBar01.a(CyBootAsmGnu.o)
 .debug_aranges
                0x00000198      0x290 .\ARM_GCC_484\Debug\CharLCD_HBar01.a(CyLib.o)
 .debug_aranges
                0x00000428       0x90 .\ARM_GCC_484\Debug\CharLCD_HBar01.a(cyPm.o)
 .debug_aranges
                0x000004b8       0x88 .\ARM_GCC_484\Debug\CharLCD_HBar01.a(CyFlash.o)
 .debug_aranges
                0x00000540       0x78 .\ARM_GCC_484\Debug\CharLCD_HBar01.a(CySpc.o)

.debug_pubnames
 *(.debug_pubnames)

.debug_info     0x00000000     0x281b
 *(.debug_info .gnu.linkonce.wi.*)
 .debug_info    0x00000000      0x11a .\ARM_GCC_484\Debug\main.o
 .debug_info    0x0000011a      0x139 .\ARM_GCC_484\Debug\cymetadata.o
 .debug_info    0x00000253      0x323 .\ARM_GCC_484\Debug\Cm3Start.o
 .debug_info    0x00000576      0x304 .\ARM_GCC_484\Debug\CharLCD_HBar01.a(cyfitter_cfg.o)
 .debug_info    0x0000087a      0x16e .\ARM_GCC_484\Debug\CharLCD_HBar01.a(LCD_BarGraph.o)
 .debug_info    0x000009e8      0x2ce .\ARM_GCC_484\Debug\CharLCD_HBar01.a(LCD.o)
 .debug_info    0x00000cb6       0x93 .\ARM_GCC_484\Debug\CharLCD_HBar01.a(CyBootAsmGnu.o)
 .debug_info    0x00000d49      0xd85 .\ARM_GCC_484\Debug\CharLCD_HBar01.a(CyLib.o)
 .debug_info    0x00001ace      0x536 .\ARM_GCC_484\Debug\CharLCD_HBar01.a(cyPm.o)
 .debug_info    0x00002004      0x3c1 .\ARM_GCC_484\Debug\CharLCD_HBar01.a(CyFlash.o)
 .debug_info    0x000023c5      0x456 .\ARM_GCC_484\Debug\CharLCD_HBar01.a(CySpc.o)

.debug_abbrev   0x00000000      0xc4c
 *(.debug_abbrev)
 .debug_abbrev  0x00000000       0xaf .\ARM_GCC_484\Debug\main.o
 .debug_abbrev  0x000000af       0x5d .\ARM_GCC_484\Debug\cymetadata.o
 .debug_abbrev  0x0000010c      0x1c5 .\ARM_GCC_484\Debug\Cm3Start.o
 .debug_abbrev  0x000002d1      0x14d .\ARM_GCC_484\Debug\CharLCD_HBar01.a(cyfitter_cfg.o)
 .debug_abbrev  0x0000041e       0xb1 .\ARM_GCC_484\Debug\CharLCD_HBar01.a(LCD_BarGraph.o)
 .debug_abbrev  0x000004cf      0x13e .\ARM_GCC_484\Debug\CharLCD_HBar01.a(LCD.o)
 .debug_abbrev  0x0000060d       0x14 .\ARM_GCC_484\Debug\CharLCD_HBar01.a(CyBootAsmGnu.o)
 .debug_abbrev  0x00000621      0x217 .\ARM_GCC_484\Debug\CharLCD_HBar01.a(CyLib.o)
 .debug_abbrev  0x00000838      0x16e .\ARM_GCC_484\Debug\CharLCD_HBar01.a(cyPm.o)
 .debug_abbrev  0x000009a6      0x12d .\ARM_GCC_484\Debug\CharLCD_HBar01.a(CyFlash.o)
 .debug_abbrev  0x00000ad3      0x179 .\ARM_GCC_484\Debug\CharLCD_HBar01.a(CySpc.o)

.debug_line     0x00000000     0x1810
 *(.debug_line)
 .debug_line    0x00000000      0x18e .\ARM_GCC_484\Debug\main.o
 .debug_line    0x0000018e       0x53 .\ARM_GCC_484\Debug\cymetadata.o
 .debug_line    0x000001e1      0x1c2 .\ARM_GCC_484\Debug\Cm3Start.o
 .debug_line    0x000003a3      0x1b0 .\ARM_GCC_484\Debug\CharLCD_HBar01.a(cyfitter_cfg.o)
 .debug_line    0x00000553       0xb9 .\ARM_GCC_484\Debug\CharLCD_HBar01.a(LCD_BarGraph.o)
 .debug_line    0x0000060c      0x190 .\ARM_GCC_484\Debug\CharLCD_HBar01.a(LCD.o)
 .debug_line    0x0000079c       0x7f .\ARM_GCC_484\Debug\CharLCD_HBar01.a(CyBootAsmGnu.o)
 .debug_line    0x0000081b      0x839 .\ARM_GCC_484\Debug\CharLCD_HBar01.a(CyLib.o)
 .debug_line    0x00001054      0x366 .\ARM_GCC_484\Debug\CharLCD_HBar01.a(cyPm.o)
 .debug_line    0x000013ba      0x22a .\ARM_GCC_484\Debug\CharLCD_HBar01.a(CyFlash.o)
 .debug_line    0x000015e4      0x22c .\ARM_GCC_484\Debug\CharLCD_HBar01.a(CySpc.o)

.debug_frame    0x00000000     0x12b4
 *(.debug_frame)
 .debug_frame   0x00000000       0x30 .\ARM_GCC_484\Debug\main.o
 .debug_frame   0x00000030       0xc4 .\ARM_GCC_484\Debug\Cm3Start.o
 .debug_frame   0x000000f4      0x104 .\ARM_GCC_484\Debug\CharLCD_HBar01.a(cyfitter_cfg.o)
 .debug_frame   0x000001f8       0x50 .\ARM_GCC_484\Debug\CharLCD_HBar01.a(LCD_BarGraph.o)
 .debug_frame   0x00000248      0x180 .\ARM_GCC_484\Debug\CharLCD_HBar01.a(LCD.o)
 .debug_frame   0x000003c8      0x924 .\ARM_GCC_484\Debug\CharLCD_HBar01.a(CyLib.o)
 .debug_frame   0x00000cec      0x1d0 .\ARM_GCC_484\Debug\CharLCD_HBar01.a(cyPm.o)
 .debug_frame   0x00000ebc      0x1c8 .\ARM_GCC_484\Debug\CharLCD_HBar01.a(CyFlash.o)
 .debug_frame   0x00001084      0x174 .\ARM_GCC_484\Debug\CharLCD_HBar01.a(CySpc.o)
 .debug_frame   0x000011f8       0x20 d:/software/psoc/psoc creator/3.1/psoc creator/import/gnu_cs/arm/4.8.4/bin/../lib/gcc/arm-none-eabi/4.8.4/../../../../arm-none-eabi/lib/armv7-m\libg_s.a(lib_a-errno.o)
 .debug_frame   0x00001218       0x28 d:/software/psoc/psoc creator/3.1/psoc creator/import/gnu_cs/arm/4.8.4/bin/../lib/gcc/arm-none-eabi/4.8.4/../../../../arm-none-eabi/lib/armv7-m\libg_s.a(lib_a-exit.o)
 .debug_frame   0x00001240       0x2c d:/software/psoc/psoc creator/3.1/psoc creator/import/gnu_cs/arm/4.8.4/bin/../lib/gcc/arm-none-eabi/4.8.4/../../../../arm-none-eabi/lib/armv7-m\libg_s.a(lib_a-init.o)
 .debug_frame   0x0000126c       0x28 d:/software/psoc/psoc creator/3.1/psoc creator/import/gnu_cs/arm/4.8.4/bin/../lib/gcc/arm-none-eabi/4.8.4/../../../../arm-none-eabi/lib/armv7-m\libg_s.a(lib_a-memcpy-stub.o)
 .debug_frame   0x00001294       0x20 d:/software/psoc/psoc creator/3.1/psoc creator/import/gnu_cs/arm/4.8.4/bin/../lib/gcc/arm-none-eabi/4.8.4/../../../../arm-none-eabi/lib/armv7-m\libg_s.a(lib_a-memset.o)

.debug_str      0x00000000     0x138f
 *(.debug_str)
 .debug_str     0x00000000      0x16d .\ARM_GCC_484\Debug\main.o
                                0x1ae (size before relaxing)
 .debug_str     0x0000016d       0x77 .\ARM_GCC_484\Debug\cymetadata.o
                                0x1db (size before relaxing)
 .debug_str     0x000001e4      0x13e .\ARM_GCC_484\Debug\Cm3Start.o
                                0x2bc (size before relaxing)
 .debug_str     0x00000322      0x11e .\ARM_GCC_484\Debug\CharLCD_HBar01.a(cyfitter_cfg.o)
                                0x2a2 (size before relaxing)
 .debug_str     0x00000440       0xa0 .\ARM_GCC_484\Debug\CharLCD_HBar01.a(LCD_BarGraph.o)
                                0x214 (size before relaxing)
 .debug_str     0x000004e0      0x104 .\ARM_GCC_484\Debug\CharLCD_HBar01.a(LCD.o)
                                0x2a1 (size before relaxing)
 .debug_str     0x000005e4      0x7b3 .\ARM_GCC_484\Debug\CharLCD_HBar01.a(CyLib.o)
                                0x97c (size before relaxing)
 .debug_str     0x00000d97      0x371 .\ARM_GCC_484\Debug\CharLCD_HBar01.a(cyPm.o)
                                0x50c (size before relaxing)
 .debug_str     0x00001108      0x15f .\ARM_GCC_484\Debug\CharLCD_HBar01.a(CyFlash.o)
                                0x2f3 (size before relaxing)
 .debug_str     0x00001267      0x128 .\ARM_GCC_484\Debug\CharLCD_HBar01.a(CySpc.o)
                                0x2d8 (size before relaxing)

.debug_loc
 *(.debug_loc)

.debug_macinfo
 *(.debug_macinfo)

.debug_ranges   0x00000000      0x4f0
 *(.debug_ranges)
 .debug_ranges  0x00000000       0x10 .\ARM_GCC_484\Debug\main.o
 .debug_ranges  0x00000010       0x38 .\ARM_GCC_484\Debug\Cm3Start.o
 .debug_ranges  0x00000048       0x48 .\ARM_GCC_484\Debug\CharLCD_HBar01.a(cyfitter_cfg.o)
 .debug_ranges  0x00000090       0x18 .\ARM_GCC_484\Debug\CharLCD_HBar01.a(LCD_BarGraph.o)
 .debug_ranges  0x000000a8       0x68 .\ARM_GCC_484\Debug\CharLCD_HBar01.a(LCD.o)
 .debug_ranges  0x00000110      0x280 .\ARM_GCC_484\Debug\CharLCD_HBar01.a(CyLib.o)
 .debug_ranges  0x00000390       0x80 .\ARM_GCC_484\Debug\CharLCD_HBar01.a(cyPm.o)
 .debug_ranges  0x00000410       0x78 .\ARM_GCC_484\Debug\CharLCD_HBar01.a(CyFlash.o)
 .debug_ranges  0x00000488       0x68 .\ARM_GCC_484\Debug\CharLCD_HBar01.a(CySpc.o)

.comment        0x00000000       0x70
 .comment       0x00000000       0x70 .\ARM_GCC_484\Debug\main.o
                                 0x71 (size before relaxing)
 .comment       0x00000000       0x71 .\ARM_GCC_484\Debug\cymetadata.o
 .comment       0x00000000       0x71 .\ARM_GCC_484\Debug\Cm3Start.o
 .comment       0x00000000       0x71 .\ARM_GCC_484\Debug\CharLCD_HBar01.a(cyfitter_cfg.o)
 .comment       0x00000000       0x71 .\ARM_GCC_484\Debug\CharLCD_HBar01.a(LCD_BarGraph.o)
 .comment       0x00000000       0x71 .\ARM_GCC_484\Debug\CharLCD_HBar01.a(LCD.o)
 .comment       0x00000000       0x71 .\ARM_GCC_484\Debug\CharLCD_HBar01.a(CyLib.o)
 .comment       0x00000000       0x71 .\ARM_GCC_484\Debug\CharLCD_HBar01.a(cyPm.o)
 .comment       0x00000000       0x71 .\ARM_GCC_484\Debug\CharLCD_HBar01.a(CyFlash.o)
 .comment       0x00000000       0x71 .\ARM_GCC_484\Debug\CharLCD_HBar01.a(CySpc.o)

.debug_weaknames
 *(.debug_weaknames)

.debug_funcnames
 *(.debug_funcnames)

.debug_typenames
 *(.debug_typenames)

.debug_varnames
 *(.debug_varnames)

.note.gnu.arm.ident
 *(.note.gnu.arm.ident)

.ARM.attributes
                0x00000000       0x29
 *(.ARM.attributes)
 .ARM.attributes
                0x00000000       0x1d d:/software/psoc/psoc creator/3.1/psoc creator/import/gnu_cs/arm/4.8.4/bin/../lib/gcc/arm-none-eabi/4.8.4/armv7-m/crti.o
 .ARM.attributes
                0x0000001d       0x2d d:/software/psoc/psoc creator/3.1/psoc creator/import/gnu_cs/arm/4.8.4/bin/../lib/gcc/arm-none-eabi/4.8.4/armv7-m/crtbegin.o
 .ARM.attributes
                0x0000004a       0x1b d:/software/psoc/psoc creator/3.1/psoc creator/import/gnu_cs/arm/4.8.4/bin/../lib/gcc/arm-none-eabi/4.8.4/../../../../arm-none-eabi/lib/armv7-m/crt0.o
 .ARM.attributes
                0x00000065       0x33 .\ARM_GCC_484\Debug\main.o
 .ARM.attributes
                0x00000098       0x33 .\ARM_GCC_484\Debug\cymetadata.o
 .ARM.attributes
                0x000000cb       0x33 .\ARM_GCC_484\Debug\Cm3Start.o
 .ARM.attributes
                0x000000fe       0x33 .\ARM_GCC_484\Debug\CharLCD_HBar01.a(cyfitter_cfg.o)
 .ARM.attributes
                0x00000131       0x33 .\ARM_GCC_484\Debug\CharLCD_HBar01.a(LCD_BarGraph.o)
 .ARM.attributes
                0x00000164       0x33 .\ARM_GCC_484\Debug\CharLCD_HBar01.a(LCD.o)
 .ARM.attributes
                0x00000197       0x21 .\ARM_GCC_484\Debug\CharLCD_HBar01.a(CyBootAsmGnu.o)
 .ARM.attributes
                0x000001b8       0x33 .\ARM_GCC_484\Debug\CharLCD_HBar01.a(CyLib.o)
 .ARM.attributes
                0x000001eb       0x33 .\ARM_GCC_484\Debug\CharLCD_HBar01.a(cyPm.o)
 .ARM.attributes
                0x0000021e       0x33 .\ARM_GCC_484\Debug\CharLCD_HBar01.a(CyFlash.o)
 .ARM.attributes
                0x00000251       0x33 .\ARM_GCC_484\Debug\CharLCD_HBar01.a(CySpc.o)
 .ARM.attributes
                0x00000284       0x2d d:/software/psoc/psoc creator/3.1/psoc creator/import/gnu_cs/arm/4.8.4/bin/../lib/gcc/arm-none-eabi/4.8.4/../../../../arm-none-eabi/lib/armv7-m\libg_s.a(lib_a-errno.o)
 .ARM.attributes
                0x000002b1       0x2d d:/software/psoc/psoc creator/3.1/psoc creator/import/gnu_cs/arm/4.8.4/bin/../lib/gcc/arm-none-eabi/4.8.4/../../../../arm-none-eabi/lib/armv7-m\libg_s.a(lib_a-exit.o)
 .ARM.attributes
                0x000002de       0x2d d:/software/psoc/psoc creator/3.1/psoc creator/import/gnu_cs/arm/4.8.4/bin/../lib/gcc/arm-none-eabi/4.8.4/../../../../arm-none-eabi/lib/armv7-m\libg_s.a(lib_a-impure.o)
 .ARM.attributes
                0x0000030b       0x2d d:/software/psoc/psoc creator/3.1/psoc creator/import/gnu_cs/arm/4.8.4/bin/../lib/gcc/arm-none-eabi/4.8.4/../../../../arm-none-eabi/lib/armv7-m\libg_s.a(lib_a-init.o)
 .ARM.attributes
                0x00000338       0x2d d:/software/psoc/psoc creator/3.1/psoc creator/import/gnu_cs/arm/4.8.4/bin/../lib/gcc/arm-none-eabi/4.8.4/../../../../arm-none-eabi/lib/armv7-m\libg_s.a(lib_a-memcpy-stub.o)
 .ARM.attributes
                0x00000365       0x2d d:/software/psoc/psoc creator/3.1/psoc creator/import/gnu_cs/arm/4.8.4/bin/../lib/gcc/arm-none-eabi/4.8.4/../../../../arm-none-eabi/lib/armv7-m\libg_s.a(lib_a-memset.o)
 .ARM.attributes
                0x00000392       0x2d d:/software/psoc/psoc creator/3.1/psoc creator/import/gnu_cs/arm/4.8.4/bin/../lib/gcc/arm-none-eabi/4.8.4/armv7-m/crtend.o
 .ARM.attributes
                0x000003bf       0x1d d:/software/psoc/psoc creator/3.1/psoc creator/import/gnu_cs/arm/4.8.4/bin/../lib/gcc/arm-none-eabi/4.8.4/armv7-m/crtn.o

/DISCARD/
 *(.note.GNU-stack)
OUTPUT(.\ARM_GCC_484\Debug\CharLCD_HBar01.elf elf32-littlearm)
